<!doctype html public "-//w3c//dtd html 4.0 transitional//en">
<html><head>
<title>Static Call Graph - [.\Objects\M01_A04.axf]</title></head>
<body><HR>
<H1>Static Call Graph for image .\Objects\M01_A04.axf</H1><HR>
<BR><P>#&#060CALLGRAPH&#062# ARM Linker, 5060061: Last Updated: Wed Sep 15 09:57:23 2021
<BR><P>
<H3>Maximum Stack Usage =       2372 bytes + Unknown(Cycles, Untraceable Function Pointers)</H3><H3>
Call chain for Maximum Stack Depth:</H3>
SystemInit &rArr; main &rArr; Comm_Event_Proc &rArr; Uart_Proc &rArr; JudgeSwitch2 &rArr; Freeze_Dl &rArr; SynEeprom &rArr; WriteE2WithBackup &rArr; I2C_Write_Eeprom &rArr; I2C_Write_Bottom &rArr; Sendaddr
<P>
<H3>
Mutually Recursive functions
</H3> <LI><a href="#[3]">SVC_Handler</a>&nbsp;&nbsp;&nbsp;&rArr;&nbsp;&nbsp;&nbsp;<a href="#[3]">SVC_Handler</a><BR>
 <LI><a href="#[4]">PendSV_Handler</a>&nbsp;&nbsp;&nbsp;&rArr;&nbsp;&nbsp;&nbsp;<a href="#[4]">PendSV_Handler</a><BR>
 <LI><a href="#[5]">SysTick_Handler</a>&nbsp;&nbsp;&nbsp;&rArr;&nbsp;&nbsp;&nbsp;<a href="#[5]">SysTick_Handler</a><BR>
 <LI><a href="#[b]">ADC_IRQHandler</a>&nbsp;&nbsp;&nbsp;&rArr;&nbsp;&nbsp;&nbsp;<a href="#[b]">ADC_IRQHandler</a><BR>
</UL>
<P>
<H3>
Function Pointers
</H3><UL>
 <LI><a href="#[b]">ADC_IRQHandler</a> from startup_fm32l0xx.o(.text) referenced from startup_fm32l0xx.o(RESET)
 <LI><a href="#[19]">AES_IRQHandler</a> from startup_fm32l0xx.o(.text) referenced from startup_fm32l0xx.o(RESET)
 <LI><a href="#[1e]">BT1_IRQHandler</a> from interrupt.o(i.BT1_IRQHandler) referenced from startup_fm32l0xx.o(RESET)
 <LI><a href="#[1f]">BT2_IRQHandler</a> from interrupt.o(i.BT2_IRQHandler) referenced from startup_fm32l0xx.o(RESET)
 <LI><a href="#[1d]">COMP_IRQHandler</a> from startup_fm32l0xx.o(.text) referenced from startup_fm32l0xx.o(RESET)
 <LI><a href="#[18]">DISP_IRQHandler</a> from startup_fm32l0xx.o(.text) referenced from startup_fm32l0xx.o(RESET)
 <LI><a href="#[1b]">DMA_IRQHandler</a> from startup_fm32l0xx.o(.text) referenced from startup_fm32l0xx.o(RESET)
 <LI><a href="#[20]">ETIMER1_IRQHandler</a> from startup_fm32l0xx.o(.text) referenced from startup_fm32l0xx.o(RESET)
 <LI><a href="#[21]">ETIMER2_IRQHandler</a> from interrupt.o(i.ETIMER2_IRQHandler) referenced from startup_fm32l0xx.o(RESET)
 <LI><a href="#[22]">ETIMER3_IRQHandler</a> from startup_fm32l0xx.o(.text) referenced from startup_fm32l0xx.o(RESET)
 <LI><a href="#[23]">ETIMER4_IRQHandler</a> from interrupt.o(i.ETIMER4_IRQHandler) referenced from startup_fm32l0xx.o(RESET)
 <LI><a href="#[a]">FDET_IRQHandler</a> from interrupt.o(i.FDET_IRQHandler) referenced from startup_fm32l0xx.o(RESET)
 <LI><a href="#[24]">GPIO_IRQHandler</a> from startup_fm32l0xx.o(.text) referenced from startup_fm32l0xx.o(RESET)
 <LI><a href="#[c]">HSPI_IRQHandler</a> from startup_fm32l0xx.o(.text) referenced from startup_fm32l0xx.o(RESET)
 <LI><a href="#[2]">HardFault_Handler</a> from interrupt.o(i.HardFault_Handler) referenced from startup_fm32l0xx.o(RESET)
 <LI><a href="#[17]">I2C_IRQHandler</a> from startup_fm32l0xx.o(.text) referenced from startup_fm32l0xx.o(RESET)
 <LI><a href="#[1a]">LPTIM_IRQHandler</a> from startup_fm32l0xx.o(.text) referenced from startup_fm32l0xx.o(RESET)
 <LI><a href="#[1]">NMI_Handler</a> from interrupt.o(i.NMI_Handler) referenced from startup_fm32l0xx.o(RESET)
 <LI><a href="#[9]">NVMIF_IRQHandler</a> from startup_fm32l0xx.o(.text) referenced from startup_fm32l0xx.o(RESET)
 <LI><a href="#[4]">PendSV_Handler</a> from startup_fm32l0xx.o(.text) referenced from startup_fm32l0xx.o(RESET)
 <LI><a href="#[8]">RTC_IRQHandler</a> from interrupt.o(i.RTC_IRQHandler) referenced from startup_fm32l0xx.o(RESET)
 <LI><a href="#[0]">Reset_Handler</a> from startup_fm32l0xx.o(.text) referenced from startup_fm32l0xx.o(RESET)
 <LI><a href="#[d]">SPI1_IRQHandler</a> from startup_fm32l0xx.o(.text) referenced from startup_fm32l0xx.o(RESET)
 <LI><a href="#[e]">SPI2_IRQHandler</a> from startup_fm32l0xx.o(.text) referenced from startup_fm32l0xx.o(RESET)
 <LI><a href="#[3]">SVC_Handler</a> from startup_fm32l0xx.o(.text) referenced from startup_fm32l0xx.o(RESET)
 <LI><a href="#[7]">SVD_IRQHandler</a> from interrupt.o(i.SVD_IRQHandler) referenced from startup_fm32l0xx.o(RESET)
 <LI><a href="#[5]">SysTick_Handler</a> from startup_fm32l0xx.o(.text) referenced from startup_fm32l0xx.o(RESET)
 <LI><a href="#[26]">SystemInit</a> from system_fm32l0xx3.o(i.SystemInit) referenced from startup_fm32l0xx.o(.text)
 <LI><a href="#[1c]">TRNG_IRQHandler</a> from startup_fm32l0xx.o(.text) referenced from startup_fm32l0xx.o(RESET)
 <LI><a href="#[f]">UART0_IRQHandler</a> from interrupt.o(i.UART0_IRQHandler) referenced from startup_fm32l0xx.o(RESET)
 <LI><a href="#[10]">UART1_IRQHandler</a> from interrupt.o(i.UART1_IRQHandler) referenced from startup_fm32l0xx.o(RESET)
 <LI><a href="#[11]">UART2_IRQHandler</a> from interrupt.o(i.UART2_IRQHandler) referenced from startup_fm32l0xx.o(RESET)
 <LI><a href="#[12]">UART3_IRQHandler</a> from startup_fm32l0xx.o(.text) referenced from startup_fm32l0xx.o(RESET)
 <LI><a href="#[13]">UART4_IRQHandler</a> from startup_fm32l0xx.o(.text) referenced from startup_fm32l0xx.o(RESET)
 <LI><a href="#[14]">UART5_IRQHandler</a> from interrupt.o(i.UART5_IRQHandler) referenced from startup_fm32l0xx.o(RESET)
 <LI><a href="#[15]">USART0_IRQHandler</a> from startup_fm32l0xx.o(.text) referenced from startup_fm32l0xx.o(RESET)
 <LI><a href="#[16]">USART1_IRQHandler</a> from startup_fm32l0xx.o(.text) referenced from startup_fm32l0xx.o(RESET)
 <LI><a href="#[6]">WWDT_IRQHandler</a> from interrupt.o(i.WWDT_IRQHandler) referenced from startup_fm32l0xx.o(RESET)
 <LI><a href="#[27]">__main</a> from entry.o(.ARM.Collect$$$$00000000) referenced from startup_fm32l0xx.o(.text)
 <LI><a href="#[28]">isPowerOff</a> from init.o(i.isPowerOff) referenced from u7816.o(i.ColdReset)
 <LI><a href="#[25]">main</a> from mainproc.o(i.main) referenced from entry9a.o(.ARM.Collect$$$$0000000B)
</UL>
<P>
<H3>
Global Symbols
</H3>
<P><STRONG><a name="[27]"></a>__main</STRONG> (Thumb, 0 bytes, Stack size unknown bytes, entry.o(.ARM.Collect$$$$00000000))
<BR>[Address Reference Count : 1]<UL><LI> startup_fm32l0xx.o(.text)
</UL>
<P><STRONG><a name="[1e5]"></a>_main_stk</STRONG> (Thumb, 0 bytes, Stack size unknown bytes, entry2.o(.ARM.Collect$$$$00000001))

<P><STRONG><a name="[29]"></a>_main_scatterload</STRONG> (Thumb, 0 bytes, Stack size unknown bytes, entry5.o(.ARM.Collect$$$$00000004))
<BR><BR>[Calls]<UL><LI><a href="#[2a]">&gt;&gt;</a>&nbsp;&nbsp;&nbsp;__scatterload
</UL>

<P><STRONG><a name="[4e]"></a>__main_after_scatterload</STRONG> (Thumb, 0 bytes, Stack size unknown bytes, entry5.o(.ARM.Collect$$$$00000004))
<BR><BR>[Called By]<UL><LI><a href="#[2a]">&gt;&gt;</a>&nbsp;&nbsp;&nbsp;__scatterload
</UL>

<P><STRONG><a name="[1e6]"></a>_main_clock</STRONG> (Thumb, 0 bytes, Stack size unknown bytes, entry7b.o(.ARM.Collect$$$$00000008))

<P><STRONG><a name="[1e7]"></a>_main_cpp_init</STRONG> (Thumb, 0 bytes, Stack size unknown bytes, entry8b.o(.ARM.Collect$$$$0000000A))

<P><STRONG><a name="[1e8]"></a>_main_init</STRONG> (Thumb, 0 bytes, Stack size unknown bytes, entry9a.o(.ARM.Collect$$$$0000000B))

<P><STRONG><a name="[1e9]"></a>__rt_final_cpp</STRONG> (Thumb, 0 bytes, Stack size unknown bytes, entry10a.o(.ARM.Collect$$$$0000000D))

<P><STRONG><a name="[1ea]"></a>__rt_final_exit</STRONG> (Thumb, 0 bytes, Stack size unknown bytes, entry11a.o(.ARM.Collect$$$$0000000F))

<P><STRONG><a name="[0]"></a>Reset_Handler</STRONG> (Thumb, 8 bytes, Stack size 0 bytes, startup_fm32l0xx.o(.text))
<BR>[Address Reference Count : 1]<UL><LI> startup_fm32l0xx.o(RESET)
</UL>
<P><STRONG><a name="[3]"></a>SVC_Handler</STRONG> (Thumb, 2 bytes, Stack size 0 bytes, startup_fm32l0xx.o(.text))
<BR><BR>[Calls]<UL><LI><a href="#[3]">&gt;&gt;</a>&nbsp;&nbsp;&nbsp;SVC_Handler
</UL>
<BR>[Called By]<UL><LI><a href="#[3]">&gt;&gt;</a>&nbsp;&nbsp;&nbsp;SVC_Handler
</UL>
<BR>[Address Reference Count : 1]<UL><LI> startup_fm32l0xx.o(RESET)
</UL>
<P><STRONG><a name="[4]"></a>PendSV_Handler</STRONG> (Thumb, 2 bytes, Stack size 0 bytes, startup_fm32l0xx.o(.text))
<BR><BR>[Calls]<UL><LI><a href="#[4]">&gt;&gt;</a>&nbsp;&nbsp;&nbsp;PendSV_Handler
</UL>
<BR>[Called By]<UL><LI><a href="#[4]">&gt;&gt;</a>&nbsp;&nbsp;&nbsp;PendSV_Handler
</UL>
<BR>[Address Reference Count : 1]<UL><LI> startup_fm32l0xx.o(RESET)
</UL>
<P><STRONG><a name="[5]"></a>SysTick_Handler</STRONG> (Thumb, 2 bytes, Stack size 0 bytes, startup_fm32l0xx.o(.text))
<BR><BR>[Calls]<UL><LI><a href="#[5]">&gt;&gt;</a>&nbsp;&nbsp;&nbsp;SysTick_Handler
</UL>
<BR>[Called By]<UL><LI><a href="#[5]">&gt;&gt;</a>&nbsp;&nbsp;&nbsp;SysTick_Handler
</UL>
<BR>[Address Reference Count : 1]<UL><LI> startup_fm32l0xx.o(RESET)
</UL>
<P><STRONG><a name="[b]"></a>ADC_IRQHandler</STRONG> (Thumb, 0 bytes, Stack size 0 bytes, startup_fm32l0xx.o(.text))
<BR><BR>[Calls]<UL><LI><a href="#[b]">&gt;&gt;</a>&nbsp;&nbsp;&nbsp;ADC_IRQHandler
</UL>
<BR>[Called By]<UL><LI><a href="#[b]">&gt;&gt;</a>&nbsp;&nbsp;&nbsp;ADC_IRQHandler
</UL>
<BR>[Address Reference Count : 1]<UL><LI> startup_fm32l0xx.o(RESET)
</UL>
<P><STRONG><a name="[19]"></a>AES_IRQHandler</STRONG> (Thumb, 0 bytes, Stack size 0 bytes, startup_fm32l0xx.o(.text))
<BR>[Address Reference Count : 1]<UL><LI> startup_fm32l0xx.o(RESET)
</UL>
<P><STRONG><a name="[1d]"></a>COMP_IRQHandler</STRONG> (Thumb, 0 bytes, Stack size 0 bytes, startup_fm32l0xx.o(.text))
<BR>[Address Reference Count : 1]<UL><LI> startup_fm32l0xx.o(RESET)
</UL>
<P><STRONG><a name="[18]"></a>DISP_IRQHandler</STRONG> (Thumb, 0 bytes, Stack size 0 bytes, startup_fm32l0xx.o(.text))
<BR>[Address Reference Count : 1]<UL><LI> startup_fm32l0xx.o(RESET)
</UL>
<P><STRONG><a name="[1b]"></a>DMA_IRQHandler</STRONG> (Thumb, 0 bytes, Stack size 0 bytes, startup_fm32l0xx.o(.text))
<BR>[Address Reference Count : 1]<UL><LI> startup_fm32l0xx.o(RESET)
</UL>
<P><STRONG><a name="[20]"></a>ETIMER1_IRQHandler</STRONG> (Thumb, 0 bytes, Stack size 0 bytes, startup_fm32l0xx.o(.text))
<BR>[Address Reference Count : 1]<UL><LI> startup_fm32l0xx.o(RESET)
</UL>
<P><STRONG><a name="[22]"></a>ETIMER3_IRQHandler</STRONG> (Thumb, 0 bytes, Stack size 0 bytes, startup_fm32l0xx.o(.text))
<BR>[Address Reference Count : 1]<UL><LI> startup_fm32l0xx.o(RESET)
</UL>
<P><STRONG><a name="[24]"></a>GPIO_IRQHandler</STRONG> (Thumb, 0 bytes, Stack size 0 bytes, startup_fm32l0xx.o(.text))
<BR>[Address Reference Count : 1]<UL><LI> startup_fm32l0xx.o(RESET)
</UL>
<P><STRONG><a name="[c]"></a>HSPI_IRQHandler</STRONG> (Thumb, 0 bytes, Stack size 0 bytes, startup_fm32l0xx.o(.text))
<BR>[Address Reference Count : 1]<UL><LI> startup_fm32l0xx.o(RESET)
</UL>
<P><STRONG><a name="[17]"></a>I2C_IRQHandler</STRONG> (Thumb, 0 bytes, Stack size 0 bytes, startup_fm32l0xx.o(.text))
<BR>[Address Reference Count : 1]<UL><LI> startup_fm32l0xx.o(RESET)
</UL>
<P><STRONG><a name="[1a]"></a>LPTIM_IRQHandler</STRONG> (Thumb, 0 bytes, Stack size 0 bytes, startup_fm32l0xx.o(.text))
<BR>[Address Reference Count : 1]<UL><LI> startup_fm32l0xx.o(RESET)
</UL>
<P><STRONG><a name="[9]"></a>NVMIF_IRQHandler</STRONG> (Thumb, 0 bytes, Stack size 0 bytes, startup_fm32l0xx.o(.text))
<BR>[Address Reference Count : 1]<UL><LI> startup_fm32l0xx.o(RESET)
</UL>
<P><STRONG><a name="[d]"></a>SPI1_IRQHandler</STRONG> (Thumb, 0 bytes, Stack size 0 bytes, startup_fm32l0xx.o(.text))
<BR>[Address Reference Count : 1]<UL><LI> startup_fm32l0xx.o(RESET)
</UL>
<P><STRONG><a name="[e]"></a>SPI2_IRQHandler</STRONG> (Thumb, 0 bytes, Stack size 0 bytes, startup_fm32l0xx.o(.text))
<BR>[Address Reference Count : 1]<UL><LI> startup_fm32l0xx.o(RESET)
</UL>
<P><STRONG><a name="[1c]"></a>TRNG_IRQHandler</STRONG> (Thumb, 0 bytes, Stack size 0 bytes, startup_fm32l0xx.o(.text))
<BR>[Address Reference Count : 1]<UL><LI> startup_fm32l0xx.o(RESET)
</UL>
<P><STRONG><a name="[12]"></a>UART3_IRQHandler</STRONG> (Thumb, 0 bytes, Stack size 0 bytes, startup_fm32l0xx.o(.text))
<BR>[Address Reference Count : 1]<UL><LI> startup_fm32l0xx.o(RESET)
</UL>
<P><STRONG><a name="[13]"></a>UART4_IRQHandler</STRONG> (Thumb, 0 bytes, Stack size 0 bytes, startup_fm32l0xx.o(.text))
<BR>[Address Reference Count : 1]<UL><LI> startup_fm32l0xx.o(RESET)
</UL>
<P><STRONG><a name="[15]"></a>USART0_IRQHandler</STRONG> (Thumb, 0 bytes, Stack size 0 bytes, startup_fm32l0xx.o(.text))
<BR>[Address Reference Count : 1]<UL><LI> startup_fm32l0xx.o(RESET)
</UL>
<P><STRONG><a name="[16]"></a>USART1_IRQHandler</STRONG> (Thumb, 0 bytes, Stack size 0 bytes, startup_fm32l0xx.o(.text))
<BR>[Address Reference Count : 1]<UL><LI> startup_fm32l0xx.o(RESET)
</UL>
<P><STRONG><a name="[1eb]"></a>__aeabi_uidiv</STRONG> (Thumb, 0 bytes, Stack size 12 bytes, uidiv.o(.text), UNUSED)

<P><STRONG><a name="[2c]"></a>__aeabi_uidivmod</STRONG> (Thumb, 44 bytes, Stack size 12 bytes, uidiv.o(.text))
<BR><BR>[Stack]<UL><LI>Max Depth = 12<LI>Call Chain = __aeabi_uidivmod
</UL>
<BR>[Called By]<UL><LI><a href="#[15a]">&gt;&gt;</a>&nbsp;&nbsp;&nbsp;Hex2Bcd_Dl
<LI><a href="#[94]">&gt;&gt;</a>&nbsp;&nbsp;&nbsp;GetRecAddr
<LI><a href="#[199]">&gt;&gt;</a>&nbsp;&nbsp;&nbsp;Write_Load_Point
<LI><a href="#[f5]">&gt;&gt;</a>&nbsp;&nbsp;&nbsp;Write_Event_Point
<LI><a href="#[bf]">&gt;&gt;</a>&nbsp;&nbsp;&nbsp;Read_Event_Point
<LI><a href="#[1b3]">&gt;&gt;</a>&nbsp;&nbsp;&nbsp;ReadLoadRec
<LI><a href="#[6c]">&gt;&gt;</a>&nbsp;&nbsp;&nbsp;Note_Run_Event
<LI><a href="#[198]">&gt;&gt;</a>&nbsp;&nbsp;&nbsp;Load_Judge
<LI><a href="#[fe]">&gt;&gt;</a>&nbsp;&nbsp;&nbsp;Uart_Proc
<LI><a href="#[12c]">&gt;&gt;</a>&nbsp;&nbsp;&nbsp;Read_UIP
<LI><a href="#[17c]">&gt;&gt;</a>&nbsp;&nbsp;&nbsp;Price_Judge
<LI><a href="#[16f]">&gt;&gt;</a>&nbsp;&nbsp;&nbsp;Lcd_Display
<LI><a href="#[9f]">&gt;&gt;</a>&nbsp;&nbsp;&nbsp;Calc_Pwr_Proc
<LI><a href="#[6d]">&gt;&gt;</a>&nbsp;&nbsp;&nbsp;AddNClock
<LI><a href="#[8f]">&gt;&gt;</a>&nbsp;&nbsp;&nbsp;CalLoad
<LI><a href="#[2b]">&gt;&gt;</a>&nbsp;&nbsp;&nbsp;__aeabi_idivmod
<LI><a href="#[14f]">&gt;&gt;</a>&nbsp;&nbsp;&nbsp;UIP_K
<LI><a href="#[b8]">&gt;&gt;</a>&nbsp;&nbsp;&nbsp;IxRMSOS_Adjust
<LI><a href="#[bc]">&gt;&gt;</a>&nbsp;&nbsp;&nbsp;Ib_K
<LI><a href="#[14e]">&gt;&gt;</a>&nbsp;&nbsp;&nbsp;Get_Err_Data
<LI><a href="#[f7]">&gt;&gt;</a>&nbsp;&nbsp;&nbsp;CommWriteCalData
</UL>

<P><STRONG><a name="[1ec]"></a>__aeabi_idiv</STRONG> (Thumb, 0 bytes, Stack size 16 bytes, idiv.o(.text), UNUSED)

<P><STRONG><a name="[2b]"></a>__aeabi_idivmod</STRONG> (Thumb, 40 bytes, Stack size 16 bytes, idiv.o(.text))
<BR><BR>[Stack]<UL><LI>Max Depth = 28<LI>Call Chain = __aeabi_idivmod &rArr; __aeabi_uidivmod
</UL>
<BR>[Calls]<UL><LI><a href="#[2c]">&gt;&gt;</a>&nbsp;&nbsp;&nbsp;__aeabi_uidivmod
</UL>
<BR>[Called By]<UL><LI><a href="#[148]">&gt;&gt;</a>&nbsp;&nbsp;&nbsp;SynEeprom
<LI><a href="#[70]">&gt;&gt;</a>&nbsp;&nbsp;&nbsp;Hex_To_Bcd
<LI><a href="#[93]">&gt;&gt;</a>&nbsp;&nbsp;&nbsp;GetRecNum
<LI><a href="#[94]">&gt;&gt;</a>&nbsp;&nbsp;&nbsp;GetRecAddr
<LI><a href="#[f5]">&gt;&gt;</a>&nbsp;&nbsp;&nbsp;Write_Event_Point
<LI><a href="#[bf]">&gt;&gt;</a>&nbsp;&nbsp;&nbsp;Read_Event_Point
<LI><a href="#[1ae]">&gt;&gt;</a>&nbsp;&nbsp;&nbsp;Read_Event_Number
<LI><a href="#[6b]">&gt;&gt;</a>&nbsp;&nbsp;&nbsp;Event_Record
<LI><a href="#[c7]">&gt;&gt;</a>&nbsp;&nbsp;&nbsp;ClrRecTimes
<LI><a href="#[fe]">&gt;&gt;</a>&nbsp;&nbsp;&nbsp;Uart_Proc
<LI><a href="#[1bb]">&gt;&gt;</a>&nbsp;&nbsp;&nbsp;Reset
<LI><a href="#[175]">&gt;&gt;</a>&nbsp;&nbsp;&nbsp;Timezone_Judge
<LI><a href="#[16f]">&gt;&gt;</a>&nbsp;&nbsp;&nbsp;Lcd_Display
<LI><a href="#[17a]">&gt;&gt;</a>&nbsp;&nbsp;&nbsp;Powerd_Data_Process
<LI><a href="#[1c9]">&gt;&gt;</a>&nbsp;&nbsp;&nbsp;UpdateEepromKey
<LI><a href="#[109]">&gt;&gt;</a>&nbsp;&nbsp;&nbsp;Config_Shiduan_Process
<LI><a href="#[1ac]">&gt;&gt;</a>&nbsp;&nbsp;&nbsp;RdHisEvent
<LI><a href="#[ee]">&gt;&gt;</a>&nbsp;&nbsp;&nbsp;CommSetRtc
</UL>

<P><STRONG><a name="[2d]"></a>__aeabi_uldivmod</STRONG> (Thumb, 96 bytes, Stack size 48 bytes, uldiv.o(.text))
<BR><BR>[Stack]<UL><LI>Max Depth = 56<LI>Call Chain = __aeabi_uldivmod &rArr; __aeabi_llsr
</UL>
<BR>[Calls]<UL><LI><a href="#[2e]">&gt;&gt;</a>&nbsp;&nbsp;&nbsp;__aeabi_llsr
<LI><a href="#[2f]">&gt;&gt;</a>&nbsp;&nbsp;&nbsp;__aeabi_llsl
</UL>
<BR>[Called By]<UL><LI><a href="#[a9]">&gt;&gt;</a>&nbsp;&nbsp;&nbsp;Hex2Bcd
<LI><a href="#[30]">&gt;&gt;</a>&nbsp;&nbsp;&nbsp;__aeabi_ldivmod
</UL>

<P><STRONG><a name="[30]"></a>__aeabi_ldivmod</STRONG> (Thumb, 76 bytes, Stack size 24 bytes, ldiv.o(.text))
<BR><BR>[Stack]<UL><LI>Max Depth = 80<LI>Call Chain = __aeabi_ldivmod &rArr; __aeabi_uldivmod &rArr; __aeabi_llsr
</UL>
<BR>[Calls]<UL><LI><a href="#[2d]">&gt;&gt;</a>&nbsp;&nbsp;&nbsp;__aeabi_uldivmod
</UL>
<BR>[Called By]<UL><LI><a href="#[15a]">&gt;&gt;</a>&nbsp;&nbsp;&nbsp;Hex2Bcd_Dl
<LI><a href="#[a6]">&gt;&gt;</a>&nbsp;&nbsp;&nbsp;Calculate_Dl_G
<LI><a href="#[fc]">&gt;&gt;</a>&nbsp;&nbsp;&nbsp;Comm_Calculate_Dl
<LI><a href="#[fa]">&gt;&gt;</a>&nbsp;&nbsp;&nbsp;Comm_Calculate_Comp_Rp
</UL>

<P><STRONG><a name="[31]"></a>__aeabi_lmul</STRONG> (Thumb, 122 bytes, Stack size 64 bytes, llmul.o(.text))
<BR><BR>[Stack]<UL><LI>Max Depth = 72<LI>Call Chain = __aeabi_lmul &rArr; __aeabi_llsl
</UL>
<BR>[Calls]<UL><LI><a href="#[2f]">&gt;&gt;</a>&nbsp;&nbsp;&nbsp;__aeabi_llsl
</UL>
<BR>[Called By]<UL><LI><a href="#[15a]">&gt;&gt;</a>&nbsp;&nbsp;&nbsp;Hex2Bcd_Dl
<LI><a href="#[81]">&gt;&gt;</a>&nbsp;&nbsp;&nbsp;Bcd2Hex
<LI><a href="#[a6]">&gt;&gt;</a>&nbsp;&nbsp;&nbsp;Calculate_Dl_G
<LI><a href="#[fa]">&gt;&gt;</a>&nbsp;&nbsp;&nbsp;Comm_Calculate_Comp_Rp
</UL>

<P><STRONG><a name="[1ed]"></a>_ll_mul</STRONG> (Thumb, 0 bytes, Stack size 64 bytes, llmul.o(.text), UNUSED)

<P><STRONG><a name="[2f]"></a>__aeabi_llsl</STRONG> (Thumb, 32 bytes, Stack size 8 bytes, llshl.o(.text))
<BR><BR>[Stack]<UL><LI>Max Depth = 8<LI>Call Chain = __aeabi_llsl
</UL>
<BR>[Called By]<UL><LI><a href="#[a9]">&gt;&gt;</a>&nbsp;&nbsp;&nbsp;Hex2Bcd
<LI><a href="#[3b]">&gt;&gt;</a>&nbsp;&nbsp;&nbsp;__aeabi_dadd
<LI><a href="#[4b]">&gt;&gt;</a>&nbsp;&nbsp;&nbsp;__aeabi_d2ulz
<LI><a href="#[4a]">&gt;&gt;</a>&nbsp;&nbsp;&nbsp;__aeabi_d2lz
<LI><a href="#[3d]">&gt;&gt;</a>&nbsp;&nbsp;&nbsp;_double_epilogue
<LI><a href="#[31]">&gt;&gt;</a>&nbsp;&nbsp;&nbsp;__aeabi_lmul
<LI><a href="#[2d]">&gt;&gt;</a>&nbsp;&nbsp;&nbsp;__aeabi_uldivmod
</UL>

<P><STRONG><a name="[1ee]"></a>_ll_shift_l</STRONG> (Thumb, 0 bytes, Stack size 8 bytes, llshl.o(.text), UNUSED)

<P><STRONG><a name="[2e]"></a>__aeabi_llsr</STRONG> (Thumb, 34 bytes, Stack size 8 bytes, llushr.o(.text))
<BR><BR>[Stack]<UL><LI>Max Depth = 8<LI>Call Chain = __aeabi_llsr
</UL>
<BR>[Called By]<UL><LI><a href="#[11c]">&gt;&gt;</a>&nbsp;&nbsp;&nbsp;Disp_Dl_G_Dot
<LI><a href="#[49]">&gt;&gt;</a>&nbsp;&nbsp;&nbsp;__aeabi_d2uiz
<LI><a href="#[81]">&gt;&gt;</a>&nbsp;&nbsp;&nbsp;Bcd2Hex
<LI><a href="#[4b]">&gt;&gt;</a>&nbsp;&nbsp;&nbsp;__aeabi_d2ulz
<LI><a href="#[4a]">&gt;&gt;</a>&nbsp;&nbsp;&nbsp;__aeabi_d2lz
<LI><a href="#[3d]">&gt;&gt;</a>&nbsp;&nbsp;&nbsp;_double_epilogue
<LI><a href="#[2d]">&gt;&gt;</a>&nbsp;&nbsp;&nbsp;__aeabi_uldivmod
<LI><a href="#[48]">&gt;&gt;</a>&nbsp;&nbsp;&nbsp;__aeabi_d2iz
</UL>

<P><STRONG><a name="[1ef]"></a>_ll_ushift_r</STRONG> (Thumb, 0 bytes, Stack size 8 bytes, llushr.o(.text), UNUSED)

<P><STRONG><a name="[55]"></a>__aeabi_memcpy</STRONG> (Thumb, 36 bytes, Stack size 0 bytes, memcpya.o(.text))
<BR><BR>[Called By]<UL><LI><a href="#[cf]">&gt;&gt;</a>&nbsp;&nbsp;&nbsp;Wr_Powerdown_Data
<LI><a href="#[148]">&gt;&gt;</a>&nbsp;&nbsp;&nbsp;SynEeprom
<LI><a href="#[b5]">&gt;&gt;</a>&nbsp;&nbsp;&nbsp;I2C_Write_Eeprom
<LI><a href="#[99]">&gt;&gt;</a>&nbsp;&nbsp;&nbsp;Hex2Bcd_Dl_G
<LI><a href="#[15a]">&gt;&gt;</a>&nbsp;&nbsp;&nbsp;Hex2Bcd_Dl
<LI><a href="#[93]">&gt;&gt;</a>&nbsp;&nbsp;&nbsp;GetRecNum
<LI><a href="#[94]">&gt;&gt;</a>&nbsp;&nbsp;&nbsp;GetRecAddr
<LI><a href="#[a5]">&gt;&gt;</a>&nbsp;&nbsp;&nbsp;Calculate_Ah
<LI><a href="#[92]">&gt;&gt;</a>&nbsp;&nbsp;&nbsp;Cal_Comb
<LI><a href="#[91]">&gt;&gt;</a>&nbsp;&nbsp;&nbsp;CalZhuhe
<LI><a href="#[199]">&gt;&gt;</a>&nbsp;&nbsp;&nbsp;Write_Load_Point
<LI><a href="#[f5]">&gt;&gt;</a>&nbsp;&nbsp;&nbsp;Write_Event_Point
<LI><a href="#[19c]">&gt;&gt;</a>&nbsp;&nbsp;&nbsp;Read_Uip_Data
<LI><a href="#[bf]">&gt;&gt;</a>&nbsp;&nbsp;&nbsp;Read_Event_Point
<LI><a href="#[1b3]">&gt;&gt;</a>&nbsp;&nbsp;&nbsp;ReadLoadRec
<LI><a href="#[6c]">&gt;&gt;</a>&nbsp;&nbsp;&nbsp;Note_Run_Event
<LI><a href="#[198]">&gt;&gt;</a>&nbsp;&nbsp;&nbsp;Load_Judge
<LI><a href="#[cb]">&gt;&gt;</a>&nbsp;&nbsp;&nbsp;Four_RpdltoEepromBuf
<LI><a href="#[6b]">&gt;&gt;</a>&nbsp;&nbsp;&nbsp;Event_Record
<LI><a href="#[69]">&gt;&gt;</a>&nbsp;&nbsp;&nbsp;DltoEepromBuf
<LI><a href="#[6a]">&gt;&gt;</a>&nbsp;&nbsp;&nbsp;Comp_RpdltoEepromBuf
<LI><a href="#[c2]">&gt;&gt;</a>&nbsp;&nbsp;&nbsp;ClearPloadRec
<LI><a href="#[fe]">&gt;&gt;</a>&nbsp;&nbsp;&nbsp;Uart_Proc
<LI><a href="#[97]">&gt;&gt;</a>&nbsp;&nbsp;&nbsp;Cal_Comb_Usedl
<LI><a href="#[11c]">&gt;&gt;</a>&nbsp;&nbsp;&nbsp;Disp_Dl_G_Dot
<LI><a href="#[106]">&gt;&gt;</a>&nbsp;&nbsp;&nbsp;UpdateSysPara
<LI><a href="#[1bd]">&gt;&gt;</a>&nbsp;&nbsp;&nbsp;SCover_Check
<LI><a href="#[185]">&gt;&gt;</a>&nbsp;&nbsp;&nbsp;Judge_MeterId
<LI><a href="#[184]">&gt;&gt;</a>&nbsp;&nbsp;&nbsp;Judge_645_Frame
<LI><a href="#[10a]">&gt;&gt;</a>&nbsp;&nbsp;&nbsp;Configure_Register_Sleep
<LI><a href="#[175]">&gt;&gt;</a>&nbsp;&nbsp;&nbsp;Timezone_Judge
<LI><a href="#[174]">&gt;&gt;</a>&nbsp;&nbsp;&nbsp;Read_Sysclock
<LI><a href="#[17c]">&gt;&gt;</a>&nbsp;&nbsp;&nbsp;Price_Judge
<LI><a href="#[1a9]">&gt;&gt;</a>&nbsp;&nbsp;&nbsp;Pd_Hourfreeze_Judge
<LI><a href="#[17b]">&gt;&gt;</a>&nbsp;&nbsp;&nbsp;Pd_Histroyfreeze_Judge
<LI><a href="#[1a8]">&gt;&gt;</a>&nbsp;&nbsp;&nbsp;Pd_Calculate_Judge
<LI><a href="#[172]">&gt;&gt;</a>&nbsp;&nbsp;&nbsp;Mode_Verify
<LI><a href="#[16f]">&gt;&gt;</a>&nbsp;&nbsp;&nbsp;Lcd_Display
<LI><a href="#[b6]">&gt;&gt;</a>&nbsp;&nbsp;&nbsp;Freeze_Dl
<LI><a href="#[d4]">&gt;&gt;</a>&nbsp;&nbsp;&nbsp;EsamReset
<LI><a href="#[120]">&gt;&gt;</a>&nbsp;&nbsp;&nbsp;Display_Para_Verify
<LI><a href="#[101]">&gt;&gt;</a>&nbsp;&nbsp;&nbsp;Commaddr_Verify
<LI><a href="#[17a]">&gt;&gt;</a>&nbsp;&nbsp;&nbsp;Powerd_Data_Process
<LI><a href="#[171]">&gt;&gt;</a>&nbsp;&nbsp;&nbsp;Note_Reset_Number
<LI><a href="#[5b]">&gt;&gt;</a>&nbsp;&nbsp;&nbsp;Adc_Proc
<LI><a href="#[115]">&gt;&gt;</a>&nbsp;&nbsp;&nbsp;WriteBinWithMac
<LI><a href="#[1c9]">&gt;&gt;</a>&nbsp;&nbsp;&nbsp;UpdateEepromKey
<LI><a href="#[1ce]">&gt;&gt;</a>&nbsp;&nbsp;&nbsp;UpdateBinFile
<LI><a href="#[1ca]">&gt;&gt;</a>&nbsp;&nbsp;&nbsp;UpdataRunFile
<LI><a href="#[7d]">&gt;&gt;</a>&nbsp;&nbsp;&nbsp;ReadRandom
<LI><a href="#[156]">&gt;&gt;</a>&nbsp;&nbsp;&nbsp;ReadBinWithMac
<LI><a href="#[133]">&gt;&gt;</a>&nbsp;&nbsp;&nbsp;Factory_Init
<LI><a href="#[c6]">&gt;&gt;</a>&nbsp;&nbsp;&nbsp;Clear_Meter
<LI><a href="#[9a]">&gt;&gt;</a>&nbsp;&nbsp;&nbsp;Cal_Mac_Pro
<LI><a href="#[7a]">&gt;&gt;</a>&nbsp;&nbsp;&nbsp;Authorization
<LI><a href="#[77]">&gt;&gt;</a>&nbsp;&nbsp;&nbsp;Auth_In_Out
<LI><a href="#[1c5]">&gt;&gt;</a>&nbsp;&nbsp;&nbsp;feik_Num_Verify
<LI><a href="#[1c6]">&gt;&gt;</a>&nbsp;&nbsp;&nbsp;Week_Holiday_Verify
<LI><a href="#[138]">&gt;&gt;</a>&nbsp;&nbsp;&nbsp;Sequence
<LI><a href="#[145]">&gt;&gt;</a>&nbsp;&nbsp;&nbsp;Freeze_Change_Judge
<LI><a href="#[8b]">&gt;&gt;</a>&nbsp;&nbsp;&nbsp;Ble_Init
<LI><a href="#[12f]">&gt;&gt;</a>&nbsp;&nbsp;&nbsp;Esam_Para_Verify
<LI><a href="#[18d]">&gt;&gt;</a>&nbsp;&nbsp;&nbsp;VolPassRate
<LI><a href="#[ca]">&gt;&gt;</a>&nbsp;&nbsp;&nbsp;Process_Usedl
<LI><a href="#[14b]">&gt;&gt;</a>&nbsp;&nbsp;&nbsp;Hour_Freeze_Dl
<LI><a href="#[14c]">&gt;&gt;</a>&nbsp;&nbsp;&nbsp;Histroy_Freeze_Dl
<LI><a href="#[a7]">&gt;&gt;</a>&nbsp;&nbsp;&nbsp;Calculate_Overflow
<LI><a href="#[a6]">&gt;&gt;</a>&nbsp;&nbsp;&nbsp;Calculate_Dl_G
<LI><a href="#[8f]">&gt;&gt;</a>&nbsp;&nbsp;&nbsp;CalLoad
<LI><a href="#[f9]">&gt;&gt;</a>&nbsp;&nbsp;&nbsp;Read_UIPF
<LI><a href="#[b9]">&gt;&gt;</a>&nbsp;&nbsp;&nbsp;Gain_Adjust
<LI><a href="#[4f]">&gt;&gt;</a>&nbsp;&nbsp;&nbsp;ATT7051SPIOp
<LI><a href="#[125]">&gt;&gt;</a>&nbsp;&nbsp;&nbsp;Dl_Check
<LI><a href="#[1c8]">&gt;&gt;</a>&nbsp;&nbsp;&nbsp;Yc_Auth
<LI><a href="#[1c1]">&gt;&gt;</a>&nbsp;&nbsp;&nbsp;ShiquRecord
<LI><a href="#[1b9]">&gt;&gt;</a>&nbsp;&nbsp;&nbsp;ReportProc
<LI><a href="#[1b6]">&gt;&gt;</a>&nbsp;&nbsp;&nbsp;Ready_Reportdata
<LI><a href="#[1b2]">&gt;&gt;</a>&nbsp;&nbsp;&nbsp;ReadFreezedRec
<LI><a href="#[1b0]">&gt;&gt;</a>&nbsp;&nbsp;&nbsp;Rd_Relay_Buy_Rec
<LI><a href="#[1af]">&gt;&gt;</a>&nbsp;&nbsp;&nbsp;RdHisPd
<LI><a href="#[1ac]">&gt;&gt;</a>&nbsp;&nbsp;&nbsp;RdHisEvent
<LI><a href="#[1ab]">&gt;&gt;</a>&nbsp;&nbsp;&nbsp;ProgramRecord
<LI><a href="#[189]">&gt;&gt;</a>&nbsp;&nbsp;&nbsp;Judge_Min_Space
<LI><a href="#[17f]">&gt;&gt;</a>&nbsp;&nbsp;&nbsp;JTRecord
<LI><a href="#[151]">&gt;&gt;</a>&nbsp;&nbsp;&nbsp;GetLcdNo
<LI><a href="#[fc]">&gt;&gt;</a>&nbsp;&nbsp;&nbsp;Comm_Calculate_Dl
<LI><a href="#[fa]">&gt;&gt;</a>&nbsp;&nbsp;&nbsp;Comm_Calculate_Comp_Rp
<LI><a href="#[f2]">&gt;&gt;</a>&nbsp;&nbsp;&nbsp;CommSetRtc_Adj
<LI><a href="#[ee]">&gt;&gt;</a>&nbsp;&nbsp;&nbsp;CommSetRtc
<LI><a href="#[89]">&gt;&gt;</a>&nbsp;&nbsp;&nbsp;Ble_Chk_Heart
</UL>

<P><STRONG><a name="[82]"></a>__aeabi_memcpy4</STRONG> (Thumb, 0 bytes, Stack size 0 bytes, memcpya.o(.text))
<BR><BR>[Called By]<UL><LI><a href="#[148]">&gt;&gt;</a>&nbsp;&nbsp;&nbsp;SynEeprom
<LI><a href="#[92]">&gt;&gt;</a>&nbsp;&nbsp;&nbsp;Cal_Comb
<LI><a href="#[1b3]">&gt;&gt;</a>&nbsp;&nbsp;&nbsp;ReadLoadRec
<LI><a href="#[c4]">&gt;&gt;</a>&nbsp;&nbsp;&nbsp;FindSpecPos
<LI><a href="#[c2]">&gt;&gt;</a>&nbsp;&nbsp;&nbsp;ClearPloadRec
<LI><a href="#[fe]">&gt;&gt;</a>&nbsp;&nbsp;&nbsp;Uart_Proc
<LI><a href="#[1a9]">&gt;&gt;</a>&nbsp;&nbsp;&nbsp;Pd_Hourfreeze_Judge
<LI><a href="#[1a8]">&gt;&gt;</a>&nbsp;&nbsp;&nbsp;Pd_Calculate_Judge
<LI><a href="#[17a]">&gt;&gt;</a>&nbsp;&nbsp;&nbsp;Powerd_Data_Process
<LI><a href="#[81]">&gt;&gt;</a>&nbsp;&nbsp;&nbsp;Bcd2Hex
<LI><a href="#[ca]">&gt;&gt;</a>&nbsp;&nbsp;&nbsp;Process_Usedl
<LI><a href="#[59]">&gt;&gt;</a>&nbsp;&nbsp;&nbsp;Emu_Reg_Verify
<LI><a href="#[f8]">&gt;&gt;</a>&nbsp;&nbsp;&nbsp;Comm_Write_Reg
<LI><a href="#[b7]">&gt;&gt;</a>&nbsp;&nbsp;&nbsp;Check_Err_Pro
<LI><a href="#[1b2]">&gt;&gt;</a>&nbsp;&nbsp;&nbsp;ReadFreezedRec
<LI><a href="#[1b0]">&gt;&gt;</a>&nbsp;&nbsp;&nbsp;Rd_Relay_Buy_Rec
</UL>

<P><STRONG><a name="[1f0]"></a>__aeabi_memcpy8</STRONG> (Thumb, 0 bytes, Stack size 0 bytes, memcpya.o(.text), UNUSED)

<P><STRONG><a name="[33]"></a>__aeabi_memset</STRONG> (Thumb, 14 bytes, Stack size 0 bytes, memseta.o(.text))
<BR><BR>[Called By]<UL><LI><a href="#[1b3]">&gt;&gt;</a>&nbsp;&nbsp;&nbsp;ReadLoadRec
<LI><a href="#[6c]">&gt;&gt;</a>&nbsp;&nbsp;&nbsp;Note_Run_Event
<LI><a href="#[fe]">&gt;&gt;</a>&nbsp;&nbsp;&nbsp;Uart_Proc
<LI><a href="#[103]">&gt;&gt;</a>&nbsp;&nbsp;&nbsp;Commmodule_Check
<LI><a href="#[10a]">&gt;&gt;</a>&nbsp;&nbsp;&nbsp;Configure_Register_Sleep
<LI><a href="#[16f]">&gt;&gt;</a>&nbsp;&nbsp;&nbsp;Lcd_Display
<LI><a href="#[61]">&gt;&gt;</a>&nbsp;&nbsp;&nbsp;Fill_RTC_RT_TAdc
<LI><a href="#[133]">&gt;&gt;</a>&nbsp;&nbsp;&nbsp;Factory_Init
<LI><a href="#[12f]">&gt;&gt;</a>&nbsp;&nbsp;&nbsp;Esam_Para_Verify
<LI><a href="#[34]">&gt;&gt;</a>&nbsp;&nbsp;&nbsp;_memset$wrapper
<LI><a href="#[32]">&gt;&gt;</a>&nbsp;&nbsp;&nbsp;__aeabi_memclr
<LI><a href="#[b7]">&gt;&gt;</a>&nbsp;&nbsp;&nbsp;Check_Err_Pro
<LI><a href="#[1b2]">&gt;&gt;</a>&nbsp;&nbsp;&nbsp;ReadFreezedRec
<LI><a href="#[1b0]">&gt;&gt;</a>&nbsp;&nbsp;&nbsp;Rd_Relay_Buy_Rec
<LI><a href="#[1ac]">&gt;&gt;</a>&nbsp;&nbsp;&nbsp;RdHisEvent
<LI><a href="#[1ab]">&gt;&gt;</a>&nbsp;&nbsp;&nbsp;ProgramRecord
</UL>

<P><STRONG><a name="[1f1]"></a>__aeabi_memset4</STRONG> (Thumb, 0 bytes, Stack size 0 bytes, memseta.o(.text), UNUSED)

<P><STRONG><a name="[1f2]"></a>__aeabi_memset8</STRONG> (Thumb, 0 bytes, Stack size 0 bytes, memseta.o(.text), UNUSED)

<P><STRONG><a name="[32]"></a>__aeabi_memclr</STRONG> (Thumb, 4 bytes, Stack size 0 bytes, memseta.o(.text))
<BR><BR>[Calls]<UL><LI><a href="#[33]">&gt;&gt;</a>&nbsp;&nbsp;&nbsp;__aeabi_memset
</UL>
<BR>[Called By]<UL><LI><a href="#[13c]">&gt;&gt;</a>&nbsp;&nbsp;&nbsp;FlashID_Comm
<LI><a href="#[e6]">&gt;&gt;</a>&nbsp;&nbsp;&nbsp;Clr_Otherdata
<LI><a href="#[92]">&gt;&gt;</a>&nbsp;&nbsp;&nbsp;Cal_Comb
<LI><a href="#[1b3]">&gt;&gt;</a>&nbsp;&nbsp;&nbsp;ReadLoadRec
<LI><a href="#[6c]">&gt;&gt;</a>&nbsp;&nbsp;&nbsp;Note_Run_Event
<LI><a href="#[c7]">&gt;&gt;</a>&nbsp;&nbsp;&nbsp;ClrRecTimes
<LI><a href="#[c2]">&gt;&gt;</a>&nbsp;&nbsp;&nbsp;ClearPloadRec
<LI><a href="#[fe]">&gt;&gt;</a>&nbsp;&nbsp;&nbsp;Uart_Proc
<LI><a href="#[97]">&gt;&gt;</a>&nbsp;&nbsp;&nbsp;Cal_Comb_Usedl
<LI><a href="#[135]">&gt;&gt;</a>&nbsp;&nbsp;&nbsp;Temperpara_Verify
<LI><a href="#[174]">&gt;&gt;</a>&nbsp;&nbsp;&nbsp;Read_Sysclock
<LI><a href="#[17c]">&gt;&gt;</a>&nbsp;&nbsp;&nbsp;Price_Judge
<LI><a href="#[101]">&gt;&gt;</a>&nbsp;&nbsp;&nbsp;Commaddr_Verify
<LI><a href="#[1c9]">&gt;&gt;</a>&nbsp;&nbsp;&nbsp;UpdateEepromKey
<LI><a href="#[c6]">&gt;&gt;</a>&nbsp;&nbsp;&nbsp;Clear_Meter
<LI><a href="#[79]">&gt;&gt;</a>&nbsp;&nbsp;&nbsp;CardTxRxFrame
<LI><a href="#[af]">&gt;&gt;</a>&nbsp;&nbsp;&nbsp;Changecontrol_Process
<LI><a href="#[d3]">&gt;&gt;</a>&nbsp;&nbsp;&nbsp;Clear_Rand_Gene
<LI><a href="#[8c]">&gt;&gt;</a>&nbsp;&nbsp;&nbsp;Ble_Rst
<LI><a href="#[12f]">&gt;&gt;</a>&nbsp;&nbsp;&nbsp;Esam_Para_Verify
<LI><a href="#[f8]">&gt;&gt;</a>&nbsp;&nbsp;&nbsp;Comm_Write_Reg
<LI><a href="#[b7]">&gt;&gt;</a>&nbsp;&nbsp;&nbsp;Check_Err_Pro
<LI><a href="#[1b6]">&gt;&gt;</a>&nbsp;&nbsp;&nbsp;Ready_Reportdata
<LI><a href="#[1b0]">&gt;&gt;</a>&nbsp;&nbsp;&nbsp;Rd_Relay_Buy_Rec
<LI><a href="#[1af]">&gt;&gt;</a>&nbsp;&nbsp;&nbsp;RdHisPd
<LI><a href="#[1ac]">&gt;&gt;</a>&nbsp;&nbsp;&nbsp;RdHisEvent
</UL>

<P><STRONG><a name="[96]"></a>__aeabi_memclr4</STRONG> (Thumb, 0 bytes, Stack size 0 bytes, memseta.o(.text))
<BR><BR>[Called By]<UL><LI><a href="#[cf]">&gt;&gt;</a>&nbsp;&nbsp;&nbsp;Wr_Powerdown_Data
<LI><a href="#[e7]">&gt;&gt;</a>&nbsp;&nbsp;&nbsp;Save_Keep_Timer
<LI><a href="#[90]">&gt;&gt;</a>&nbsp;&nbsp;&nbsp;InitVolSts
<LI><a href="#[94]">&gt;&gt;</a>&nbsp;&nbsp;&nbsp;GetRecAddr
<LI><a href="#[e6]">&gt;&gt;</a>&nbsp;&nbsp;&nbsp;Clr_Otherdata
<LI><a href="#[92]">&gt;&gt;</a>&nbsp;&nbsp;&nbsp;Cal_Comb
<LI><a href="#[1b3]">&gt;&gt;</a>&nbsp;&nbsp;&nbsp;ReadLoadRec
<LI><a href="#[c7]">&gt;&gt;</a>&nbsp;&nbsp;&nbsp;ClrRecTimes
<LI><a href="#[12c]">&gt;&gt;</a>&nbsp;&nbsp;&nbsp;Read_UIP
<LI><a href="#[1c2]">&gt;&gt;</a>&nbsp;&nbsp;&nbsp;Store_Data
<LI><a href="#[16f]">&gt;&gt;</a>&nbsp;&nbsp;&nbsp;Lcd_Display
<LI><a href="#[62]">&gt;&gt;</a>&nbsp;&nbsp;&nbsp;Fill_RTC_RT_TVal
<LI><a href="#[171]">&gt;&gt;</a>&nbsp;&nbsp;&nbsp;Note_Reset_Number
<LI><a href="#[d2]">&gt;&gt;</a>&nbsp;&nbsp;&nbsp;Clear_Nv_Ram
<LI><a href="#[133]">&gt;&gt;</a>&nbsp;&nbsp;&nbsp;Factory_Init
<LI><a href="#[c6]">&gt;&gt;</a>&nbsp;&nbsp;&nbsp;Clear_Meter
<LI><a href="#[131]">&gt;&gt;</a>&nbsp;&nbsp;&nbsp;FailKey
<LI><a href="#[ca]">&gt;&gt;</a>&nbsp;&nbsp;&nbsp;Process_Usedl
<LI><a href="#[1b2]">&gt;&gt;</a>&nbsp;&nbsp;&nbsp;ReadFreezedRec
</UL>

<P><STRONG><a name="[1f3]"></a>__aeabi_memclr8</STRONG> (Thumb, 0 bytes, Stack size 0 bytes, memseta.o(.text), UNUSED)

<P><STRONG><a name="[34]"></a>_memset$wrapper</STRONG> (Thumb, 18 bytes, Stack size 8 bytes, memseta.o(.text), UNUSED)
<BR><BR>[Calls]<UL><LI><a href="#[33]">&gt;&gt;</a>&nbsp;&nbsp;&nbsp;__aeabi_memset
</UL>

<P><STRONG><a name="[35]"></a>__aeabi_fadd</STRONG> (Thumb, 162 bytes, Stack size 24 bytes, fadd.o(.text))
<BR><BR>[Stack]<UL><LI>Max Depth = 36<LI>Call Chain = __aeabi_fadd &rArr; _float_epilogue
</UL>
<BR>[Calls]<UL><LI><a href="#[37]">&gt;&gt;</a>&nbsp;&nbsp;&nbsp;_float_round
<LI><a href="#[36]">&gt;&gt;</a>&nbsp;&nbsp;&nbsp;_float_epilogue
</UL>
<BR>[Called By]<UL><LI><a href="#[12c]">&gt;&gt;</a>&nbsp;&nbsp;&nbsp;Read_UIP
<LI><a href="#[38]">&gt;&gt;</a>&nbsp;&nbsp;&nbsp;__aeabi_fsub
<LI><a href="#[39]">&gt;&gt;</a>&nbsp;&nbsp;&nbsp;__aeabi_frsub
<LI><a href="#[63]">&gt;&gt;</a>&nbsp;&nbsp;&nbsp;GetRtcRTrimVal
<LI><a href="#[5b]">&gt;&gt;</a>&nbsp;&nbsp;&nbsp;Adc_Proc
<LI><a href="#[b9]">&gt;&gt;</a>&nbsp;&nbsp;&nbsp;Gain_Adjust
</UL>

<P><STRONG><a name="[38]"></a>__aeabi_fsub</STRONG> (Thumb, 8 bytes, Stack size 0 bytes, fadd.o(.text))
<BR><BR>[Stack]<UL><LI>Max Depth = 36<LI>Call Chain = __aeabi_fsub &rArr; __aeabi_fadd &rArr; _float_epilogue
</UL>
<BR>[Calls]<UL><LI><a href="#[35]">&gt;&gt;</a>&nbsp;&nbsp;&nbsp;__aeabi_fadd
</UL>
<BR>[Called By]<UL><LI><a href="#[63]">&gt;&gt;</a>&nbsp;&nbsp;&nbsp;GetRtcRTrimVal
<LI><a href="#[67]">&gt;&gt;</a>&nbsp;&nbsp;&nbsp;Clk_Adj_Proc
<LI><a href="#[5b]">&gt;&gt;</a>&nbsp;&nbsp;&nbsp;Adc_Proc
<LI><a href="#[14e]">&gt;&gt;</a>&nbsp;&nbsp;&nbsp;Get_Err_Data
<LI><a href="#[b9]">&gt;&gt;</a>&nbsp;&nbsp;&nbsp;Gain_Adjust
</UL>

<P><STRONG><a name="[39]"></a>__aeabi_frsub</STRONG> (Thumb, 8 bytes, Stack size 0 bytes, fadd.o(.text))
<BR><BR>[Stack]<UL><LI>Max Depth = 36<LI>Call Chain = __aeabi_frsub &rArr; __aeabi_fadd &rArr; _float_epilogue
</UL>
<BR>[Calls]<UL><LI><a href="#[35]">&gt;&gt;</a>&nbsp;&nbsp;&nbsp;__aeabi_fadd
</UL>
<BR>[Called By]<UL><LI><a href="#[63]">&gt;&gt;</a>&nbsp;&nbsp;&nbsp;GetRtcRTrimVal
<LI><a href="#[5b]">&gt;&gt;</a>&nbsp;&nbsp;&nbsp;Adc_Proc
</UL>

<P><STRONG><a name="[5e]"></a>__aeabi_fmul</STRONG> (Thumb, 122 bytes, Stack size 16 bytes, fmul.o(.text))
<BR><BR>[Stack]<UL><LI>Max Depth = 16<LI>Call Chain = __aeabi_fmul
</UL>
<BR>[Called By]<UL><LI><a href="#[12d]">&gt;&gt;</a>&nbsp;&nbsp;&nbsp;Judge_Uip_Data
<LI><a href="#[63]">&gt;&gt;</a>&nbsp;&nbsp;&nbsp;GetRtcRTrimVal
<LI><a href="#[5b]">&gt;&gt;</a>&nbsp;&nbsp;&nbsp;Adc_Proc
<LI><a href="#[b8]">&gt;&gt;</a>&nbsp;&nbsp;&nbsp;IxRMSOS_Adjust
<LI><a href="#[14e]">&gt;&gt;</a>&nbsp;&nbsp;&nbsp;Get_Err_Data
<LI><a href="#[b9]">&gt;&gt;</a>&nbsp;&nbsp;&nbsp;Gain_Adjust
<LI><a href="#[f7]">&gt;&gt;</a>&nbsp;&nbsp;&nbsp;CommWriteCalData
</UL>

<P><STRONG><a name="[3a]"></a>__aeabi_fdiv</STRONG> (Thumb, 124 bytes, Stack size 16 bytes, fdiv.o(.text))
<BR><BR>[Stack]<UL><LI>Max Depth = 16<LI>Call Chain = __aeabi_fdiv
</UL>
<BR>[Calls]<UL><LI><a href="#[37]">&gt;&gt;</a>&nbsp;&nbsp;&nbsp;_float_round
</UL>
<BR>[Called By]<UL><LI><a href="#[12d]">&gt;&gt;</a>&nbsp;&nbsp;&nbsp;Judge_Uip_Data
<LI><a href="#[63]">&gt;&gt;</a>&nbsp;&nbsp;&nbsp;GetRtcRTrimVal
<LI><a href="#[67]">&gt;&gt;</a>&nbsp;&nbsp;&nbsp;Clk_Adj_Proc
<LI><a href="#[5b]">&gt;&gt;</a>&nbsp;&nbsp;&nbsp;Adc_Proc
<LI><a href="#[18d]">&gt;&gt;</a>&nbsp;&nbsp;&nbsp;VolPassRate
<LI><a href="#[b8]">&gt;&gt;</a>&nbsp;&nbsp;&nbsp;IxRMSOS_Adjust
<LI><a href="#[14e]">&gt;&gt;</a>&nbsp;&nbsp;&nbsp;Get_Err_Data
<LI><a href="#[b9]">&gt;&gt;</a>&nbsp;&nbsp;&nbsp;Gain_Adjust
<LI><a href="#[9b]">&gt;&gt;</a>&nbsp;&nbsp;&nbsp;Cal_Pav
<LI><a href="#[f7]">&gt;&gt;</a>&nbsp;&nbsp;&nbsp;CommWriteCalData
</UL>

<P><STRONG><a name="[3b]"></a>__aeabi_dadd</STRONG> (Thumb, 328 bytes, Stack size 48 bytes, dadd.o(.text))
<BR><BR>[Stack]<UL><LI>Max Depth = 104<LI>Call Chain = __aeabi_dadd &rArr; _double_epilogue &rArr; _double_round
</UL>
<BR>[Calls]<UL><LI><a href="#[3e]">&gt;&gt;</a>&nbsp;&nbsp;&nbsp;_double_round
<LI><a href="#[3d]">&gt;&gt;</a>&nbsp;&nbsp;&nbsp;_double_epilogue
<LI><a href="#[2f]">&gt;&gt;</a>&nbsp;&nbsp;&nbsp;__aeabi_llsl
<LI><a href="#[3c]">&gt;&gt;</a>&nbsp;&nbsp;&nbsp;__aeabi_lasr
</UL>
<BR>[Called By]<UL><LI><a href="#[3f]">&gt;&gt;</a>&nbsp;&nbsp;&nbsp;__aeabi_dsub
<LI><a href="#[67]">&gt;&gt;</a>&nbsp;&nbsp;&nbsp;Clk_Adj_Proc
<LI><a href="#[5b]">&gt;&gt;</a>&nbsp;&nbsp;&nbsp;Adc_Proc
<LI><a href="#[40]">&gt;&gt;</a>&nbsp;&nbsp;&nbsp;__aeabi_drsub
<LI><a href="#[158]">&gt;&gt;</a>&nbsp;&nbsp;&nbsp;Get_RTCTop_Proc
</UL>

<P><STRONG><a name="[3f]"></a>__aeabi_dsub</STRONG> (Thumb, 12 bytes, Stack size 8 bytes, dadd.o(.text))
<BR><BR>[Stack]<UL><LI>Max Depth = 112<LI>Call Chain = __aeabi_dsub &rArr; __aeabi_dadd &rArr; _double_epilogue &rArr; _double_round
</UL>
<BR>[Calls]<UL><LI><a href="#[3b]">&gt;&gt;</a>&nbsp;&nbsp;&nbsp;__aeabi_dadd
</UL>
<BR>[Called By]<UL><LI><a href="#[5b]">&gt;&gt;</a>&nbsp;&nbsp;&nbsp;Adc_Proc
<LI><a href="#[158]">&gt;&gt;</a>&nbsp;&nbsp;&nbsp;Get_RTCTop_Proc
</UL>

<P><STRONG><a name="[40]"></a>__aeabi_drsub</STRONG> (Thumb, 12 bytes, Stack size 8 bytes, dadd.o(.text))
<BR><BR>[Stack]<UL><LI>Max Depth = 112<LI>Call Chain = __aeabi_drsub &rArr; __aeabi_dadd &rArr; _double_epilogue &rArr; _double_round
</UL>
<BR>[Calls]<UL><LI><a href="#[3b]">&gt;&gt;</a>&nbsp;&nbsp;&nbsp;__aeabi_dadd
</UL>
<BR>[Called By]<UL><LI><a href="#[ba]">&gt;&gt;</a>&nbsp;&nbsp;&nbsp;PH_Adjust
<LI><a href="#[bb]">&gt;&gt;</a>&nbsp;&nbsp;&nbsp;Offset_Adjust
</UL>

<P><STRONG><a name="[41]"></a>__aeabi_dmul</STRONG> (Thumb, 202 bytes, Stack size 72 bytes, dmul.o(.text))
<BR><BR>[Stack]<UL><LI>Max Depth = 128<LI>Call Chain = __aeabi_dmul &rArr; _double_epilogue &rArr; _double_round
</UL>
<BR>[Calls]<UL><LI><a href="#[3d]">&gt;&gt;</a>&nbsp;&nbsp;&nbsp;_double_epilogue
</UL>
<BR>[Called By]<UL><LI><a href="#[99]">&gt;&gt;</a>&nbsp;&nbsp;&nbsp;Hex2Bcd_Dl_G
<LI><a href="#[15a]">&gt;&gt;</a>&nbsp;&nbsp;&nbsp;Hex2Bcd_Dl
<LI><a href="#[a5]">&gt;&gt;</a>&nbsp;&nbsp;&nbsp;Calculate_Ah
<LI><a href="#[12c]">&gt;&gt;</a>&nbsp;&nbsp;&nbsp;Read_UIP
<LI><a href="#[67]">&gt;&gt;</a>&nbsp;&nbsp;&nbsp;Clk_Adj_Proc
<LI><a href="#[5b]">&gt;&gt;</a>&nbsp;&nbsp;&nbsp;Adc_Proc
<LI><a href="#[ba]">&gt;&gt;</a>&nbsp;&nbsp;&nbsp;PH_Adjust
<LI><a href="#[bb]">&gt;&gt;</a>&nbsp;&nbsp;&nbsp;Offset_Adjust
<LI><a href="#[b9]">&gt;&gt;</a>&nbsp;&nbsp;&nbsp;Gain_Adjust
<LI><a href="#[f7]">&gt;&gt;</a>&nbsp;&nbsp;&nbsp;CommWriteCalData
<LI><a href="#[158]">&gt;&gt;</a>&nbsp;&nbsp;&nbsp;Get_RTCTop_Proc
<LI><a href="#[fa]">&gt;&gt;</a>&nbsp;&nbsp;&nbsp;Comm_Calculate_Comp_Rp
</UL>

<P><STRONG><a name="[42]"></a>__aeabi_ddiv</STRONG> (Thumb, 234 bytes, Stack size 40 bytes, ddiv.o(.text))
<BR><BR>[Stack]<UL><LI>Max Depth = 48<LI>Call Chain = __aeabi_ddiv &rArr; _double_round
</UL>
<BR>[Calls]<UL><LI><a href="#[3e]">&gt;&gt;</a>&nbsp;&nbsp;&nbsp;_double_round
</UL>
<BR>[Called By]<UL><LI><a href="#[a5]">&gt;&gt;</a>&nbsp;&nbsp;&nbsp;Calculate_Ah
<LI><a href="#[12c]">&gt;&gt;</a>&nbsp;&nbsp;&nbsp;Read_UIP
<LI><a href="#[5c]">&gt;&gt;</a>&nbsp;&nbsp;&nbsp;GetADCResult
<LI><a href="#[67]">&gt;&gt;</a>&nbsp;&nbsp;&nbsp;Clk_Adj_Proc
<LI><a href="#[5b]">&gt;&gt;</a>&nbsp;&nbsp;&nbsp;Adc_Proc
<LI><a href="#[bb]">&gt;&gt;</a>&nbsp;&nbsp;&nbsp;Offset_Adjust
<LI><a href="#[b9]">&gt;&gt;</a>&nbsp;&nbsp;&nbsp;Gain_Adjust
<LI><a href="#[f7]">&gt;&gt;</a>&nbsp;&nbsp;&nbsp;CommWriteCalData
<LI><a href="#[158]">&gt;&gt;</a>&nbsp;&nbsp;&nbsp;Get_RTCTop_Proc
</UL>

<P><STRONG><a name="[43]"></a>__aeabi_i2f</STRONG> (Thumb, 22 bytes, Stack size 8 bytes, fflti.o(.text))
<BR><BR>[Stack]<UL><LI>Max Depth = 20<LI>Call Chain = __aeabi_i2f &rArr; _float_epilogue
</UL>
<BR>[Calls]<UL><LI><a href="#[36]">&gt;&gt;</a>&nbsp;&nbsp;&nbsp;_float_epilogue
</UL>
<BR>[Called By]<UL><LI><a href="#[63]">&gt;&gt;</a>&nbsp;&nbsp;&nbsp;GetRtcRTrimVal
<LI><a href="#[5b]">&gt;&gt;</a>&nbsp;&nbsp;&nbsp;Adc_Proc
</UL>

<P><STRONG><a name="[44]"></a>__aeabi_ui2f</STRONG> (Thumb, 14 bytes, Stack size 8 bytes, ffltui.o(.text))
<BR><BR>[Stack]<UL><LI>Max Depth = 20<LI>Call Chain = __aeabi_ui2f &rArr; _float_epilogue
</UL>
<BR>[Calls]<UL><LI><a href="#[36]">&gt;&gt;</a>&nbsp;&nbsp;&nbsp;_float_epilogue
</UL>
<BR>[Called By]<UL><LI><a href="#[12c]">&gt;&gt;</a>&nbsp;&nbsp;&nbsp;Read_UIP
<LI><a href="#[12d]">&gt;&gt;</a>&nbsp;&nbsp;&nbsp;Judge_Uip_Data
<LI><a href="#[63]">&gt;&gt;</a>&nbsp;&nbsp;&nbsp;GetRtcRTrimVal
<LI><a href="#[67]">&gt;&gt;</a>&nbsp;&nbsp;&nbsp;Clk_Adj_Proc
<LI><a href="#[5b]">&gt;&gt;</a>&nbsp;&nbsp;&nbsp;Adc_Proc
<LI><a href="#[18d]">&gt;&gt;</a>&nbsp;&nbsp;&nbsp;VolPassRate
<LI><a href="#[bb]">&gt;&gt;</a>&nbsp;&nbsp;&nbsp;Offset_Adjust
<LI><a href="#[b8]">&gt;&gt;</a>&nbsp;&nbsp;&nbsp;IxRMSOS_Adjust
<LI><a href="#[14e]">&gt;&gt;</a>&nbsp;&nbsp;&nbsp;Get_Err_Data
<LI><a href="#[b9]">&gt;&gt;</a>&nbsp;&nbsp;&nbsp;Gain_Adjust
<LI><a href="#[9b]">&gt;&gt;</a>&nbsp;&nbsp;&nbsp;Cal_Pav
<LI><a href="#[f7]">&gt;&gt;</a>&nbsp;&nbsp;&nbsp;CommWriteCalData
</UL>

<P><STRONG><a name="[45]"></a>__aeabi_i2d</STRONG> (Thumb, 34 bytes, Stack size 16 bytes, dflti.o(.text))
<BR><BR>[Stack]<UL><LI>Max Depth = 72<LI>Call Chain = __aeabi_i2d &rArr; _double_epilogue &rArr; _double_round
</UL>
<BR>[Calls]<UL><LI><a href="#[3d]">&gt;&gt;</a>&nbsp;&nbsp;&nbsp;_double_epilogue
</UL>
<BR>[Called By]<UL><LI><a href="#[15a]">&gt;&gt;</a>&nbsp;&nbsp;&nbsp;Hex2Bcd_Dl
<LI><a href="#[5b]">&gt;&gt;</a>&nbsp;&nbsp;&nbsp;Adc_Proc
<LI><a href="#[158]">&gt;&gt;</a>&nbsp;&nbsp;&nbsp;Get_RTCTop_Proc
<LI><a href="#[fa]">&gt;&gt;</a>&nbsp;&nbsp;&nbsp;Comm_Calculate_Comp_Rp
</UL>

<P><STRONG><a name="[46]"></a>__aeabi_ui2d</STRONG> (Thumb, 24 bytes, Stack size 16 bytes, dfltui.o(.text))
<BR><BR>[Stack]<UL><LI>Max Depth = 72<LI>Call Chain = __aeabi_ui2d &rArr; _double_epilogue &rArr; _double_round
</UL>
<BR>[Calls]<UL><LI><a href="#[3d]">&gt;&gt;</a>&nbsp;&nbsp;&nbsp;_double_epilogue
</UL>
<BR>[Called By]<UL><LI><a href="#[a5]">&gt;&gt;</a>&nbsp;&nbsp;&nbsp;Calculate_Ah
<LI><a href="#[12c]">&gt;&gt;</a>&nbsp;&nbsp;&nbsp;Read_UIP
<LI><a href="#[1aa]">&gt;&gt;</a>&nbsp;&nbsp;&nbsp;PowerError_Check
<LI><a href="#[5c]">&gt;&gt;</a>&nbsp;&nbsp;&nbsp;GetADCResult
<LI><a href="#[67]">&gt;&gt;</a>&nbsp;&nbsp;&nbsp;Clk_Adj_Proc
<LI><a href="#[5b]">&gt;&gt;</a>&nbsp;&nbsp;&nbsp;Adc_Proc
<LI><a href="#[bb]">&gt;&gt;</a>&nbsp;&nbsp;&nbsp;Offset_Adjust
<LI><a href="#[b9]">&gt;&gt;</a>&nbsp;&nbsp;&nbsp;Gain_Adjust
<LI><a href="#[f7]">&gt;&gt;</a>&nbsp;&nbsp;&nbsp;CommWriteCalData
</UL>

<P><STRONG><a name="[47]"></a>__aeabi_l2d</STRONG> (Thumb, 38 bytes, Stack size 24 bytes, dfltl.o(.text))
<BR><BR>[Stack]<UL><LI>Max Depth = 80<LI>Call Chain = __aeabi_l2d &rArr; _double_epilogue &rArr; _double_round
</UL>
<BR>[Calls]<UL><LI><a href="#[3d]">&gt;&gt;</a>&nbsp;&nbsp;&nbsp;_double_epilogue
</UL>
<BR>[Called By]<UL><LI><a href="#[99]">&gt;&gt;</a>&nbsp;&nbsp;&nbsp;Hex2Bcd_Dl_G
</UL>

<P><STRONG><a name="[66]"></a>__aeabi_f2iz</STRONG> (Thumb, 50 bytes, Stack size 0 bytes, ffixi.o(.text))
<BR><BR>[Called By]<UL><LI><a href="#[5b]">&gt;&gt;</a>&nbsp;&nbsp;&nbsp;Adc_Proc
</UL>

<P><STRONG><a name="[64]"></a>__aeabi_f2uiz</STRONG> (Thumb, 40 bytes, Stack size 0 bytes, ffixui.o(.text))
<BR><BR>[Called By]<UL><LI><a href="#[12d]">&gt;&gt;</a>&nbsp;&nbsp;&nbsp;Judge_Uip_Data
<LI><a href="#[67]">&gt;&gt;</a>&nbsp;&nbsp;&nbsp;Clk_Adj_Proc
<LI><a href="#[5b]">&gt;&gt;</a>&nbsp;&nbsp;&nbsp;Adc_Proc
<LI><a href="#[18d]">&gt;&gt;</a>&nbsp;&nbsp;&nbsp;VolPassRate
<LI><a href="#[b8]">&gt;&gt;</a>&nbsp;&nbsp;&nbsp;IxRMSOS_Adjust
<LI><a href="#[14e]">&gt;&gt;</a>&nbsp;&nbsp;&nbsp;Get_Err_Data
<LI><a href="#[b9]">&gt;&gt;</a>&nbsp;&nbsp;&nbsp;Gain_Adjust
<LI><a href="#[9b]">&gt;&gt;</a>&nbsp;&nbsp;&nbsp;Cal_Pav
<LI><a href="#[f7]">&gt;&gt;</a>&nbsp;&nbsp;&nbsp;CommWriteCalData
</UL>

<P><STRONG><a name="[48]"></a>__aeabi_d2iz</STRONG> (Thumb, 62 bytes, Stack size 16 bytes, dfixi.o(.text))
<BR><BR>[Stack]<UL><LI>Max Depth = 24<LI>Call Chain = __aeabi_d2iz &rArr; __aeabi_llsr
</UL>
<BR>[Calls]<UL><LI><a href="#[2e]">&gt;&gt;</a>&nbsp;&nbsp;&nbsp;__aeabi_llsr
</UL>
<BR>[Called By]<UL><LI><a href="#[158]">&gt;&gt;</a>&nbsp;&nbsp;&nbsp;Get_RTCTop_Proc
</UL>

<P><STRONG><a name="[49]"></a>__aeabi_d2uiz</STRONG> (Thumb, 50 bytes, Stack size 8 bytes, dfixui.o(.text))
<BR><BR>[Stack]<UL><LI>Max Depth = 16<LI>Call Chain = __aeabi_d2uiz &rArr; __aeabi_llsr
</UL>
<BR>[Calls]<UL><LI><a href="#[2e]">&gt;&gt;</a>&nbsp;&nbsp;&nbsp;__aeabi_llsr
</UL>
<BR>[Called By]<UL><LI><a href="#[a5]">&gt;&gt;</a>&nbsp;&nbsp;&nbsp;Calculate_Ah
<LI><a href="#[12c]">&gt;&gt;</a>&nbsp;&nbsp;&nbsp;Read_UIP
<LI><a href="#[67]">&gt;&gt;</a>&nbsp;&nbsp;&nbsp;Clk_Adj_Proc
<LI><a href="#[5b]">&gt;&gt;</a>&nbsp;&nbsp;&nbsp;Adc_Proc
<LI><a href="#[ba]">&gt;&gt;</a>&nbsp;&nbsp;&nbsp;PH_Adjust
<LI><a href="#[bb]">&gt;&gt;</a>&nbsp;&nbsp;&nbsp;Offset_Adjust
</UL>

<P><STRONG><a name="[4a]"></a>__aeabi_d2lz</STRONG> (Thumb, 72 bytes, Stack size 16 bytes, dfixl.o(.text))
<BR><BR>[Stack]<UL><LI>Max Depth = 24<LI>Call Chain = __aeabi_d2lz &rArr; __aeabi_llsr
</UL>
<BR>[Calls]<UL><LI><a href="#[2e]">&gt;&gt;</a>&nbsp;&nbsp;&nbsp;__aeabi_llsr
<LI><a href="#[2f]">&gt;&gt;</a>&nbsp;&nbsp;&nbsp;__aeabi_llsl
</UL>
<BR>[Called By]<UL><LI><a href="#[15a]">&gt;&gt;</a>&nbsp;&nbsp;&nbsp;Hex2Bcd_Dl
<LI><a href="#[fa]">&gt;&gt;</a>&nbsp;&nbsp;&nbsp;Comm_Calculate_Comp_Rp
</UL>

<P><STRONG><a name="[4b]"></a>__aeabi_d2ulz</STRONG> (Thumb, 54 bytes, Stack size 8 bytes, dfixul.o(.text))
<BR><BR>[Stack]<UL><LI>Max Depth = 16<LI>Call Chain = __aeabi_d2ulz &rArr; __aeabi_llsr
</UL>
<BR>[Calls]<UL><LI><a href="#[2e]">&gt;&gt;</a>&nbsp;&nbsp;&nbsp;__aeabi_llsr
<LI><a href="#[2f]">&gt;&gt;</a>&nbsp;&nbsp;&nbsp;__aeabi_llsl
</UL>
<BR>[Called By]<UL><LI><a href="#[99]">&gt;&gt;</a>&nbsp;&nbsp;&nbsp;Hex2Bcd_Dl_G
</UL>

<P><STRONG><a name="[5d]"></a>__aeabi_f2d</STRONG> (Thumb, 40 bytes, Stack size 0 bytes, f2d.o(.text))
<BR><BR>[Called By]<UL><LI><a href="#[67]">&gt;&gt;</a>&nbsp;&nbsp;&nbsp;Clk_Adj_Proc
<LI><a href="#[5b]">&gt;&gt;</a>&nbsp;&nbsp;&nbsp;Adc_Proc
<LI><a href="#[ba]">&gt;&gt;</a>&nbsp;&nbsp;&nbsp;PH_Adjust
<LI><a href="#[bb]">&gt;&gt;</a>&nbsp;&nbsp;&nbsp;Offset_Adjust
<LI><a href="#[158]">&gt;&gt;</a>&nbsp;&nbsp;&nbsp;Get_RTCTop_Proc
</UL>

<P><STRONG><a name="[1f4]"></a>__aeabi_cdcmpeq</STRONG> (Thumb, 0 bytes, Stack size 0 bytes, cdcmple.o(.text), UNUSED)

<P><STRONG><a name="[d6]"></a>__aeabi_cdcmple</STRONG> (Thumb, 38 bytes, Stack size 0 bytes, cdcmple.o(.text))
<BR><BR>[Called By]<UL><LI><a href="#[1aa]">&gt;&gt;</a>&nbsp;&nbsp;&nbsp;PowerError_Check
<LI><a href="#[67]">&gt;&gt;</a>&nbsp;&nbsp;&nbsp;Clk_Adj_Proc
</UL>

<P><STRONG><a name="[4c]"></a>__aeabi_d2f</STRONG> (Thumb, 56 bytes, Stack size 8 bytes, d2f.o(.text))
<BR><BR>[Stack]<UL><LI>Max Depth = 8<LI>Call Chain = __aeabi_d2f
</UL>
<BR>[Calls]<UL><LI><a href="#[37]">&gt;&gt;</a>&nbsp;&nbsp;&nbsp;_float_round
</UL>
<BR>[Called By]<UL><LI><a href="#[5c]">&gt;&gt;</a>&nbsp;&nbsp;&nbsp;GetADCResult
<LI><a href="#[5b]">&gt;&gt;</a>&nbsp;&nbsp;&nbsp;Adc_Proc
<LI><a href="#[b9]">&gt;&gt;</a>&nbsp;&nbsp;&nbsp;Gain_Adjust
<LI><a href="#[f7]">&gt;&gt;</a>&nbsp;&nbsp;&nbsp;CommWriteCalData
<LI><a href="#[158]">&gt;&gt;</a>&nbsp;&nbsp;&nbsp;Get_RTCTop_Proc
</UL>

<P><STRONG><a name="[1f5]"></a>__aeabi_cfcmpeq</STRONG> (Thumb, 0 bytes, Stack size 0 bytes, cfcmple.o(.text), UNUSED)

<P><STRONG><a name="[60]"></a>__aeabi_cfcmple</STRONG> (Thumb, 20 bytes, Stack size 0 bytes, cfcmple.o(.text))
<BR><BR>[Called By]<UL><LI><a href="#[67]">&gt;&gt;</a>&nbsp;&nbsp;&nbsp;Clk_Adj_Proc
<LI><a href="#[5b]">&gt;&gt;</a>&nbsp;&nbsp;&nbsp;Adc_Proc
</UL>

<P><STRONG><a name="[5f]"></a>__aeabi_cfrcmple</STRONG> (Thumb, 20 bytes, Stack size 0 bytes, cfrcmple.o(.text))
<BR><BR>[Called By]<UL><LI><a href="#[63]">&gt;&gt;</a>&nbsp;&nbsp;&nbsp;GetRtcRTrimVal
<LI><a href="#[67]">&gt;&gt;</a>&nbsp;&nbsp;&nbsp;Clk_Adj_Proc
<LI><a href="#[5b]">&gt;&gt;</a>&nbsp;&nbsp;&nbsp;Adc_Proc
<LI><a href="#[ba]">&gt;&gt;</a>&nbsp;&nbsp;&nbsp;PH_Adjust
<LI><a href="#[bb]">&gt;&gt;</a>&nbsp;&nbsp;&nbsp;Offset_Adjust
<LI><a href="#[b9]">&gt;&gt;</a>&nbsp;&nbsp;&nbsp;Gain_Adjust
<LI><a href="#[158]">&gt;&gt;</a>&nbsp;&nbsp;&nbsp;Get_RTCTop_Proc
</UL>

<P><STRONG><a name="[3c]"></a>__aeabi_lasr</STRONG> (Thumb, 38 bytes, Stack size 8 bytes, llsshr.o(.text))
<BR><BR>[Stack]<UL><LI>Max Depth = 8<LI>Call Chain = __aeabi_lasr
</UL>
<BR>[Called By]<UL><LI><a href="#[3b]">&gt;&gt;</a>&nbsp;&nbsp;&nbsp;__aeabi_dadd
</UL>

<P><STRONG><a name="[1f6]"></a>_ll_sshift_r</STRONG> (Thumb, 0 bytes, Stack size 8 bytes, llsshr.o(.text), UNUSED)

<P><STRONG><a name="[1f7]"></a>__I$use$fp</STRONG> (Thumb, 0 bytes, Stack size 0 bytes, iusefp.o(.text), UNUSED)

<P><STRONG><a name="[37]"></a>_float_round</STRONG> (Thumb, 16 bytes, Stack size 0 bytes, fepilogue.o(.text))
<BR><BR>[Called By]<UL><LI><a href="#[3a]">&gt;&gt;</a>&nbsp;&nbsp;&nbsp;__aeabi_fdiv
<LI><a href="#[35]">&gt;&gt;</a>&nbsp;&nbsp;&nbsp;__aeabi_fadd
<LI><a href="#[4c]">&gt;&gt;</a>&nbsp;&nbsp;&nbsp;__aeabi_d2f
</UL>

<P><STRONG><a name="[36]"></a>_float_epilogue</STRONG> (Thumb, 114 bytes, Stack size 12 bytes, fepilogue.o(.text))
<BR><BR>[Stack]<UL><LI>Max Depth = 12<LI>Call Chain = _float_epilogue
</UL>
<BR>[Called By]<UL><LI><a href="#[44]">&gt;&gt;</a>&nbsp;&nbsp;&nbsp;__aeabi_ui2f
<LI><a href="#[43]">&gt;&gt;</a>&nbsp;&nbsp;&nbsp;__aeabi_i2f
<LI><a href="#[35]">&gt;&gt;</a>&nbsp;&nbsp;&nbsp;__aeabi_fadd
</UL>

<P><STRONG><a name="[3e]"></a>_double_round</STRONG> (Thumb, 26 bytes, Stack size 8 bytes, depilogue.o(.text))
<BR><BR>[Stack]<UL><LI>Max Depth = 8<LI>Call Chain = _double_round
</UL>
<BR>[Called By]<UL><LI><a href="#[42]">&gt;&gt;</a>&nbsp;&nbsp;&nbsp;__aeabi_ddiv
<LI><a href="#[3b]">&gt;&gt;</a>&nbsp;&nbsp;&nbsp;__aeabi_dadd
<LI><a href="#[3d]">&gt;&gt;</a>&nbsp;&nbsp;&nbsp;_double_epilogue
</UL>

<P><STRONG><a name="[3d]"></a>_double_epilogue</STRONG> (Thumb, 164 bytes, Stack size 48 bytes, depilogue.o(.text))
<BR><BR>[Stack]<UL><LI>Max Depth = 56<LI>Call Chain = _double_epilogue &rArr; _double_round
</UL>
<BR>[Calls]<UL><LI><a href="#[3e]">&gt;&gt;</a>&nbsp;&nbsp;&nbsp;_double_round
<LI><a href="#[2e]">&gt;&gt;</a>&nbsp;&nbsp;&nbsp;__aeabi_llsr
<LI><a href="#[2f]">&gt;&gt;</a>&nbsp;&nbsp;&nbsp;__aeabi_llsl
<LI><a href="#[4d]">&gt;&gt;</a>&nbsp;&nbsp;&nbsp;__ARM_clz
</UL>
<BR>[Called By]<UL><LI><a href="#[46]">&gt;&gt;</a>&nbsp;&nbsp;&nbsp;__aeabi_ui2d
<LI><a href="#[45]">&gt;&gt;</a>&nbsp;&nbsp;&nbsp;__aeabi_i2d
<LI><a href="#[41]">&gt;&gt;</a>&nbsp;&nbsp;&nbsp;__aeabi_dmul
<LI><a href="#[3b]">&gt;&gt;</a>&nbsp;&nbsp;&nbsp;__aeabi_dadd
<LI><a href="#[47]">&gt;&gt;</a>&nbsp;&nbsp;&nbsp;__aeabi_l2d
</UL>

<P><STRONG><a name="[2a]"></a>__scatterload</STRONG> (Thumb, 28 bytes, Stack size 0 bytes, init.o(.text))
<BR><BR>[Calls]<UL><LI><a href="#[4e]">&gt;&gt;</a>&nbsp;&nbsp;&nbsp;__main_after_scatterload
</UL>
<BR>[Called By]<UL><LI><a href="#[29]">&gt;&gt;</a>&nbsp;&nbsp;&nbsp;_main_scatterload
</UL>

<P><STRONG><a name="[1f8]"></a>__scatterload_rt2</STRONG> (Thumb, 0 bytes, Stack size 0 bytes, init.o(.text), UNUSED)

<P><STRONG><a name="[1f9]"></a>__decompress</STRONG> (Thumb, 0 bytes, Stack size unknown bytes, __dczerorl.o(.text), UNUSED)

<P><STRONG><a name="[1fa]"></a>__decompress0</STRONG> (Thumb, 58 bytes, Stack size unknown bytes, __dczerorl.o(.text), UNUSED)

<P><STRONG><a name="[19f]"></a>ADC_ChannelSel</STRONG> (Thumb, 22 bytes, Stack size 0 bytes, fm32l0xx_anac.o(i.ADC_ChannelSel))
<BR><BR>[Called By]<UL><LI><a href="#[8]">&gt;&gt;</a>&nbsp;&nbsp;&nbsp;RTC_IRQHandler
<LI><a href="#[19e]">&gt;&gt;</a>&nbsp;&nbsp;&nbsp;Pd_Adc_Calculate
</UL>

<P><STRONG><a name="[1a7]"></a>ADC_Disable</STRONG> (Thumb, 14 bytes, Stack size 0 bytes, fm32l0xx_anac.o(i.ADC_Disable))
<BR><BR>[Called By]<UL><LI><a href="#[19e]">&gt;&gt;</a>&nbsp;&nbsp;&nbsp;Pd_Adc_Calculate
</UL>

<P><STRONG><a name="[1a6]"></a>ADC_Enable</STRONG> (Thumb, 14 bytes, Stack size 0 bytes, fm32l0xx_anac.o(i.ADC_Enable))
<BR><BR>[Called By]<UL><LI><a href="#[8]">&gt;&gt;</a>&nbsp;&nbsp;&nbsp;RTC_IRQHandler
<LI><a href="#[19e]">&gt;&gt;</a>&nbsp;&nbsp;&nbsp;Pd_Adc_Calculate
</UL>

<P><STRONG><a name="[1a5]"></a>ADC_ITDisable</STRONG> (Thumb, 14 bytes, Stack size 0 bytes, fm32l0xx_anac.o(i.ADC_ITDisable))
<BR><BR>[Called By]<UL><LI><a href="#[8]">&gt;&gt;</a>&nbsp;&nbsp;&nbsp;RTC_IRQHandler
<LI><a href="#[19e]">&gt;&gt;</a>&nbsp;&nbsp;&nbsp;Pd_Adc_Calculate
</UL>

<P><STRONG><a name="[1a0]"></a>ADC_SetTrim</STRONG> (Thumb, 6 bytes, Stack size 0 bytes, fm32l0xx_anac.o(i.ADC_SetTrim))
<BR><BR>[Called By]<UL><LI><a href="#[8]">&gt;&gt;</a>&nbsp;&nbsp;&nbsp;RTC_IRQHandler
<LI><a href="#[19e]">&gt;&gt;</a>&nbsp;&nbsp;&nbsp;Pd_Adc_Calculate
</UL>

<P><STRONG><a name="[4f]"></a>ATT7051SPIOp</STRONG> (Thumb, 322 bytes, Stack size 24 bytes, uenergy-at.o(i.ATT7051SPIOp))
<BR><BR>[Stack]<UL><LI>Max Depth = 56<LI>Call Chain = ATT7051SPIOp &rArr; EmuRegOp &rArr; UartWriteByte
</UL>
<BR>[Calls]<UL><LI><a href="#[51]">&gt;&gt;</a>&nbsp;&nbsp;&nbsp;Clear_Wdt
<LI><a href="#[53]">&gt;&gt;</a>&nbsp;&nbsp;&nbsp;Exchange
<LI><a href="#[54]">&gt;&gt;</a>&nbsp;&nbsp;&nbsp;Byte2uInt
<LI><a href="#[50]">&gt;&gt;</a>&nbsp;&nbsp;&nbsp;Cal_ChkSum
<LI><a href="#[55]">&gt;&gt;</a>&nbsp;&nbsp;&nbsp;__aeabi_memcpy
<LI><a href="#[52]">&gt;&gt;</a>&nbsp;&nbsp;&nbsp;EmuRegOp
</UL>
<BR>[Called By]<UL><LI><a href="#[12c]">&gt;&gt;</a>&nbsp;&nbsp;&nbsp;Read_UIP
<LI><a href="#[57]">&gt;&gt;</a>&nbsp;&nbsp;&nbsp;ATT7051_Check
<LI><a href="#[f9]">&gt;&gt;</a>&nbsp;&nbsp;&nbsp;Read_UIPF
<LI><a href="#[bb]">&gt;&gt;</a>&nbsp;&nbsp;&nbsp;Offset_Adjust
<LI><a href="#[b8]">&gt;&gt;</a>&nbsp;&nbsp;&nbsp;IxRMSOS_Adjust
<LI><a href="#[bc]">&gt;&gt;</a>&nbsp;&nbsp;&nbsp;Ib_K
<LI><a href="#[14e]">&gt;&gt;</a>&nbsp;&nbsp;&nbsp;Get_Err_Data
<LI><a href="#[b9]">&gt;&gt;</a>&nbsp;&nbsp;&nbsp;Gain_Adjust
<LI><a href="#[56]">&gt;&gt;</a>&nbsp;&nbsp;&nbsp;ATT7051WRPRO
<LI><a href="#[f8]">&gt;&gt;</a>&nbsp;&nbsp;&nbsp;Comm_Write_Reg
<LI><a href="#[ed]">&gt;&gt;</a>&nbsp;&nbsp;&nbsp;Comm_Read_Reg
<LI><a href="#[f7]">&gt;&gt;</a>&nbsp;&nbsp;&nbsp;CommWriteCalData
</UL>

<P><STRONG><a name="[56]"></a>ATT7051WRPRO</STRONG> (Thumb, 28 bytes, Stack size 16 bytes, uenergy-at.o(i.ATT7051WRPRO))
<BR><BR>[Stack]<UL><LI>Max Depth = 72<LI>Call Chain = ATT7051WRPRO &rArr; ATT7051SPIOp &rArr; EmuRegOp &rArr; UartWriteByte
</UL>
<BR>[Calls]<UL><LI><a href="#[4f]">&gt;&gt;</a>&nbsp;&nbsp;&nbsp;ATT7051SPIOp
</UL>
<BR>[Called By]<UL><LI><a href="#[57]">&gt;&gt;</a>&nbsp;&nbsp;&nbsp;ATT7051_Check
<LI><a href="#[b9]">&gt;&gt;</a>&nbsp;&nbsp;&nbsp;Gain_Adjust
<LI><a href="#[f8]">&gt;&gt;</a>&nbsp;&nbsp;&nbsp;Comm_Write_Reg
</UL>

<P><STRONG><a name="[57]"></a>ATT7051_Check</STRONG> (Thumb, 574 bytes, Stack size 32 bytes, uenergy-at.o(i.ATT7051_Check))
<BR><BR>[Stack]<UL><LI>Max Depth = 436<LI>Call Chain = ATT7051_Check &rArr; Emu_Reg_Verify &rArr; Verify_para &rArr; I2C_Write_Eeprom &rArr; I2C_Write_Bottom &rArr; Sendaddr
</UL>
<BR>[Calls]<UL><LI><a href="#[51]">&gt;&gt;</a>&nbsp;&nbsp;&nbsp;Clear_Wdt
<LI><a href="#[59]">&gt;&gt;</a>&nbsp;&nbsp;&nbsp;Emu_Reg_Verify
<LI><a href="#[58]">&gt;&gt;</a>&nbsp;&nbsp;&nbsp;Emu_Para_Verify
<LI><a href="#[5a]">&gt;&gt;</a>&nbsp;&nbsp;&nbsp;Calculate_Adj
<LI><a href="#[56]">&gt;&gt;</a>&nbsp;&nbsp;&nbsp;ATT7051WRPRO
<LI><a href="#[4f]">&gt;&gt;</a>&nbsp;&nbsp;&nbsp;ATT7051SPIOp
</UL>
<BR>[Called By]<UL><LI><a href="#[12b]">&gt;&gt;</a>&nbsp;&nbsp;&nbsp;Energy_Event_Proc
<LI><a href="#[163]">&gt;&gt;</a>&nbsp;&nbsp;&nbsp;Init_Meter_Chip
</UL>

<P><STRONG><a name="[5b]"></a>Adc_Proc</STRONG> (Thumb, 3814 bytes, Stack size 176 bytes, init.o(i.Adc_Proc))
<BR><BR>[Stack]<UL><LI>Max Depth = 740<LI>Call Chain = Adc_Proc &rArr; Note_Run_Event &rArr; Event_Record &rArr; Write_Event_Point &rArr; WriteE2WithBackup &rArr; I2C_Write_Eeprom &rArr; I2C_Write_Bottom &rArr; Sendaddr
</UL>
<BR>[Calls]<UL><LI><a href="#[68]">&gt;&gt;</a>&nbsp;&nbsp;&nbsp;Store_Meterstatus
<LI><a href="#[65]">&gt;&gt;</a>&nbsp;&nbsp;&nbsp;Hex2Bcd_SS
<LI><a href="#[6c]">&gt;&gt;</a>&nbsp;&nbsp;&nbsp;Note_Run_Event
<LI><a href="#[6b]">&gt;&gt;</a>&nbsp;&nbsp;&nbsp;Event_Record
<LI><a href="#[69]">&gt;&gt;</a>&nbsp;&nbsp;&nbsp;DltoEepromBuf
<LI><a href="#[6a]">&gt;&gt;</a>&nbsp;&nbsp;&nbsp;Comp_RpdltoEepromBuf
<LI><a href="#[44]">&gt;&gt;</a>&nbsp;&nbsp;&nbsp;__aeabi_ui2f
<LI><a href="#[46]">&gt;&gt;</a>&nbsp;&nbsp;&nbsp;__aeabi_ui2d
<LI><a href="#[43]">&gt;&gt;</a>&nbsp;&nbsp;&nbsp;__aeabi_i2f
<LI><a href="#[45]">&gt;&gt;</a>&nbsp;&nbsp;&nbsp;__aeabi_i2d
<LI><a href="#[38]">&gt;&gt;</a>&nbsp;&nbsp;&nbsp;__aeabi_fsub
<LI><a href="#[39]">&gt;&gt;</a>&nbsp;&nbsp;&nbsp;__aeabi_frsub
<LI><a href="#[5e]">&gt;&gt;</a>&nbsp;&nbsp;&nbsp;__aeabi_fmul
<LI><a href="#[3a]">&gt;&gt;</a>&nbsp;&nbsp;&nbsp;__aeabi_fdiv
<LI><a href="#[35]">&gt;&gt;</a>&nbsp;&nbsp;&nbsp;__aeabi_fadd
<LI><a href="#[64]">&gt;&gt;</a>&nbsp;&nbsp;&nbsp;__aeabi_f2uiz
<LI><a href="#[66]">&gt;&gt;</a>&nbsp;&nbsp;&nbsp;__aeabi_f2iz
<LI><a href="#[5d]">&gt;&gt;</a>&nbsp;&nbsp;&nbsp;__aeabi_f2d
<LI><a href="#[3f]">&gt;&gt;</a>&nbsp;&nbsp;&nbsp;__aeabi_dsub
<LI><a href="#[41]">&gt;&gt;</a>&nbsp;&nbsp;&nbsp;__aeabi_dmul
<LI><a href="#[42]">&gt;&gt;</a>&nbsp;&nbsp;&nbsp;__aeabi_ddiv
<LI><a href="#[3b]">&gt;&gt;</a>&nbsp;&nbsp;&nbsp;__aeabi_dadd
<LI><a href="#[49]">&gt;&gt;</a>&nbsp;&nbsp;&nbsp;__aeabi_d2uiz
<LI><a href="#[4c]">&gt;&gt;</a>&nbsp;&nbsp;&nbsp;__aeabi_d2f
<LI><a href="#[5f]">&gt;&gt;</a>&nbsp;&nbsp;&nbsp;__aeabi_cfrcmple
<LI><a href="#[60]">&gt;&gt;</a>&nbsp;&nbsp;&nbsp;__aeabi_cfcmple
<LI><a href="#[62]">&gt;&gt;</a>&nbsp;&nbsp;&nbsp;Fill_RTC_RT_TVal
<LI><a href="#[61]">&gt;&gt;</a>&nbsp;&nbsp;&nbsp;Fill_RTC_RT_TAdc
<LI><a href="#[63]">&gt;&gt;</a>&nbsp;&nbsp;&nbsp;GetRtcRTrimVal
<LI><a href="#[5c]">&gt;&gt;</a>&nbsp;&nbsp;&nbsp;GetADCResult
<LI><a href="#[67]">&gt;&gt;</a>&nbsp;&nbsp;&nbsp;Clk_Adj_Proc
<LI><a href="#[55]">&gt;&gt;</a>&nbsp;&nbsp;&nbsp;__aeabi_memcpy
</UL>
<BR>[Called By]<UL><LI><a href="#[25]">&gt;&gt;</a>&nbsp;&nbsp;&nbsp;main
<LI><a href="#[19e]">&gt;&gt;</a>&nbsp;&nbsp;&nbsp;Pd_Adc_Calculate
</UL>

<P><STRONG><a name="[6d]"></a>AddNClock</STRONG> (Thumb, 480 bytes, Stack size 56 bytes, init.o(i.AddNClock))
<BR><BR>[Stack]<UL><LI>Max Depth = 100<LI>Call Chain = AddNClock &rArr; Hex_To_Bcd &rArr; __aeabi_idivmod &rArr; __aeabi_uidivmod
</UL>
<BR>[Calls]<UL><LI><a href="#[6f]">&gt;&gt;</a>&nbsp;&nbsp;&nbsp;__ARM_common_switch8
<LI><a href="#[70]">&gt;&gt;</a>&nbsp;&nbsp;&nbsp;Hex_To_Bcd
<LI><a href="#[6e]">&gt;&gt;</a>&nbsp;&nbsp;&nbsp;Bcd_To_Hex
<LI><a href="#[2c]">&gt;&gt;</a>&nbsp;&nbsp;&nbsp;__aeabi_uidivmod
</UL>
<BR>[Called By]<UL><LI><a href="#[1a9]">&gt;&gt;</a>&nbsp;&nbsp;&nbsp;Pd_Hourfreeze_Judge
<LI><a href="#[1a8]">&gt;&gt;</a>&nbsp;&nbsp;&nbsp;Pd_Calculate_Judge
<LI><a href="#[17a]">&gt;&gt;</a>&nbsp;&nbsp;&nbsp;Powerd_Data_Process
</UL>

<P><STRONG><a name="[71]"></a>Add_Min_Clock</STRONG> (Thumb, 162 bytes, Stack size 40 bytes, uartx.o(i.Add_Min_Clock))
<BR><BR>[Stack]<UL><LI>Max Depth = 108<LI>Call Chain = Add_Min_Clock &rArr; ClockAddOne &rArr; Hex_To_Bcd &rArr; __aeabi_idivmod &rArr; __aeabi_uidivmod
</UL>
<BR>[Calls]<UL><LI><a href="#[70]">&gt;&gt;</a>&nbsp;&nbsp;&nbsp;Hex_To_Bcd
<LI><a href="#[6e]">&gt;&gt;</a>&nbsp;&nbsp;&nbsp;Bcd_To_Hex
<LI><a href="#[72]">&gt;&gt;</a>&nbsp;&nbsp;&nbsp;ClockAddOne
</UL>
<BR>[Called By]<UL><LI><a href="#[1b3]">&gt;&gt;</a>&nbsp;&nbsp;&nbsp;ReadLoadRec
<LI><a href="#[1a9]">&gt;&gt;</a>&nbsp;&nbsp;&nbsp;Pd_Hourfreeze_Judge
<LI><a href="#[17b]">&gt;&gt;</a>&nbsp;&nbsp;&nbsp;Pd_Histroyfreeze_Judge
<LI><a href="#[189]">&gt;&gt;</a>&nbsp;&nbsp;&nbsp;Judge_Min_Space
</UL>

<P><STRONG><a name="[73]"></a>AltFunIO</STRONG> (Thumb, 166 bytes, Stack size 32 bytes, verify.o(i.AltFunIO))
<BR><BR>[Stack]<UL><LI>Max Depth = 52<LI>Call Chain = AltFunIO &rArr; GPIO_Get_InitParam
</UL>
<BR>[Calls]<UL><LI><a href="#[75]">&gt;&gt;</a>&nbsp;&nbsp;&nbsp;GPIO_Init
<LI><a href="#[74]">&gt;&gt;</a>&nbsp;&nbsp;&nbsp;GPIO_Get_InitParam
</UL>
<BR>[Called By]<UL><LI><a href="#[128]">&gt;&gt;</a>&nbsp;&nbsp;&nbsp;Enable_I2C_IO
<LI><a href="#[13d]">&gt;&gt;</a>&nbsp;&nbsp;&nbsp;OpenFlash
<LI><a href="#[10a]">&gt;&gt;</a>&nbsp;&nbsp;&nbsp;Configure_Register_Sleep
<LI><a href="#[16d]">&gt;&gt;</a>&nbsp;&nbsp;&nbsp;Veri_Pad
<LI><a href="#[100]">&gt;&gt;</a>&nbsp;&nbsp;&nbsp;Sleep
<LI><a href="#[179]">&gt;&gt;</a>&nbsp;&nbsp;&nbsp;MeterIC_RST1
<LI><a href="#[129]">&gt;&gt;</a>&nbsp;&nbsp;&nbsp;Enable_Pulse
<LI><a href="#[e9]">&gt;&gt;</a>&nbsp;&nbsp;&nbsp;ColdReset
</UL>

<P><STRONG><a name="[76]"></a>AnalogIO</STRONG> (Thumb, 84 bytes, Stack size 32 bytes, verify.o(i.AnalogIO))
<BR><BR>[Stack]<UL><LI>Max Depth = 52<LI>Call Chain = AnalogIO &rArr; GPIO_Get_InitParam
</UL>
<BR>[Calls]<UL><LI><a href="#[75]">&gt;&gt;</a>&nbsp;&nbsp;&nbsp;GPIO_Init
<LI><a href="#[74]">&gt;&gt;</a>&nbsp;&nbsp;&nbsp;GPIO_Get_InitParam
</UL>
<BR>[Called By]<UL><LI><a href="#[10a]">&gt;&gt;</a>&nbsp;&nbsp;&nbsp;Configure_Register_Sleep
<LI><a href="#[16d]">&gt;&gt;</a>&nbsp;&nbsp;&nbsp;Veri_Pad
</UL>

<P><STRONG><a name="[77]"></a>Auth_In_Out</STRONG> (Thumb, 74 bytes, Stack size 32 bytes, u7816.o(i.Auth_In_Out))
<BR><BR>[Stack]<UL><LI>Max Depth = 112<LI>Call Chain = Auth_In_Out &rArr; CardTxRxFrame &rArr; Snd_7816_Byte &rArr; Delay_Netu &rArr; TicksDelayUs
</UL>
<BR>[Calls]<UL><LI><a href="#[78]">&gt;&gt;</a>&nbsp;&nbsp;&nbsp;RxTxCommhead
<LI><a href="#[79]">&gt;&gt;</a>&nbsp;&nbsp;&nbsp;CardTxRxFrame
<LI><a href="#[55]">&gt;&gt;</a>&nbsp;&nbsp;&nbsp;__aeabi_memcpy
</UL>
<BR>[Called By]<UL><LI><a href="#[fe]">&gt;&gt;</a>&nbsp;&nbsp;&nbsp;Uart_Proc
<LI><a href="#[7a]">&gt;&gt;</a>&nbsp;&nbsp;&nbsp;Authorization
</UL>

<P><STRONG><a name="[7a]"></a>Authorization</STRONG> (Thumb, 118 bytes, Stack size 16 bytes, u7816.o(i.Authorization))
<BR><BR>[Stack]<UL><LI>Max Depth = 128<LI>Call Chain = Authorization &rArr; Auth_In_Out &rArr; CardTxRxFrame &rArr; Snd_7816_Byte &rArr; Delay_Netu &rArr; TicksDelayUs
</UL>
<BR>[Calls]<UL><LI><a href="#[7c]">&gt;&gt;</a>&nbsp;&nbsp;&nbsp;Cmp_Data
<LI><a href="#[7b]">&gt;&gt;</a>&nbsp;&nbsp;&nbsp;Read_Kx
<LI><a href="#[7d]">&gt;&gt;</a>&nbsp;&nbsp;&nbsp;ReadRandom
<LI><a href="#[77]">&gt;&gt;</a>&nbsp;&nbsp;&nbsp;Auth_In_Out
<LI><a href="#[55]">&gt;&gt;</a>&nbsp;&nbsp;&nbsp;__aeabi_memcpy
</UL>
<BR>[Called By]<UL><LI><a href="#[fe]">&gt;&gt;</a>&nbsp;&nbsp;&nbsp;Uart_Proc
<LI><a href="#[1c8]">&gt;&gt;</a>&nbsp;&nbsp;&nbsp;Yc_Auth
</UL>

<P><STRONG><a name="[1e]"></a>BT1_IRQHandler</STRONG> (Thumb, 98 bytes, Stack size 8 bytes, interrupt.o(i.BT1_IRQHandler))
<BR><BR>[Stack]<UL><LI>Max Depth = 8<LI>Call Chain = BT1_IRQHandler
</UL>
<BR>[Calls]<UL><LI><a href="#[7e]">&gt;&gt;</a>&nbsp;&nbsp;&nbsp;GPIO_SetBits
</UL>
<BR>[Address Reference Count : 1]<UL><LI> startup_fm32l0xx.o(RESET)
</UL>
<P><STRONG><a name="[1f]"></a>BT2_IRQHandler</STRONG> (Thumb, 98 bytes, Stack size 8 bytes, interrupt.o(i.BT2_IRQHandler))
<BR><BR>[Stack]<UL><LI>Max Depth = 8<LI>Call Chain = BT2_IRQHandler
</UL>
<BR>[Calls]<UL><LI><a href="#[7e]">&gt;&gt;</a>&nbsp;&nbsp;&nbsp;GPIO_SetBits
</UL>
<BR>[Address Reference Count : 1]<UL><LI> startup_fm32l0xx.o(RESET)
</UL>
<P><STRONG><a name="[1a4]"></a>BUF4TST_BypassDisable</STRONG> (Thumb, 14 bytes, Stack size 0 bytes, fm32l0xx_anac.o(i.BUF4TST_BypassDisable))
<BR><BR>[Called By]<UL><LI><a href="#[8]">&gt;&gt;</a>&nbsp;&nbsp;&nbsp;RTC_IRQHandler
<LI><a href="#[19e]">&gt;&gt;</a>&nbsp;&nbsp;&nbsp;Pd_Adc_Calculate
</UL>

<P><STRONG><a name="[1a1]"></a>BUF4TST_BypassEn</STRONG> (Thumb, 14 bytes, Stack size 0 bytes, fm32l0xx_anac.o(i.BUF4TST_BypassEn))
<BR><BR>[Called By]<UL><LI><a href="#[8]">&gt;&gt;</a>&nbsp;&nbsp;&nbsp;RTC_IRQHandler
<LI><a href="#[19e]">&gt;&gt;</a>&nbsp;&nbsp;&nbsp;Pd_Adc_Calculate
</UL>

<P><STRONG><a name="[1a3]"></a>BUF4TST_ChannelSel</STRONG> (Thumb, 22 bytes, Stack size 0 bytes, fm32l0xx_anac.o(i.BUF4TST_ChannelSel))
<BR><BR>[Called By]<UL><LI><a href="#[8]">&gt;&gt;</a>&nbsp;&nbsp;&nbsp;RTC_IRQHandler
<LI><a href="#[19e]">&gt;&gt;</a>&nbsp;&nbsp;&nbsp;Pd_Adc_Calculate
</UL>

<P><STRONG><a name="[10c]"></a>BUF4TST_Disable</STRONG> (Thumb, 14 bytes, Stack size 0 bytes, fm32l0xx_anac.o(i.BUF4TST_Disable))
<BR><BR>[Called By]<UL><LI><a href="#[8]">&gt;&gt;</a>&nbsp;&nbsp;&nbsp;RTC_IRQHandler
<LI><a href="#[19e]">&gt;&gt;</a>&nbsp;&nbsp;&nbsp;Pd_Adc_Calculate
<LI><a href="#[10a]">&gt;&gt;</a>&nbsp;&nbsp;&nbsp;Configure_Register_Sleep
</UL>

<P><STRONG><a name="[1a2]"></a>BUF4TST_Enable</STRONG> (Thumb, 14 bytes, Stack size 0 bytes, fm32l0xx_anac.o(i.BUF4TST_Enable))
<BR><BR>[Called By]<UL><LI><a href="#[8]">&gt;&gt;</a>&nbsp;&nbsp;&nbsp;RTC_IRQHandler
<LI><a href="#[19e]">&gt;&gt;</a>&nbsp;&nbsp;&nbsp;Pd_Adc_Calculate
</UL>

<P><STRONG><a name="[7f]"></a>Backup_Para_7051</STRONG> (Thumb, 56 bytes, Stack size 8 bytes, uenergy-at.o(i.Backup_Para_7051))
<BR><BR>[Stack]<UL><LI>Max Depth = 404<LI>Call Chain = Backup_Para_7051 &rArr; WriteE2WithBackup &rArr; I2C_Write_Eeprom &rArr; I2C_Write_Bottom &rArr; Sendaddr
</UL>
<BR>[Calls]<UL><LI><a href="#[80]">&gt;&gt;</a>&nbsp;&nbsp;&nbsp;WriteE2WithBackup
</UL>
<BR>[Called By]<UL><LI><a href="#[f8]">&gt;&gt;</a>&nbsp;&nbsp;&nbsp;Comm_Write_Reg
<LI><a href="#[f7]">&gt;&gt;</a>&nbsp;&nbsp;&nbsp;CommWriteCalData
<LI><a href="#[b7]">&gt;&gt;</a>&nbsp;&nbsp;&nbsp;Check_Err_Pro
</UL>

<P><STRONG><a name="[81]"></a>Bcd2Hex</STRONG> (Thumb, 128 bytes, Stack size 128 bytes, rtc.o(i.Bcd2Hex))
<BR><BR>[Stack]<UL><LI>Max Depth = 200<LI>Call Chain = Bcd2Hex &rArr; __aeabi_lmul &rArr; __aeabi_llsl
</UL>
<BR>[Calls]<UL><LI><a href="#[6e]">&gt;&gt;</a>&nbsp;&nbsp;&nbsp;Bcd_To_Hex
<LI><a href="#[82]">&gt;&gt;</a>&nbsp;&nbsp;&nbsp;__aeabi_memcpy4
<LI><a href="#[2e]">&gt;&gt;</a>&nbsp;&nbsp;&nbsp;__aeabi_llsr
<LI><a href="#[31]">&gt;&gt;</a>&nbsp;&nbsp;&nbsp;__aeabi_lmul
</UL>
<BR>[Called By]<UL><LI><a href="#[85]">&gt;&gt;</a>&nbsp;&nbsp;&nbsp;Bcd2Hex_SS
<LI><a href="#[12d]">&gt;&gt;</a>&nbsp;&nbsp;&nbsp;Judge_Uip_Data
<LI><a href="#[83]">&gt;&gt;</a>&nbsp;&nbsp;&nbsp;Bcd2Hex_LS
<LI><a href="#[17c]">&gt;&gt;</a>&nbsp;&nbsp;&nbsp;Price_Judge
<LI><a href="#[aa]">&gt;&gt;</a>&nbsp;&nbsp;&nbsp;Calculate_Timer
</UL>

<P><STRONG><a name="[83]"></a>Bcd2Hex_LS</STRONG> (Thumb, 28 bytes, Stack size 16 bytes, rtc.o(i.Bcd2Hex_LS))
<BR><BR>[Stack]<UL><LI>Max Depth = 216<LI>Call Chain = Bcd2Hex_LS &rArr; Bcd2Hex &rArr; __aeabi_lmul &rArr; __aeabi_llsl
</UL>
<BR>[Calls]<UL><LI><a href="#[84]">&gt;&gt;</a>&nbsp;&nbsp;&nbsp;Inverse
<LI><a href="#[81]">&gt;&gt;</a>&nbsp;&nbsp;&nbsp;Bcd2Hex
</UL>
<BR>[Called By]<UL><LI><a href="#[fe]">&gt;&gt;</a>&nbsp;&nbsp;&nbsp;Uart_Proc
<LI><a href="#[12d]">&gt;&gt;</a>&nbsp;&nbsp;&nbsp;Judge_Uip_Data
<LI><a href="#[19e]">&gt;&gt;</a>&nbsp;&nbsp;&nbsp;Pd_Adc_Calculate
<LI><a href="#[14f]">&gt;&gt;</a>&nbsp;&nbsp;&nbsp;UIP_K
<LI><a href="#[bb]">&gt;&gt;</a>&nbsp;&nbsp;&nbsp;Offset_Adjust
<LI><a href="#[bc]">&gt;&gt;</a>&nbsp;&nbsp;&nbsp;Ib_K
<LI><a href="#[14e]">&gt;&gt;</a>&nbsp;&nbsp;&nbsp;Get_Err_Data
<LI><a href="#[b9]">&gt;&gt;</a>&nbsp;&nbsp;&nbsp;Gain_Adjust
<LI><a href="#[f7]">&gt;&gt;</a>&nbsp;&nbsp;&nbsp;CommWriteCalData
</UL>

<P><STRONG><a name="[85]"></a>Bcd2Hex_SS</STRONG> (Thumb, 38 bytes, Stack size 24 bytes, rtc.o(i.Bcd2Hex_SS))
<BR><BR>[Stack]<UL><LI>Max Depth = 224<LI>Call Chain = Bcd2Hex_SS &rArr; Bcd2Hex &rArr; __aeabi_lmul &rArr; __aeabi_llsl
</UL>
<BR>[Calls]<UL><LI><a href="#[84]">&gt;&gt;</a>&nbsp;&nbsp;&nbsp;Inverse
<LI><a href="#[53]">&gt;&gt;</a>&nbsp;&nbsp;&nbsp;Exchange
<LI><a href="#[81]">&gt;&gt;</a>&nbsp;&nbsp;&nbsp;Bcd2Hex
</UL>
<BR>[Called By]<UL><LI><a href="#[6c]">&gt;&gt;</a>&nbsp;&nbsp;&nbsp;Note_Run_Event
<LI><a href="#[fe]">&gt;&gt;</a>&nbsp;&nbsp;&nbsp;Uart_Proc
<LI><a href="#[12d]">&gt;&gt;</a>&nbsp;&nbsp;&nbsp;Judge_Uip_Data
<LI><a href="#[1a8]">&gt;&gt;</a>&nbsp;&nbsp;&nbsp;Pd_Calculate_Judge
</UL>

<P><STRONG><a name="[6e]"></a>Bcd_To_Hex</STRONG> (Thumb, 22 bytes, Stack size 0 bytes, rtc.o(i.Bcd_To_Hex))
<BR><BR>[Called By]<UL><LI><a href="#[92]">&gt;&gt;</a>&nbsp;&nbsp;&nbsp;Cal_Comb
<LI><a href="#[71]">&gt;&gt;</a>&nbsp;&nbsp;&nbsp;Add_Min_Clock
<LI><a href="#[1b3]">&gt;&gt;</a>&nbsp;&nbsp;&nbsp;ReadLoadRec
<LI><a href="#[198]">&gt;&gt;</a>&nbsp;&nbsp;&nbsp;Load_Judge
<LI><a href="#[6b]">&gt;&gt;</a>&nbsp;&nbsp;&nbsp;Event_Record
<LI><a href="#[9d]">&gt;&gt;</a>&nbsp;&nbsp;&nbsp;CalcAbsMin
<LI><a href="#[9c]">&gt;&gt;</a>&nbsp;&nbsp;&nbsp;CalcAbsDay
<LI><a href="#[fe]">&gt;&gt;</a>&nbsp;&nbsp;&nbsp;Uart_Proc
<LI><a href="#[12c]">&gt;&gt;</a>&nbsp;&nbsp;&nbsp;Read_UIP
<LI><a href="#[12d]">&gt;&gt;</a>&nbsp;&nbsp;&nbsp;Judge_Uip_Data
<LI><a href="#[1c2]">&gt;&gt;</a>&nbsp;&nbsp;&nbsp;Store_Data
<LI><a href="#[1bb]">&gt;&gt;</a>&nbsp;&nbsp;&nbsp;Reset
<LI><a href="#[175]">&gt;&gt;</a>&nbsp;&nbsp;&nbsp;Timezone_Judge
<LI><a href="#[172]">&gt;&gt;</a>&nbsp;&nbsp;&nbsp;Mode_Verify
<LI><a href="#[17a]">&gt;&gt;</a>&nbsp;&nbsp;&nbsp;Powerd_Data_Process
<LI><a href="#[6d]">&gt;&gt;</a>&nbsp;&nbsp;&nbsp;AddNClock
<LI><a href="#[109]">&gt;&gt;</a>&nbsp;&nbsp;&nbsp;Config_Shiduan_Process
<LI><a href="#[ef]">&gt;&gt;</a>&nbsp;&nbsp;&nbsp;Judge_Clock
<LI><a href="#[81]">&gt;&gt;</a>&nbsp;&nbsp;&nbsp;Bcd2Hex
<LI><a href="#[1b2]">&gt;&gt;</a>&nbsp;&nbsp;&nbsp;ReadFreezedRec
<LI><a href="#[72]">&gt;&gt;</a>&nbsp;&nbsp;&nbsp;ClockAddOne
</UL>

<P><STRONG><a name="[1b1]"></a>BitValue</STRONG> (Thumb, 38 bytes, Stack size 12 bytes, uartx.o(i.BitValue))
<BR><BR>[Stack]<UL><LI>Max Depth = 12<LI>Call Chain = BitValue
</UL>
<BR>[Called By]<UL><LI><a href="#[1b0]">&gt;&gt;</a>&nbsp;&nbsp;&nbsp;Rd_Relay_Buy_Rec
</UL>

<P><STRONG><a name="[86]"></a>Bkdl_Verify</STRONG> (Thumb, 32 bytes, Stack size 8 bytes, verify.o(i.Bkdl_Verify))
<BR><BR>[Stack]<UL><LI>Max Depth = 404<LI>Call Chain = Bkdl_Verify &rArr; Verify_Dl &rArr; I2C_Write_Eeprom &rArr; I2C_Write_Bottom &rArr; Sendaddr
</UL>
<BR>[Calls]<UL><LI><a href="#[88]">&gt;&gt;</a>&nbsp;&nbsp;&nbsp;Verify_Dl
<LI><a href="#[87]">&gt;&gt;</a>&nbsp;&nbsp;&nbsp;Meter_Const_Verify
</UL>
<BR>[Called By]<UL><LI><a href="#[1be]">&gt;&gt;</a>&nbsp;&nbsp;&nbsp;Sclock_Event_Proc
<LI><a href="#[9f]">&gt;&gt;</a>&nbsp;&nbsp;&nbsp;Calc_Pwr_Proc
<LI><a href="#[165]">&gt;&gt;</a>&nbsp;&nbsp;&nbsp;Init_System
<LI><a href="#[147]">&gt;&gt;</a>&nbsp;&nbsp;&nbsp;Freeze_Usedl
</UL>

<P><STRONG><a name="[89]"></a>Ble_Chk_Heart</STRONG> (Thumb, 38 bytes, Stack size 24 bytes, uartx.o(i.Ble_Chk_Heart))
<BR><BR>[Stack]<UL><LI>Max Depth = 44<LI>Call Chain = Ble_Chk_Heart &rArr; Ble_Frame_Cs &rArr; Cal_ChkSum
</UL>
<BR>[Calls]<UL><LI><a href="#[55]">&gt;&gt;</a>&nbsp;&nbsp;&nbsp;__aeabi_memcpy
<LI><a href="#[8a]">&gt;&gt;</a>&nbsp;&nbsp;&nbsp;Ble_Frame_Cs
</UL>
<BR>[Called By]<UL><LI><a href="#[8b]">&gt;&gt;</a>&nbsp;&nbsp;&nbsp;Ble_Init
</UL>

<P><STRONG><a name="[8a]"></a>Ble_Frame_Cs</STRONG> (Thumb, 114 bytes, Stack size 12 bytes, uartx.o(i.Ble_Frame_Cs))
<BR><BR>[Stack]<UL><LI>Max Depth = 20<LI>Call Chain = Ble_Frame_Cs &rArr; Cal_ChkSum
</UL>
<BR>[Calls]<UL><LI><a href="#[50]">&gt;&gt;</a>&nbsp;&nbsp;&nbsp;Cal_ChkSum
</UL>
<BR>[Called By]<UL><LI><a href="#[89]">&gt;&gt;</a>&nbsp;&nbsp;&nbsp;Ble_Chk_Heart
</UL>

<P><STRONG><a name="[8b]"></a>Ble_Init</STRONG> (Thumb, 158 bytes, Stack size 16 bytes, uartx.o(i.Ble_Init))
<BR><BR>[Stack]<UL><LI>Max Depth = 60<LI>Call Chain = Ble_Init &rArr; Ble_Chk_Heart &rArr; Ble_Frame_Cs &rArr; Cal_ChkSum
</UL>
<BR>[Calls]<UL><LI><a href="#[55]">&gt;&gt;</a>&nbsp;&nbsp;&nbsp;__aeabi_memcpy
<LI><a href="#[89]">&gt;&gt;</a>&nbsp;&nbsp;&nbsp;Ble_Chk_Heart
</UL>
<BR>[Called By]<UL><LI><a href="#[174]">&gt;&gt;</a>&nbsp;&nbsp;&nbsp;Read_Sysclock
</UL>

<P><STRONG><a name="[8c]"></a>Ble_Rst</STRONG> (Thumb, 64 bytes, Stack size 8 bytes, uartx.o(i.Ble_Rst))
<BR><BR>[Stack]<UL><LI>Max Depth = 48<LI>Call Chain = Ble_Rst &rArr; Delay_Initial &rArr; I2c_Wait_5ms &rArr; TicksDelayMs
</UL>
<BR>[Calls]<UL><LI><a href="#[7e]">&gt;&gt;</a>&nbsp;&nbsp;&nbsp;GPIO_SetBits
<LI><a href="#[8e]">&gt;&gt;</a>&nbsp;&nbsp;&nbsp;GPIO_ResetBits
<LI><a href="#[8d]">&gt;&gt;</a>&nbsp;&nbsp;&nbsp;Delay_Initial
<LI><a href="#[32]">&gt;&gt;</a>&nbsp;&nbsp;&nbsp;__aeabi_memclr
</UL>
<BR>[Called By]<UL><LI><a href="#[173]">&gt;&gt;</a>&nbsp;&nbsp;&nbsp;Veri_Uart_All
<LI><a href="#[174]">&gt;&gt;</a>&nbsp;&nbsp;&nbsp;Read_Sysclock
</UL>

<P><STRONG><a name="[1cc]"></a>Ble_Rst_Judge</STRONG> (Thumb, 26 bytes, Stack size 0 bytes, uartx.o(i.Ble_Rst_Judge))
<BR><BR>[Called By]<UL><LI><a href="#[fe]">&gt;&gt;</a>&nbsp;&nbsp;&nbsp;Uart_Proc
</UL>

<P><STRONG><a name="[18b]"></a>Byte2Short</STRONG> (Thumb, 14 bytes, Stack size 0 bytes, rtc.o(i.Byte2Short))
<BR><BR>[Called By]<UL><LI><a href="#[12d]">&gt;&gt;</a>&nbsp;&nbsp;&nbsp;Judge_Uip_Data
<LI><a href="#[18d]">&gt;&gt;</a>&nbsp;&nbsp;&nbsp;VolPassRate
</UL>

<P><STRONG><a name="[54]"></a>Byte2uInt</STRONG> (Thumb, 24 bytes, Stack size 0 bytes, rtc.o(i.Byte2uInt))
<BR><BR>[Called By]<UL><LI><a href="#[fe]">&gt;&gt;</a>&nbsp;&nbsp;&nbsp;Uart_Proc
<LI><a href="#[12d]">&gt;&gt;</a>&nbsp;&nbsp;&nbsp;Judge_Uip_Data
<LI><a href="#[11e]">&gt;&gt;</a>&nbsp;&nbsp;&nbsp;Disp_Pw_Dot
<LI><a href="#[174]">&gt;&gt;</a>&nbsp;&nbsp;&nbsp;Read_Sysclock
<LI><a href="#[17c]">&gt;&gt;</a>&nbsp;&nbsp;&nbsp;Price_Judge
<LI><a href="#[171]">&gt;&gt;</a>&nbsp;&nbsp;&nbsp;Note_Reset_Number
<LI><a href="#[aa]">&gt;&gt;</a>&nbsp;&nbsp;&nbsp;Calculate_Timer
<LI><a href="#[4f]">&gt;&gt;</a>&nbsp;&nbsp;&nbsp;ATT7051SPIOp
<LI><a href="#[1ba]">&gt;&gt;</a>&nbsp;&nbsp;&nbsp;Report_Response
<LI><a href="#[151]">&gt;&gt;</a>&nbsp;&nbsp;&nbsp;GetLcdNo
</UL>

<P><STRONG><a name="[18c]"></a>Byte2uShort</STRONG> (Thumb, 14 bytes, Stack size 0 bytes, rtc.o(i.Byte2uShort))
<BR><BR>[Called By]<UL><LI><a href="#[fe]">&gt;&gt;</a>&nbsp;&nbsp;&nbsp;Uart_Proc
<LI><a href="#[12d]">&gt;&gt;</a>&nbsp;&nbsp;&nbsp;Judge_Uip_Data
<LI><a href="#[17a]">&gt;&gt;</a>&nbsp;&nbsp;&nbsp;Powerd_Data_Process
</UL>

<P><STRONG><a name="[8f]"></a>CalLoad</STRONG> (Thumb, 322 bytes, Stack size 32 bytes, money.o(i.CalLoad))
<BR><BR>[Stack]<UL><LI>Max Depth = 412<LI>Call Chain = CalLoad &rArr; InitVolSts &rArr; I2C_Write_Eeprom &rArr; I2C_Write_Bottom &rArr; Sendaddr
</UL>
<BR>[Calls]<UL><LI><a href="#[90]">&gt;&gt;</a>&nbsp;&nbsp;&nbsp;InitVolSts
<LI><a href="#[65]">&gt;&gt;</a>&nbsp;&nbsp;&nbsp;Hex2Bcd_SS
<LI><a href="#[55]">&gt;&gt;</a>&nbsp;&nbsp;&nbsp;__aeabi_memcpy
<LI><a href="#[2c]">&gt;&gt;</a>&nbsp;&nbsp;&nbsp;__aeabi_uidivmod
</UL>
<BR>[Called By]<UL><LI><a href="#[fe]">&gt;&gt;</a>&nbsp;&nbsp;&nbsp;Uart_Proc
<LI><a href="#[b6]">&gt;&gt;</a>&nbsp;&nbsp;&nbsp;Freeze_Dl
<LI><a href="#[f2]">&gt;&gt;</a>&nbsp;&nbsp;&nbsp;CommSetRtc_Adj
</UL>

<P><STRONG><a name="[91]"></a>CalZhuhe</STRONG> (Thumb, 296 bytes, Stack size 56 bytes, uartx.o(i.CalZhuhe))
<BR><BR>[Stack]<UL><LI>Max Depth = 56<LI>Call Chain = CalZhuhe
</UL>
<BR>[Calls]<UL><LI><a href="#[55]">&gt;&gt;</a>&nbsp;&nbsp;&nbsp;__aeabi_memcpy
</UL>
<BR>[Called By]<UL><LI><a href="#[92]">&gt;&gt;</a>&nbsp;&nbsp;&nbsp;Cal_Comb
<LI><a href="#[6a]">&gt;&gt;</a>&nbsp;&nbsp;&nbsp;Comp_RpdltoEepromBuf
<LI><a href="#[97]">&gt;&gt;</a>&nbsp;&nbsp;&nbsp;Cal_Comb_Usedl
<LI><a href="#[1b2]">&gt;&gt;</a>&nbsp;&nbsp;&nbsp;ReadFreezedRec
</UL>

<P><STRONG><a name="[50]"></a>Cal_ChkSum</STRONG> (Thumb, 28 bytes, Stack size 8 bytes, uartx.o(i.Cal_ChkSum))
<BR><BR>[Stack]<UL><LI>Max Depth = 8<LI>Call Chain = Cal_ChkSum
</UL>
<BR>[Called By]<UL><LI><a href="#[fe]">&gt;&gt;</a>&nbsp;&nbsp;&nbsp;Uart_Proc
<LI><a href="#[1ca]">&gt;&gt;</a>&nbsp;&nbsp;&nbsp;UpdataRunFile
<LI><a href="#[4f]">&gt;&gt;</a>&nbsp;&nbsp;&nbsp;ATT7051SPIOp
<LI><a href="#[1b9]">&gt;&gt;</a>&nbsp;&nbsp;&nbsp;ReportProc
<LI><a href="#[1b0]">&gt;&gt;</a>&nbsp;&nbsp;&nbsp;Rd_Relay_Buy_Rec
<LI><a href="#[8a]">&gt;&gt;</a>&nbsp;&nbsp;&nbsp;Ble_Frame_Cs
</UL>

<P><STRONG><a name="[92]"></a>Cal_Comb</STRONG> (Thumb, 636 bytes, Stack size 448 bytes, uartx.o(i.Cal_Comb))
<BR><BR>[Stack]<UL><LI>Max Depth = 828<LI>Call Chain = Cal_Comb &rArr; GetRecNum &rArr; ReadE2WithBackup &rArr; I2C_Read_Eeprom &rArr; I2C_Read_Bottom &rArr; Sendaddr
</UL>
<BR>[Calls]<UL><LI><a href="#[93]">&gt;&gt;</a>&nbsp;&nbsp;&nbsp;GetRecNum
<LI><a href="#[94]">&gt;&gt;</a>&nbsp;&nbsp;&nbsp;GetRecAddr
<LI><a href="#[95]">&gt;&gt;</a>&nbsp;&nbsp;&nbsp;Flash_Rd_Bottom
<LI><a href="#[91]">&gt;&gt;</a>&nbsp;&nbsp;&nbsp;CalZhuhe
<LI><a href="#[6e]">&gt;&gt;</a>&nbsp;&nbsp;&nbsp;Bcd_To_Hex
<LI><a href="#[96]">&gt;&gt;</a>&nbsp;&nbsp;&nbsp;__aeabi_memclr4
<LI><a href="#[32]">&gt;&gt;</a>&nbsp;&nbsp;&nbsp;__aeabi_memclr
<LI><a href="#[82]">&gt;&gt;</a>&nbsp;&nbsp;&nbsp;__aeabi_memcpy4
<LI><a href="#[55]">&gt;&gt;</a>&nbsp;&nbsp;&nbsp;__aeabi_memcpy
</UL>
<BR>[Called By]<UL><LI><a href="#[198]">&gt;&gt;</a>&nbsp;&nbsp;&nbsp;Load_Judge
<LI><a href="#[fe]">&gt;&gt;</a>&nbsp;&nbsp;&nbsp;Uart_Proc
<LI><a href="#[97]">&gt;&gt;</a>&nbsp;&nbsp;&nbsp;Cal_Comb_Usedl
<LI><a href="#[16f]">&gt;&gt;</a>&nbsp;&nbsp;&nbsp;Lcd_Display
<LI><a href="#[ca]">&gt;&gt;</a>&nbsp;&nbsp;&nbsp;Process_Usedl
</UL>

<P><STRONG><a name="[97]"></a>Cal_Comb_Usedl</STRONG> (Thumb, 332 bytes, Stack size 136 bytes, uartx.o(i.Cal_Comb_Usedl))
<BR><BR>[Stack]<UL><LI>Max Depth = 964<LI>Call Chain = Cal_Comb_Usedl &rArr; Cal_Comb &rArr; GetRecNum &rArr; ReadE2WithBackup &rArr; I2C_Read_Eeprom &rArr; I2C_Read_Bottom &rArr; Sendaddr
</UL>
<BR>[Calls]<UL><LI><a href="#[98]">&gt;&gt;</a>&nbsp;&nbsp;&nbsp;I2C_Read_Eeprom
<LI><a href="#[99]">&gt;&gt;</a>&nbsp;&nbsp;&nbsp;Hex2Bcd_Dl_G
<LI><a href="#[92]">&gt;&gt;</a>&nbsp;&nbsp;&nbsp;Cal_Comb
<LI><a href="#[91]">&gt;&gt;</a>&nbsp;&nbsp;&nbsp;CalZhuhe
<LI><a href="#[32]">&gt;&gt;</a>&nbsp;&nbsp;&nbsp;__aeabi_memclr
<LI><a href="#[55]">&gt;&gt;</a>&nbsp;&nbsp;&nbsp;__aeabi_memcpy
</UL>
<BR>[Called By]<UL><LI><a href="#[fe]">&gt;&gt;</a>&nbsp;&nbsp;&nbsp;Uart_Proc
<LI><a href="#[16f]">&gt;&gt;</a>&nbsp;&nbsp;&nbsp;Lcd_Display
</UL>

<P><STRONG><a name="[9a]"></a>Cal_Mac_Pro</STRONG> (Thumb, 66 bytes, Stack size 24 bytes, u7816.o(i.Cal_Mac_Pro))
<BR><BR>[Stack]<UL><LI>Max Depth = 128<LI>Call Chain = Cal_Mac_Pro &rArr; Read_Kx &rArr; CardTxRxFrame &rArr; Snd_7816_Byte &rArr; Delay_Netu &rArr; TicksDelayUs
</UL>
<BR>[Calls]<UL><LI><a href="#[78]">&gt;&gt;</a>&nbsp;&nbsp;&nbsp;RxTxCommhead
<LI><a href="#[7b]">&gt;&gt;</a>&nbsp;&nbsp;&nbsp;Read_Kx
<LI><a href="#[79]">&gt;&gt;</a>&nbsp;&nbsp;&nbsp;CardTxRxFrame
<LI><a href="#[55]">&gt;&gt;</a>&nbsp;&nbsp;&nbsp;__aeabi_memcpy
</UL>
<BR>[Called By]<UL><LI><a href="#[fe]">&gt;&gt;</a>&nbsp;&nbsp;&nbsp;Uart_Proc
</UL>

<P><STRONG><a name="[9b]"></a>Cal_Pav</STRONG> (Thumb, 246 bytes, Stack size 16 bytes, uenergy-at.o(i.Cal_Pav))
<BR><BR>[Stack]<UL><LI>Max Depth = 152<LI>Call Chain = Cal_Pav &rArr; Hex2Bcd_SS &rArr; Hex2Bcd &rArr; __aeabi_uldivmod &rArr; __aeabi_llsr
</UL>
<BR>[Calls]<UL><LI><a href="#[65]">&gt;&gt;</a>&nbsp;&nbsp;&nbsp;Hex2Bcd_SS
<LI><a href="#[44]">&gt;&gt;</a>&nbsp;&nbsp;&nbsp;__aeabi_ui2f
<LI><a href="#[3a]">&gt;&gt;</a>&nbsp;&nbsp;&nbsp;__aeabi_fdiv
<LI><a href="#[64]">&gt;&gt;</a>&nbsp;&nbsp;&nbsp;__aeabi_f2uiz
</UL>
<BR>[Called By]<UL><LI><a href="#[12c]">&gt;&gt;</a>&nbsp;&nbsp;&nbsp;Read_UIP
</UL>

<P><STRONG><a name="[9c]"></a>CalcAbsDay</STRONG> (Thumb, 78 bytes, Stack size 24 bytes, event.o(i.CalcAbsDay))
<BR><BR>[Stack]<UL><LI>Max Depth = 24<LI>Call Chain = CalcAbsDay
</UL>
<BR>[Calls]<UL><LI><a href="#[6e]">&gt;&gt;</a>&nbsp;&nbsp;&nbsp;Bcd_To_Hex
</UL>
<BR>[Called By]<UL><LI><a href="#[9e]">&gt;&gt;</a>&nbsp;&nbsp;&nbsp;CalcTime
<LI><a href="#[fe]">&gt;&gt;</a>&nbsp;&nbsp;&nbsp;Uart_Proc
<LI><a href="#[17a]">&gt;&gt;</a>&nbsp;&nbsp;&nbsp;Powerd_Data_Process
<LI><a href="#[ee]">&gt;&gt;</a>&nbsp;&nbsp;&nbsp;CommSetRtc
</UL>

<P><STRONG><a name="[9d]"></a>CalcAbsMin</STRONG> (Thumb, 28 bytes, Stack size 16 bytes, event.o(i.CalcAbsMin))
<BR><BR>[Stack]<UL><LI>Max Depth = 16<LI>Call Chain = CalcAbsMin
</UL>
<BR>[Calls]<UL><LI><a href="#[6e]">&gt;&gt;</a>&nbsp;&nbsp;&nbsp;Bcd_To_Hex
</UL>
<BR>[Called By]<UL><LI><a href="#[9e]">&gt;&gt;</a>&nbsp;&nbsp;&nbsp;CalcTime
<LI><a href="#[fe]">&gt;&gt;</a>&nbsp;&nbsp;&nbsp;Uart_Proc
</UL>

<P><STRONG><a name="[9e]"></a>CalcTime</STRONG> (Thumb, 30 bytes, Stack size 16 bytes, event.o(i.CalcTime))
<BR><BR>[Stack]<UL><LI>Max Depth = 40<LI>Call Chain = CalcTime &rArr; CalcAbsDay
</UL>
<BR>[Calls]<UL><LI><a href="#[9d]">&gt;&gt;</a>&nbsp;&nbsp;&nbsp;CalcAbsMin
<LI><a href="#[9c]">&gt;&gt;</a>&nbsp;&nbsp;&nbsp;CalcAbsDay
</UL>
<BR>[Called By]<UL><LI><a href="#[1b3]">&gt;&gt;</a>&nbsp;&nbsp;&nbsp;ReadLoadRec
<LI><a href="#[198]">&gt;&gt;</a>&nbsp;&nbsp;&nbsp;Load_Judge
<LI><a href="#[1a8]">&gt;&gt;</a>&nbsp;&nbsp;&nbsp;Pd_Calculate_Judge
</UL>

<P><STRONG><a name="[9f]"></a>Calc_Pwr_Proc</STRONG> (Thumb, 688 bytes, Stack size 32 bytes, money.o(i.Calc_Pwr_Proc))
[...]
</UL>
<BR>[Called By]<UL><LI><a href="#[135]">&gt;&gt;</a>&nbsp;&nbsp;&nbsp;Temperpara_Verify
<LI><a href="#[172]">&gt;&gt;</a>&nbsp;&nbsp;&nbsp;Mode_Verify
<LI><a href="#[120]">&gt;&gt;</a>&nbsp;&nbsp;&nbsp;Display_Para_Verify
<LI><a href="#[101]">&gt;&gt;</a>&nbsp;&nbsp;&nbsp;Commaddr_Verify
<LI><a href="#[1c5]">&gt;&gt;</a>&nbsp;&nbsp;&nbsp;feik_Num_Verify
<LI><a href="#[1c6]">&gt;&gt;</a>&nbsp;&nbsp;&nbsp;Week_Holiday_Verify
<LI><a href="#[1c3]">&gt;&gt;</a>&nbsp;&nbsp;&nbsp;Starttimer_Verify
<LI><a href="#[12f]">&gt;&gt;</a>&nbsp;&nbsp;&nbsp;Esam_Para_Verify
<LI><a href="#[59]">&gt;&gt;</a>&nbsp;&nbsp;&nbsp;Emu_Reg_Verify
<LI><a href="#[58]">&gt;&gt;</a>&nbsp;&nbsp;&nbsp;Emu_Para_Verify
</UL>

<P><STRONG><a name="[18d]"></a>VolPassRate</STRONG> (Thumb, 522 bytes, Stack size 24 bytes, money.o(i.VolPassRate))
<BR><BR>[Stack]<UL><LI>Max Depth = 404<LI>Call Chain = VolPassRate &rArr; InitVolSts &rArr; I2C_Write_Eeprom &rArr; I2C_Write_Bottom &rArr; Sendaddr
</UL>
<BR>[Calls]<UL><LI><a href="#[90]">&gt;&gt;</a>&nbsp;&nbsp;&nbsp;InitVolSts
<LI><a href="#[65]">&gt;&gt;</a>&nbsp;&nbsp;&nbsp;Hex2Bcd_SS
<LI><a href="#[44]">&gt;&gt;</a>&nbsp;&nbsp;&nbsp;__aeabi_ui2f
<LI><a href="#[3a]">&gt;&gt;</a>&nbsp;&nbsp;&nbsp;__aeabi_fdiv
<LI><a href="#[64]">&gt;&gt;</a>&nbsp;&nbsp;&nbsp;__aeabi_f2uiz
<LI><a href="#[18b]">&gt;&gt;</a>&nbsp;&nbsp;&nbsp;Byte2Short
<LI><a href="#[55]">&gt;&gt;</a>&nbsp;&nbsp;&nbsp;__aeabi_memcpy
</UL>
<BR>[Called By]<UL><LI><a href="#[12d]">&gt;&gt;</a>&nbsp;&nbsp;&nbsp;Judge_Uip_Data
</UL>

<P><STRONG><a name="[6]"></a>WWDT_IRQHandler</STRONG> (Thumb, 14 bytes, Stack size 8 bytes, interrupt.o(i.WWDT_IRQHandler))
<BR><BR>[Stack]<UL><LI>Max Depth = 8<LI>Call Chain = WWDT_IRQHandler
</UL>
<BR>[Calls]<UL><LI><a href="#[159]">&gt;&gt;</a>&nbsp;&nbsp;&nbsp;Clear_W_Wdt
</UL>
<BR>[Address Reference Count : 1]<UL><LI> startup_fm32l0xx.o(RESET)
</UL>
<P><STRONG><a name="[16a]"></a>WWDT_Init</STRONG> (Thumb, 12 bytes, Stack size 0 bytes, init.o(i.WWDT_Init))
<BR><BR>[Called By]<UL><LI><a href="#[165]">&gt;&gt;</a>&nbsp;&nbsp;&nbsp;Init_System
</UL>

<P><STRONG><a name="[162]"></a>Wait_for_end</STRONG> (Thumb, 66 bytes, Stack size 24 bytes, i2c.o(i.Wait_for_end))
<BR><BR>[Stack]<UL><LI>Max Depth = 24<LI>Call Chain = Wait_for_end
</UL>
<BR>[Calls]<UL><LI><a href="#[105]">&gt;&gt;</a>&nbsp;&nbsp;&nbsp;SystemTicksInterval
<LI><a href="#[161]">&gt;&gt;</a>&nbsp;&nbsp;&nbsp;I2c_Send_Byte
<LI><a href="#[15f]">&gt;&gt;</a>&nbsp;&nbsp;&nbsp;I2c_Send_Bit
</UL>
<BR>[Called By]<UL><LI><a href="#[160]">&gt;&gt;</a>&nbsp;&nbsp;&nbsp;I2C_Write_Bottom
</UL>

<P><STRONG><a name="[1c6]"></a>Week_Holiday_Verify</STRONG> (Thumb, 30 bytes, Stack size 8 bytes, verify.o(i.Week_Holiday_Verify))
<BR><BR>[Stack]<UL><LI>Max Depth = 404<LI>Call Chain = Week_Holiday_Verify &rArr; Verify_para &rArr; I2C_Write_Eeprom &rArr; I2C_Write_Bottom &rArr; Sendaddr
</UL>
<BR>[Calls]<UL><LI><a href="#[55]">&gt;&gt;</a>&nbsp;&nbsp;&nbsp;__aeabi_memcpy
<LI><a href="#[102]">&gt;&gt;</a>&nbsp;&nbsp;&nbsp;Verify_para
</UL>
<BR>[Called By]<UL><LI><a href="#[175]">&gt;&gt;</a>&nbsp;&nbsp;&nbsp;Timezone_Judge
</UL>

<P><STRONG><a name="[cf]"></a>Wr_Powerdown_Data</STRONG> (Thumb, 358 bytes, Stack size 72 bytes, interrupt.o(i.Wr_Powerdown_Data))
<BR><BR>[Stack]<UL><LI>Max Depth = 444<LI>Call Chain = Wr_Powerdown_Data &rArr; I2C_Write_Eeprom &rArr; I2C_Write_Bottom &rArr; Sendaddr
</UL>
<BR>[Calls]<UL><LI><a href="#[b5]">&gt;&gt;</a>&nbsp;&nbsp;&nbsp;I2C_Write_Eeprom
<LI><a href="#[1e4]">&gt;&gt;</a>&nbsp;&nbsp;&nbsp;Short2Byte
<LI><a href="#[96]">&gt;&gt;</a>&nbsp;&nbsp;&nbsp;__aeabi_memclr4
<LI><a href="#[55]">&gt;&gt;</a>&nbsp;&nbsp;&nbsp;__aeabi_memcpy
</UL>
<BR>[Called By]<UL><LI><a href="#[198]">&gt;&gt;</a>&nbsp;&nbsp;&nbsp;Load_Judge
<LI><a href="#[1c2]">&gt;&gt;</a>&nbsp;&nbsp;&nbsp;Store_Data
<LI><a href="#[17a]">&gt;&gt;</a>&nbsp;&nbsp;&nbsp;Powerd_Data_Process
<LI><a href="#[c6]">&gt;&gt;</a>&nbsp;&nbsp;&nbsp;Clear_Meter
<LI><a href="#[f2]">&gt;&gt;</a>&nbsp;&nbsp;&nbsp;CommSetRtc_Adj
</UL>

<P><STRONG><a name="[d1]"></a>Wr_Pretime_Dayfreeze</STRONG> (Thumb, 2 bytes, Stack size 0 bytes, money.o(i.Wr_Pretime_Dayfreeze))
<BR><BR>[Called By]<UL><LI><a href="#[fe]">&gt;&gt;</a>&nbsp;&nbsp;&nbsp;Uart_Proc
<LI><a href="#[b6]">&gt;&gt;</a>&nbsp;&nbsp;&nbsp;Freeze_Dl
<LI><a href="#[c6]">&gt;&gt;</a>&nbsp;&nbsp;&nbsp;Clear_Meter
<LI><a href="#[f2]">&gt;&gt;</a>&nbsp;&nbsp;&nbsp;CommSetRtc_Adj
</UL>

<P><STRONG><a name="[d0]"></a>Wr_Pretime_Hisfreeze</STRONG> (Thumb, 46 bytes, Stack size 16 bytes, money.o(i.Wr_Pretime_Hisfreeze))
<BR><BR>[Stack]<UL><LI>Max Depth = 388<LI>Call Chain = Wr_Pretime_Hisfreeze &rArr; I2C_Write_Eeprom &rArr; I2C_Write_Bottom &rArr; Sendaddr
</UL>
<BR>[Calls]<UL><LI><a href="#[b5]">&gt;&gt;</a>&nbsp;&nbsp;&nbsp;I2C_Write_Eeprom
<LI><a href="#[98]">&gt;&gt;</a>&nbsp;&nbsp;&nbsp;I2C_Read_Eeprom
<LI><a href="#[f4]">&gt;&gt;</a>&nbsp;&nbsp;&nbsp;Cmp_Bcd_Inv
</UL>
<BR>[Called By]<UL><LI><a href="#[17b]">&gt;&gt;</a>&nbsp;&nbsp;&nbsp;Pd_Histroyfreeze_Judge
<LI><a href="#[c6]">&gt;&gt;</a>&nbsp;&nbsp;&nbsp;Clear_Meter
<LI><a href="#[ca]">&gt;&gt;</a>&nbsp;&nbsp;&nbsp;Process_Usedl
<LI><a href="#[f2]">&gt;&gt;</a>&nbsp;&nbsp;&nbsp;CommSetRtc_Adj
</UL>

<P><STRONG><a name="[115]"></a>WriteBinWithMac</STRONG> (Thumb, 114 bytes, Stack size 40 bytes, u7816.o(i.WriteBinWithMac))
<BR><BR>[Stack]<UL><LI>Max Depth = 120<LI>Call Chain = WriteBinWithMac &rArr; CardTxRxFrame &rArr; Snd_7816_Byte &rArr; Delay_Netu &rArr; TicksDelayUs
</UL>
<BR>[Calls]<UL><LI><a href="#[78]">&gt;&gt;</a>&nbsp;&nbsp;&nbsp;RxTxCommhead
<LI><a href="#[79]">&gt;&gt;</a>&nbsp;&nbsp;&nbsp;CardTxRxFrame
<LI><a href="#[55]">&gt;&gt;</a>&nbsp;&nbsp;&nbsp;__aeabi_memcpy
</UL>
<BR>[Called By]<UL><LI><a href="#[114]">&gt;&gt;</a>&nbsp;&nbsp;&nbsp;Update_ESAM_Bin_Mac
<LI><a href="#[113]">&gt;&gt;</a>&nbsp;&nbsp;&nbsp;Decrypt
</UL>

<P><STRONG><a name="[80]"></a>WriteE2WithBackup</STRONG> (Thumb, 62 bytes, Stack size 24 bytes, i2c.o(i.WriteE2WithBackup))
<BR><BR>[Stack]<UL><LI>Max Depth = 396<LI>Call Chain = WriteE2WithBackup &rArr; I2C_Write_Eeprom &rArr; I2C_Write_Bottom &rArr; Sendaddr
</UL>
<BR>[Calls]<UL><LI><a href="#[b5]">&gt;&gt;</a>&nbsp;&nbsp;&nbsp;I2C_Write_Eeprom
</UL>
<BR>[Called By]<UL><LI><a href="#[148]">&gt;&gt;</a>&nbsp;&nbsp;&nbsp;SynEeprom
<LI><a href="#[f5]">&gt;&gt;</a>&nbsp;&nbsp;&nbsp;Write_Event_Point
<LI><a href="#[c7]">&gt;&gt;</a>&nbsp;&nbsp;&nbsp;ClrRecTimes
<LI><a href="#[fe]">&gt;&gt;</a>&nbsp;&nbsp;&nbsp;Uart_Proc
<LI><a href="#[106]">&gt;&gt;</a>&nbsp;&nbsp;&nbsp;UpdateSysPara
<LI><a href="#[15b]">&gt;&gt;</a>&nbsp;&nbsp;&nbsp;Year_Ladder_Judge
<LI><a href="#[9f]">&gt;&gt;</a>&nbsp;&nbsp;&nbsp;Calc_Pwr_Proc
<LI><a href="#[133]">&gt;&gt;</a>&nbsp;&nbsp;&nbsp;Factory_Init
<LI><a href="#[c6]">&gt;&gt;</a>&nbsp;&nbsp;&nbsp;Clear_Meter
<LI><a href="#[af]">&gt;&gt;</a>&nbsp;&nbsp;&nbsp;Changecontrol_Process
<LI><a href="#[12f]">&gt;&gt;</a>&nbsp;&nbsp;&nbsp;Esam_Para_Verify
<LI><a href="#[147]">&gt;&gt;</a>&nbsp;&nbsp;&nbsp;Freeze_Usedl
<LI><a href="#[14f]">&gt;&gt;</a>&nbsp;&nbsp;&nbsp;UIP_K
<LI><a href="#[bc]">&gt;&gt;</a>&nbsp;&nbsp;&nbsp;Ib_K
<LI><a href="#[7f]">&gt;&gt;</a>&nbsp;&nbsp;&nbsp;Backup_Para_7051
<LI><a href="#[f8]">&gt;&gt;</a>&nbsp;&nbsp;&nbsp;Comm_Write_Reg
<LI><a href="#[f7]">&gt;&gt;</a>&nbsp;&nbsp;&nbsp;CommWriteCalData
<LI><a href="#[b7]">&gt;&gt;</a>&nbsp;&nbsp;&nbsp;Check_Err_Pro
</UL>

<P><STRONG><a name="[b3]"></a>WriteE2WithJieti</STRONG> (Thumb, 32 bytes, Stack size 16 bytes, tariff.o(i.WriteE2WithJieti))
<BR><BR>[Stack]<UL><LI>Max Depth = 388<LI>Call Chain = WriteE2WithJieti &rArr; I2C_Write_Eeprom &rArr; I2C_Write_Bottom &rArr; Sendaddr
</UL>
<BR>[Calls]<UL><LI><a href="#[a3]">&gt;&gt;</a>&nbsp;&nbsp;&nbsp;Crc_16Bits_Add2
<LI><a href="#[b5]">&gt;&gt;</a>&nbsp;&nbsp;&nbsp;I2C_Write_Eeprom
</UL>
<BR>[Called By]<UL><LI><a href="#[fe]">&gt;&gt;</a>&nbsp;&nbsp;&nbsp;Uart_Proc
<LI><a href="#[af]">&gt;&gt;</a>&nbsp;&nbsp;&nbsp;Changecontrol_Process
</UL>

<P><STRONG><a name="[f5]"></a>Write_Event_Point</STRONG> (Thumb, 206 bytes, Stack size 88 bytes, event.o(i.Write_Event_Point))
<BR><BR>[Stack]<UL><LI>Max Depth = 484<LI>Call Chain = Write_Event_Point &rArr; WriteE2WithBackup &rArr; I2C_Write_Eeprom &rArr; I2C_Write_Bottom &rArr; Sendaddr
</UL>
<BR>[Calls]<UL><LI><a href="#[80]">&gt;&gt;</a>&nbsp;&nbsp;&nbsp;WriteE2WithBackup
<LI><a href="#[e3]">&gt;&gt;</a>&nbsp;&nbsp;&nbsp;ReadE2WithBackup
<LI><a href="#[152]">&gt;&gt;</a>&nbsp;&nbsp;&nbsp;IsFlashRec
<LI><a href="#[55]">&gt;&gt;</a>&nbsp;&nbsp;&nbsp;__aeabi_memcpy
<LI><a href="#[2b]">&gt;&gt;</a>&nbsp;&nbsp;&nbsp;__aeabi_idivmod
<LI><a href="#[2c]">&gt;&gt;</a>&nbsp;&nbsp;&nbsp;__aeabi_uidivmod
</UL>
<BR>[Called By]<UL><LI><a href="#[6b]">&gt;&gt;</a>&nbsp;&nbsp;&nbsp;Event_Record
<LI><a href="#[1a8]">&gt;&gt;</a>&nbsp;&nbsp;&nbsp;Pd_Calculate_Judge
<LI><a href="#[f6]">&gt;&gt;</a>&nbsp;&nbsp;&nbsp;Freeze_Pddata
<LI><a href="#[b6]">&gt;&gt;</a>&nbsp;&nbsp;&nbsp;Freeze_Dl
<LI><a href="#[14b]">&gt;&gt;</a>&nbsp;&nbsp;&nbsp;Hour_Freeze_Dl
<LI><a href="#[1c1]">&gt;&gt;</a>&nbsp;&nbsp;&nbsp;ShiquRecord
<LI><a href="#[f2]">&gt;&gt;</a>&nbsp;&nbsp;&nbsp;CommSetRtc_Adj
</UL>

<P><STRONG><a name="[199]"></a>Write_Load_Point</STRONG> (Thumb, 136 bytes, Stack size 16 bytes, event.o(i.Write_Load_Point))
<BR><BR>[Stack]<UL><LI>Max Depth = 36<LI>Call Chain = Write_Load_Point &rArr; Crc_16Bits
</UL>
<BR>[Calls]<UL><LI><a href="#[c5]">&gt;&gt;</a>&nbsp;&nbsp;&nbsp;Crc_16Bits
<LI><a href="#[55]">&gt;&gt;</a>&nbsp;&nbsp;&nbsp;__aeabi_memcpy
<LI><a href="#[2c]">&gt;&gt;</a>&nbsp;&nbsp;&nbsp;__aeabi_uidivmod
</UL>
<BR>[Called By]<UL><LI><a href="#[198]">&gt;&gt;</a>&nbsp;&nbsp;&nbsp;Load_Judge
</UL>

<P><STRONG><a name="[1b5]"></a>Xor_Data</STRONG> (Thumb, 26 bytes, Stack size 12 bytes, uartx.o(i.Xor_Data))
<BR><BR>[Stack]<UL><LI>Max Depth = 12<LI>Call Chain = Xor_Data
</UL>
<BR>[Called By]<UL><LI><a href="#[fe]">&gt;&gt;</a>&nbsp;&nbsp;&nbsp;Uart_Proc
<LI><a href="#[174]">&gt;&gt;</a>&nbsp;&nbsp;&nbsp;Read_Sysclock
<LI><a href="#[1c9]">&gt;&gt;</a>&nbsp;&nbsp;&nbsp;UpdateEepromKey
<LI><a href="#[1ba]">&gt;&gt;</a>&nbsp;&nbsp;&nbsp;Report_Response
</UL>

<P><STRONG><a name="[1c8]"></a>Yc_Auth</STRONG> (Thumb, 198 bytes, Stack size 16 bytes, uartx.o(i.Yc_Auth))
<BR><BR>[Stack]<UL><LI>Max Depth = 144<LI>Call Chain = Yc_Auth &rArr; Authorization &rArr; Auth_In_Out &rArr; CardTxRxFrame &rArr; Snd_7816_Byte &rArr; Delay_Netu &rArr; TicksDelayUs
</UL>
<BR>[Calls]<UL><LI><a href="#[53]">&gt;&gt;</a>&nbsp;&nbsp;&nbsp;Exchange
<LI><a href="#[e8]">&gt;&gt;</a>&nbsp;&nbsp;&nbsp;Cmp_Meter_Id
<LI><a href="#[7a]">&gt;&gt;</a>&nbsp;&nbsp;&nbsp;Authorization
<LI><a href="#[d3]">&gt;&gt;</a>&nbsp;&nbsp;&nbsp;Clear_Rand_Gene
<LI><a href="#[55]">&gt;&gt;</a>&nbsp;&nbsp;&nbsp;__aeabi_memcpy
<LI><a href="#[180]">&gt;&gt;</a>&nbsp;&nbsp;&nbsp;LoopInverse
</UL>
<BR>[Called By]<UL><LI><a href="#[fe]">&gt;&gt;</a>&nbsp;&nbsp;&nbsp;Uart_Proc
</UL>

<P><STRONG><a name="[15b]"></a>Year_Ladder_Judge</STRONG> (Thumb, 208 bytes, Stack size 32 bytes, tariff.o(i.Year_Ladder_Judge))
<BR><BR>[Stack]<UL><LI>Max Depth = 1164<LI>Call Chain = Year_Ladder_Judge &rArr; Freeze_Change_Judge &rArr; Freeze_Dl &rArr; SynEeprom &rArr; WriteE2WithBackup &rArr; I2C_Write_Eeprom &rArr; I2C_Write_Bottom &rArr; Sendaddr
</UL>
<BR>[Calls]<UL><LI><a href="#[80]">&gt;&gt;</a>&nbsp;&nbsp;&nbsp;WriteE2WithBackup
<LI><a href="#[e3]">&gt;&gt;</a>&nbsp;&nbsp;&nbsp;ReadE2WithBackup
<LI><a href="#[7c]">&gt;&gt;</a>&nbsp;&nbsp;&nbsp;Cmp_Data
<LI><a href="#[c0]">&gt;&gt;</a>&nbsp;&nbsp;&nbsp;ChkBufZero
<LI><a href="#[190]">&gt;&gt;</a>&nbsp;&nbsp;&nbsp;Ladderdata_Check
<LI><a href="#[146]">&gt;&gt;</a>&nbsp;&nbsp;&nbsp;JudgeYearClock
<LI><a href="#[145]">&gt;&gt;</a>&nbsp;&nbsp;&nbsp;Freeze_Change_Judge
<LI><a href="#[107]">&gt;&gt;</a>&nbsp;&nbsp;&nbsp;Config_ShiQuLad_Proc
<LI><a href="#[af]">&gt;&gt;</a>&nbsp;&nbsp;&nbsp;Changecontrol_Process
<LI><a href="#[14a]">&gt;&gt;</a>&nbsp;&nbsp;&nbsp;Cmp_Clock
</UL>
<BR>[Called By]<UL><LI><a href="#[1d1]">&gt;&gt;</a>&nbsp;&nbsp;&nbsp;Vector_Event_Proc
<LI><a href="#[165]">&gt;&gt;</a>&nbsp;&nbsp;&nbsp;Init_System
<LI><a href="#[14c]">&gt;&gt;</a>&nbsp;&nbsp;&nbsp;Histroy_Freeze_Dl
</UL>

<P><STRONG><a name="[4d]"></a>__ARM_clz</STRONG> (Thumb, 46 bytes, Stack size 0 bytes, depilogue.o(i.__ARM_clz))
<BR><BR>[Called By]<UL><LI><a href="#[3d]">&gt;&gt;</a>&nbsp;&nbsp;&nbsp;_double_epilogue
</UL>

<P><STRONG><a name="[fb]"></a>__ARM_common_ll_muluu</STRONG> (Thumb, 48 bytes, Stack size 24 bytes, uartx.o(i.__ARM_common_ll_muluu))
<BR><BR>[Stack]<UL><LI>Max Depth = 24<LI>Call Chain = __ARM_common_ll_muluu
</UL>
<BR>[Called By]<UL><LI><a href="#[fc]">&gt;&gt;</a>&nbsp;&nbsp;&nbsp;Comm_Calculate_Dl
<LI><a href="#[fa]">&gt;&gt;</a>&nbsp;&nbsp;&nbsp;Comm_Calculate_Comp_Rp
</UL>

<P><STRONG><a name="[6f]"></a>__ARM_common_switch8</STRONG> (Thumb, 28 bytes, Stack size 8 bytes, fm32l0xx_rcc.o(i.__ARM_common_switch8))
<BR><BR>[Stack]<UL><LI>Max Depth = 8<LI>Call Chain = __ARM_common_switch8
</UL>
<BR>[Called By]<UL><LI><a href="#[1b3]">&gt;&gt;</a>&nbsp;&nbsp;&nbsp;ReadLoadRec
<LI><a href="#[198]">&gt;&gt;</a>&nbsp;&nbsp;&nbsp;Load_Judge
<LI><a href="#[fe]">&gt;&gt;</a>&nbsp;&nbsp;&nbsp;Uart_Proc
<LI><a href="#[12c]">&gt;&gt;</a>&nbsp;&nbsp;&nbsp;Read_UIP
<LI><a href="#[18e]">&gt;&gt;</a>&nbsp;&nbsp;&nbsp;LCD_Num_Data
<LI><a href="#[184]">&gt;&gt;</a>&nbsp;&nbsp;&nbsp;Judge_645_Frame
<LI><a href="#[16f]">&gt;&gt;</a>&nbsp;&nbsp;&nbsp;Lcd_Display
<LI><a href="#[6d]">&gt;&gt;</a>&nbsp;&nbsp;&nbsp;AddNClock
<LI><a href="#[1b2]">&gt;&gt;</a>&nbsp;&nbsp;&nbsp;ReadFreezedRec
</UL>

<P><STRONG><a name="[1fb]"></a>__scatterload_copy</STRONG> (Thumb, 14 bytes, Stack size unknown bytes, handlers.o(i.__scatterload_copy), UNUSED)

<P><STRONG><a name="[1fc]"></a>__scatterload_null</STRONG> (Thumb, 2 bytes, Stack size unknown bytes, handlers.o(i.__scatterload_null), UNUSED)

<P><STRONG><a name="[1fd]"></a>__scatterload_zeroinit</STRONG> (Thumb, 14 bytes, Stack size unknown bytes, handlers.o(i.__scatterload_zeroinit), UNUSED)

<P><STRONG><a name="[1c5]"></a>feik_Num_Verify</STRONG> (Thumb, 30 bytes, Stack size 8 bytes, verify.o(i.feik_Num_Verify))
<BR><BR>[Stack]<UL><LI>Max Depth = 404<LI>Call Chain = feik_Num_Verify &rArr; Verify_para &rArr; I2C_Write_Eeprom &rArr; I2C_Write_Bottom &rArr; Sendaddr
</UL>
<BR>[Calls]<UL><LI><a href="#[55]">&gt;&gt;</a>&nbsp;&nbsp;&nbsp;__aeabi_memcpy
<LI><a href="#[102]">&gt;&gt;</a>&nbsp;&nbsp;&nbsp;Verify_para
</UL>
<BR>[Called By]<UL><LI><a href="#[175]">&gt;&gt;</a>&nbsp;&nbsp;&nbsp;Timezone_Judge
</UL>

<P><STRONG><a name="[28]"></a>isPowerOff</STRONG> (Thumb, 18 bytes, Stack size 0 bytes, init.o(i.isPowerOff))
<BR><BR>[Called By]<UL><LI><a href="#[e9]">&gt;&gt;</a>&nbsp;&nbsp;&nbsp;ColdReset
</UL>
<BR>[Address Reference Count : 1]<UL><LI> u7816.o(i.ColdReset)
</UL>
<P><STRONG><a name="[25]"></a>main</STRONG> (Thumb, 46 bytes, Stack size 0 bytes, mainproc.o(i.main))
<BR><BR>[Stack]<UL><LI>Max Depth = 2364<LI>Call Chain = main &rArr; Comm_Event_Proc &rArr; Uart_Proc &rArr; JudgeSwitch2 &rArr; Freeze_Dl &rArr; SynEeprom &rArr; WriteE2WithBackup &rArr; I2C_Write_Eeprom &rArr; I2C_Write_Bottom &rArr; Sendaddr
</UL>
<BR>[Calls]<UL><LI><a href="#[51]">&gt;&gt;</a>&nbsp;&nbsp;&nbsp;Clear_Wdt
<LI><a href="#[1d1]">&gt;&gt;</a>&nbsp;&nbsp;&nbsp;Vector_Event_Proc
<LI><a href="#[1be]">&gt;&gt;</a>&nbsp;&nbsp;&nbsp;Sclock_Event_Proc
<LI><a href="#[12b]">&gt;&gt;</a>&nbsp;&nbsp;&nbsp;Energy_Event_Proc
<LI><a href="#[fd]">&gt;&gt;</a>&nbsp;&nbsp;&nbsp;Comm_Event_Proc
<LI><a href="#[165]">&gt;&gt;</a>&nbsp;&nbsp;&nbsp;Init_System
<LI><a href="#[167]">&gt;&gt;</a>&nbsp;&nbsp;&nbsp;Init_Arm0
<LI><a href="#[5b]">&gt;&gt;</a>&nbsp;&nbsp;&nbsp;Adc_Proc
</UL>
<BR>[Called By]<UL><LI><a href="#[26]">&gt;&gt;</a>&nbsp;&nbsp;&nbsp;SystemInit
</UL>
<BR>[Address Reference Count : 1]<UL><LI> entry9a.o(.ARM.Collect$$$$0000000B)
</UL><P>
<H3>
Local Symbols
</H3>
<P><STRONG><a name="[177]"></a>NVIC_ClearPendingIRQ</STRONG> (Thumb, 18 bytes, Stack size 0 bytes, init.o(i.NVIC_ClearPendingIRQ))
<BR><BR>[Called By]<UL><LI><a href="#[165]">&gt;&gt;</a>&nbsp;&nbsp;&nbsp;Init_System
</UL>

<P><STRONG><a name="[178]"></a>NVIC_DisableIRQ</STRONG> (Thumb, 18 bytes, Stack size 0 bytes, init.o(i.NVIC_DisableIRQ))
<BR><BR>[Called By]<UL><LI><a href="#[165]">&gt;&gt;</a>&nbsp;&nbsp;&nbsp;Init_System
</UL>

<P><STRONG><a name="[17d]"></a>NVIC_EnableIRQ</STRONG> (Thumb, 18 bytes, Stack size 0 bytes, init.o(i.NVIC_EnableIRQ))
<BR><BR>[Called By]<UL><LI><a href="#[165]">&gt;&gt;</a>&nbsp;&nbsp;&nbsp;Init_System
</UL>

<P><STRONG><a name="[dc]"></a>NVIC_ClearPendingIRQ</STRONG> (Thumb, 18 bytes, Stack size 0 bytes, interrupt.o(i.NVIC_ClearPendingIRQ))
<BR><BR>[Called By]<UL><LI><a href="#[da]">&gt;&gt;</a>&nbsp;&nbsp;&nbsp;Close_And_ClearIRQ
<LI><a href="#[100]">&gt;&gt;</a>&nbsp;&nbsp;&nbsp;Sleep
</UL>

<P><STRONG><a name="[db]"></a>NVIC_DisableIRQ</STRONG> (Thumb, 18 bytes, Stack size 0 bytes, interrupt.o(i.NVIC_DisableIRQ))
<BR><BR>[Called By]<UL><LI><a href="#[21]">&gt;&gt;</a>&nbsp;&nbsp;&nbsp;ETIMER2_IRQHandler
<LI><a href="#[10a]">&gt;&gt;</a>&nbsp;&nbsp;&nbsp;Configure_Register_Sleep
<LI><a href="#[da]">&gt;&gt;</a>&nbsp;&nbsp;&nbsp;Close_And_ClearIRQ
<LI><a href="#[100]">&gt;&gt;</a>&nbsp;&nbsp;&nbsp;Sleep
</UL>

<P><STRONG><a name="[110]"></a>NVIC_EnableIRQ</STRONG> (Thumb, 18 bytes, Stack size 0 bytes, interrupt.o(i.NVIC_EnableIRQ))
<BR><BR>[Called By]<UL><LI><a href="#[10a]">&gt;&gt;</a>&nbsp;&nbsp;&nbsp;Configure_Register_Sleep
<LI><a href="#[100]">&gt;&gt;</a>&nbsp;&nbsp;&nbsp;Sleep
</UL>

<P><STRONG><a name="[10f]"></a>NVIC_SetPriority</STRONG> (Thumb, 110 bytes, Stack size 8 bytes, interrupt.o(i.NVIC_SetPriority))
<BR><BR>[Stack]<UL><LI>Max Depth = 8<LI>Call Chain = NVIC_SetPriority
</UL>
<BR>[Called By]<UL><LI><a href="#[10a]">&gt;&gt;</a>&nbsp;&nbsp;&nbsp;Configure_Register_Sleep
<LI><a href="#[100]">&gt;&gt;</a>&nbsp;&nbsp;&nbsp;Sleep
</UL>

<P><STRONG><a name="[1d4]"></a>NVIC_DisableIRQ</STRONG> (Thumb, 18 bytes, Stack size 0 bytes, verify.o(i.NVIC_DisableIRQ))
<BR><BR>[Called By]<UL><LI><a href="#[173]">&gt;&gt;</a>&nbsp;&nbsp;&nbsp;Veri_Uart_All
<LI><a href="#[1e2]">&gt;&gt;</a>&nbsp;&nbsp;&nbsp;Veri_Wwdt
<LI><a href="#[1dc]">&gt;&gt;</a>&nbsp;&nbsp;&nbsp;Veri_SVD_Ctrl
<LI><a href="#[1db]">&gt;&gt;</a>&nbsp;&nbsp;&nbsp;Veri_Rtc
<LI><a href="#[1d9]">&gt;&gt;</a>&nbsp;&nbsp;&nbsp;Veri_Etmr4
<LI><a href="#[1d8]">&gt;&gt;</a>&nbsp;&nbsp;&nbsp;Veri_Etmr2
<LI><a href="#[1d7]">&gt;&gt;</a>&nbsp;&nbsp;&nbsp;Veri_Btmr2
<LI><a href="#[1d2]">&gt;&gt;</a>&nbsp;&nbsp;&nbsp;Veri_Btmr1
</UL>

<P><STRONG><a name="[1d6]"></a>NVIC_EnableIRQ</STRONG> (Thumb, 18 bytes, Stack size 0 bytes, verify.o(i.NVIC_EnableIRQ))
<BR><BR>[Called By]<UL><LI><a href="#[173]">&gt;&gt;</a>&nbsp;&nbsp;&nbsp;Veri_Uart_All
<LI><a href="#[1e2]">&gt;&gt;</a>&nbsp;&nbsp;&nbsp;Veri_Wwdt
<LI><a href="#[1db]">&gt;&gt;</a>&nbsp;&nbsp;&nbsp;Veri_Rtc
<LI><a href="#[1d9]">&gt;&gt;</a>&nbsp;&nbsp;&nbsp;Veri_Etmr4
<LI><a href="#[1d8]">&gt;&gt;</a>&nbsp;&nbsp;&nbsp;Veri_Etmr2
<LI><a href="#[1d7]">&gt;&gt;</a>&nbsp;&nbsp;&nbsp;Veri_Btmr2
<LI><a href="#[1d2]">&gt;&gt;</a>&nbsp;&nbsp;&nbsp;Veri_Btmr1
</UL>

<P><STRONG><a name="[1d5]"></a>NVIC_SetPriority</STRONG> (Thumb, 110 bytes, Stack size 8 bytes, verify.o(i.NVIC_SetPriority))
<BR><BR>[Stack]<UL><LI>Max Depth = 8<LI>Call Chain = NVIC_SetPriority
</UL>
<BR>[Called By]<UL><LI><a href="#[173]">&gt;&gt;</a>&nbsp;&nbsp;&nbsp;Veri_Uart_All
<LI><a href="#[1e2]">&gt;&gt;</a>&nbsp;&nbsp;&nbsp;Veri_Wwdt
<LI><a href="#[1dc]">&gt;&gt;</a>&nbsp;&nbsp;&nbsp;Veri_SVD_Ctrl
<LI><a href="#[1db]">&gt;&gt;</a>&nbsp;&nbsp;&nbsp;Veri_Rtc
<LI><a href="#[1d9]">&gt;&gt;</a>&nbsp;&nbsp;&nbsp;Veri_Etmr4
<LI><a href="#[1d8]">&gt;&gt;</a>&nbsp;&nbsp;&nbsp;Veri_Etmr2
<LI><a href="#[1d7]">&gt;&gt;</a>&nbsp;&nbsp;&nbsp;Veri_Btmr2
<LI><a href="#[1d2]">&gt;&gt;</a>&nbsp;&nbsp;&nbsp;Veri_Btmr1
</UL>
<P>
<H3>
Undefined Global Symbols
</H3><HR></body></html>
