Component: ARM Compiler 5.06 update 1 (build 61) Tool: armlink [4d35a8]

==============================================================================

Image Symbol Table

    Local Symbols

    Symbol Name                              Value     Ov Type        Size  Object(Section)

    RESET                                    0x00000000   Section      192  startup_fm32l0xx.o(RESET)
    ../clib/../cmprslib/zerorunl.c           0x00000000   Number         0  __dczerorl.o ABSOLUTE
    ../clib/microlib/division.c              0x00000000   Number         0  ldiv.o ABSOLUTE
    ../clib/microlib/division.c              0x00000000   Number         0  uldiv.o ABSOLUTE
    ../clib/microlib/division.c              0x00000000   Number         0  idiv.o ABSOLUTE
    ../clib/microlib/division.c              0x00000000   Number         0  uidiv.o ABSOLUTE
    ../clib/microlib/init/entry.s            0x00000000   Number         0  entry8b.o ABSOLUTE
    ../clib/microlib/init/entry.s            0x00000000   Number         0  entry8a.o ABSOLUTE
    ../clib/microlib/init/entry.s            0x00000000   Number         0  entry7b.o ABSOLUTE
    ../clib/microlib/init/entry.s            0x00000000   Number         0  entry7a.o ABSOLUTE
    ../clib/microlib/init/entry.s            0x00000000   Number         0  entry.o ABSOLUTE
    ../clib/microlib/init/entry.s            0x00000000   Number         0  entry2.o ABSOLUTE
    ../clib/microlib/init/entry.s            0x00000000   Number         0  entry5.o ABSOLUTE
    ../clib/microlib/init/entry.s            0x00000000   Number         0  entry10b.o ABSOLUTE
    ../clib/microlib/init/entry.s            0x00000000   Number         0  entry11a.o ABSOLUTE
    ../clib/microlib/init/entry.s            0x00000000   Number         0  entry11b.o ABSOLUTE
    ../clib/microlib/init/entry.s            0x00000000   Number         0  entry10a.o ABSOLUTE
    ../clib/microlib/init/entry.s            0x00000000   Number         0  entry9b.o ABSOLUTE
    ../clib/microlib/init/entry.s            0x00000000   Number         0  entry9a.o ABSOLUTE
    ../clib/microlib/longlong.c              0x00000000   Number         0  llushr.o ABSOLUTE
    ../clib/microlib/longlong.c              0x00000000   Number         0  llshl.o ABSOLUTE
    ../clib/microlib/longlong.c              0x00000000   Number         0  llmul.o ABSOLUTE
    ../clib/microlib/longlong.c              0x00000000   Number         0  llsshr.o ABSOLUTE
    ../clib/microlib/string/memcpy.c         0x00000000   Number         0  memcpya.o ABSOLUTE
    ../clib/microlib/string/memcpy.c         0x00000000   Number         0  memcpyb.o ABSOLUTE
    ../clib/microlib/string/memset.c         0x00000000   Number         0  memseta.o ABSOLUTE
    ../clib/microlib/stubs.s                 0x00000000   Number         0  iusefp.o ABSOLUTE
    ../fplib/microlib/d2f.c                  0x00000000   Number         0  d2f.o ABSOLUTE
    ../fplib/microlib/f2d.c                  0x00000000   Number         0  f2d.o ABSOLUTE
    ../fplib/microlib/fpadd.c                0x00000000   Number         0  dadd.o ABSOLUTE
    ../fplib/microlib/fpadd.c                0x00000000   Number         0  fadd.o ABSOLUTE
    ../fplib/microlib/fpdiv.c                0x00000000   Number         0  fdiv.o ABSOLUTE
    ../fplib/microlib/fpdiv.c                0x00000000   Number         0  ddiv.o ABSOLUTE
    ../fplib/microlib/fpepilogue.c           0x00000000   Number         0  fepilogue.o ABSOLUTE
    ../fplib/microlib/fpepilogue.c           0x00000000   Number         0  depilogue.o ABSOLUTE
    ../fplib/microlib/fpfix.c                0x00000000   Number         0  ffixi.o ABSOLUTE
    ../fplib/microlib/fpfix.c                0x00000000   Number         0  ffixui.o ABSOLUTE
    ../fplib/microlib/fpfix.c                0x00000000   Number         0  dfixi.o ABSOLUTE
    ../fplib/microlib/fpfix.c                0x00000000   Number         0  dfixui.o ABSOLUTE
    ../fplib/microlib/fpfix.c                0x00000000   Number         0  dfixul.o ABSOLUTE
    ../fplib/microlib/fpfix.c                0x00000000   Number         0  dfixl.o ABSOLUTE
    ../fplib/microlib/fpflt.c                0x00000000   Number         0  fflti.o ABSOLUTE
    ../fplib/microlib/fpflt.c                0x00000000   Number         0  dflti.o ABSOLUTE
    ../fplib/microlib/fpflt.c                0x00000000   Number         0  dfltui.o ABSOLUTE
    ../fplib/microlib/fpflt.c                0x00000000   Number         0  dfltl.o ABSOLUTE
    ../fplib/microlib/fpflt.c                0x00000000   Number         0  ffltui.o ABSOLUTE
    ../fplib/microlib/fpmul.c                0x00000000   Number         0  fmul.o ABSOLUTE
    ../fplib/microlib/fpmul.c                0x00000000   Number         0  dmul.o ABSOLUTE
    ../fplib/microlib/fpscalb.c              0x00000000   Number         0  dscalb.o ABSOLUTE
    ../fplib/microlib/fpscalb.c              0x00000000   Number         0  fscalb.o ABSOLUTE
[...]
    Veri_Pad                                 0x000165d9   Thumb Code   826  verify.o(i.Veri_Pad)
    Veri_Psw                                 0x0001692d   Thumb Code    84  uartx.o(i.Veri_Psw)
    Veri_Rtc                                 0x00016989   Thumb Code   126  verify.o(i.Veri_Rtc)
    Veri_SVD_Ctrl                            0x00016a1d   Thumb Code    80  verify.o(i.Veri_SVD_Ctrl)
    Veri_Sys_Reg                             0x00016a79   Thumb Code    78  verify.o(i.Veri_Sys_Reg)
    Veri_U7816                               0x00016acd   Thumb Code   134  verify.o(i.Veri_U7816)
    Veri_Uart_All                            0x00016b61   Thumb Code   602  verify.o(i.Veri_Uart_All)
    Veri_Wwdt                                0x00016e01   Thumb Code    40  verify.o(i.Veri_Wwdt)
    Verify_Dl                                0x00016e2d   Thumb Code   106  verify.o(i.Verify_Dl)
    Verify_para                              0x00016e97   Thumb Code    76  verify.o(i.Verify_para)
    VolPassRate                              0x00016ee5   Thumb Code   338  money.o(i.VolPassRate)
    WWDT_IRQHandler                          0x00017049   Thumb Code    14  interrupt.o(i.WWDT_IRQHandler)
    WWDT_Init                                0x0001705d   Thumb Code    12  init.o(i.WWDT_Init)
    Wait_for_end                             0x0001706d   Thumb Code    60  i2c.o(i.Wait_for_end)
    Week_Holiday_Verify                      0x000170b5   Thumb Code    30  verify.o(i.Week_Holiday_Verify)
    Wr_Powerdown_Data                        0x000170dd   Thumb Code   286  interrupt.o(i.Wr_Powerdown_Data)
    Wr_Pretime_Dayfreeze                     0x00017231   Thumb Code     2  money.o(i.Wr_Pretime_Dayfreeze)
    Wr_Pretime_Hisfreeze                     0x00017235   Thumb Code    44  money.o(i.Wr_Pretime_Hisfreeze)
    WriteBinWithMac                          0x00017265   Thumb Code    96  u7816.o(i.WriteBinWithMac)
    WriteE2WithBackup                        0x000172d1   Thumb Code    54  i2c.o(i.WriteE2WithBackup)
    WriteE2WithJieti                         0x00017307   Thumb Code    32  tariff.o(i.WriteE2WithJieti)
    Write_Event_Point                        0x00017329   Thumb Code   184  event.o(i.Write_Event_Point)
    Write_Load_Point                         0x000173e9   Thumb Code   120  event.o(i.Write_Load_Point)
    Xor_Data                                 0x00017469   Thumb Code    24  uartx.o(i.Xor_Data)
    Yc_Auth                                  0x00017481   Thumb Code   142  uartx.o(i.Yc_Auth)
    Year_Ladder_Judge                        0x0001752d   Thumb Code   190  tariff.o(i.Year_Ladder_Judge)
    __ARM_clz                                0x000175fd   Thumb Code    46  depilogue.o(i.__ARM_clz)
    __ARM_common_ll_mulss                    0x0001762b   Thumb Code    48  money.o(i.__ARM_common_ll_mulss)
    __ARM_common_ll_muluu                    0x0001765b   Thumb Code    48  uartx.o(i.__ARM_common_ll_muluu)
    __ARM_common_switch8                     0x0001768b   Thumb Code    26  fm32l0xx_rcc.o(i.__ARM_common_switch8)
    __scatterload_copy                       0x000176a5   Thumb Code    14  handlers.o(i.__scatterload_copy)
    __scatterload_null                       0x000176b3   Thumb Code     2  handlers.o(i.__scatterload_null)
    __scatterload_zeroinit                   0x000176b5   Thumb Code    14  handlers.o(i.__scatterload_zeroinit)
    feik_Num_Verify                          0x000176c5   Thumb Code    30  verify.o(i.feik_Num_Verify)
    isPowerOff                               0x000176ed   Thumb Code    18  init.o(i.isPowerOff)
    main                                     0x00017709   Thumb Code    44  mainproc.o(i.main)
    LoadOffset                               0x00017734   Data           6  event.o(.constdata)
    LoadLen                                  0x0001773a   Data           6  event.o(.constdata)
    EventTable                               0x00017750   Data         296  event.o(.constdata)
    MaxRecNum                                0x00017878   Data         100  event.o(.constdata)
    gui_MonthBeginDay                        0x000178dc   Data          24  event.o(.constdata)
    Ee_Addr                                  0x000178f4   Data          52  i2c.o(.constdata)
    Fl_Addr                                  0x00017928   Data          52  i2c.o(.constdata)
    BPS_SPBRGL1                              0x0001795c   Data          18  mainproc.o(.constdata)
    MaxDays                                  0x00017970   Data          12  rtc.o(.constdata)
    ConstIns                                 0x000179c0   Data          12  u7816.o(.constdata)
    Dl_Cpu_Init2                             0x000179cc   Data           4  uenergy-at.o(.constdata)
    Default_Reg                              0x000179d0   Data           6  uenergy-at.o(.constdata)
    Dl_Cpu_Init                              0x000179d8   Data          60  uenergy-at.o(.constdata)
    Region$$Table$$Base                      0x00017a14   Number         0  anon$$obj.o(Region$$Table)
    Region$$Table$$Limit                     0x00017a44   Number         0  anon$$obj.o(Region$$Table)
    clkmode                                  0x0003f800   Data           1  factory.o(Protected)
    rchfcfgreg                               0x0003f804   Data           4  factory.o(Protected)
    runwdtcon                                0x0003f808   Data           4  factory.o(Protected)
    rtcosccfg                                0x0003f80c   Data           1  factory.o(Protected)
    SleepBorCfg                              0x0003f810   Data           4  factory.o(Protected)
    SleepPdrCfg                              0x0003f814   Data           4  factory.o(Protected)
    RunBorCfg                                0x0003f818   Data           4  factory.o(Protected)
    RunPdrCfg                                0x0003f81c   Data           4  factory.o(Protected)
    Compile_LvdLvCfg                         0x0003f820   Data           1  factory.o(Protected)
    Runet1Outcnt                             0x0003f824   Data           4  factory.o(Protected)
    Runrtctmls                               0x0003f828   Data           1  factory.o(Protected)
    IRDutyCycleCfg                           0x0003f82c   Data           4  factory.o(Protected)
    Relay_Mode                               0x0003f830   Data           1  factory.o(Protected)
    C_ucSoftVerForFactory                    0x0003f831   Data           8  factory.o(Protected)
    Correction_Mode                          0x0003f839   Data           1  factory.o(Protected)
    Rn8209c_Mode                             0x0003f83a   Data           1  factory.o(Protected)
    Compile_Polar_485                        0x0003f83b   Data           1  factory.o(Protected)
    Memoryerr_Ctrl                           0x0003f83c   Data           1  factory.o(Protected)
    FlashPowerOff_Ctrl                       0x0003f83d   Data           1  factory.o(Protected)
    EsamPowerOff_Ctrl                        0x0003f83e   Data           1  factory.o(Protected)
    Wwdt_Lcd_Ctrl                            0x0003f83f   Data           1  factory.o(Protected)
    RTC_Trim_Ctrl                            0x0003f840   Data           1  factory.o(Protected)
    SleepPtatOffsetCfg                       0x0003f841   Data           1  factory.o(Protected)
    Extbattery                               0x0003f842   Data           1  factory.o(Protected)
    ExtVoltage                               0x0003f843   Data           1  factory.o(Protected)
    Verdate                                  0x0003f844   Data          24  factory.o(Protected)
    RatedVolt                                0x0003f85c   Data           6  factory.o(Protected)
    RatedCurr                                0x0003f862   Data           6  factory.o(Protected)
    MaxCurr                                  0x0003f868   Data           6  factory.o(Protected)
    MinCurr                                  0x0003f86e   Data           6  factory.o(Protected)
    TrtCurr                                  0x0003f874   Data           6  factory.o(Protected)
    ActiveClass                              0x0003f87a   Data           4  factory.o(Protected)
    ReActiveClass                            0x0003f87e   Data           4  factory.o(Protected)
    MaterType                                0x0003f882   Data          32  factory.o(Protected)
    ProtocolVer                              0x0003f8a2   Data          16  factory.o(Protected)
    SoftwareVer1                             0x0003f8b2   Data          32  factory.o(Protected)
    HardwareVer1                             0x0003f8d2   Data          32  factory.o(Protected)
    FactoryNum                               0x0003f8f2   Data          32  factory.o(Protected)
    Softbk                                   0x0003f912   Data           8  factory.o(Protected)
    Facdate                                  0x0003f91a   Data          10  factory.o(Protected)
    Def_Meterconst_Bcd                       0x0003f924   Data           4  factory.o(Protected)
    Def_Meterconst_Hex                       0x0003f928   Data           1  factory.o(Protected)
    Def_Plusevalidtimer                      0x0003f929   Data           1  factory.o(Protected)
    resetworking_timer_delay                 0x0003f92a   Data           1  factory.o(Protected)
    Bps_9600                                 0x0003f92b   Data           1  factory.o(Protected)
    Zb_Comm_Timer_delay                      0x0003f92c   Data           2  factory.o(Protected)
    Mod_Comm_Timer_delay1                    0x0003f92e   Data           2  factory.o(Protected)
    Mod_Comm_Timer_delay2                    0x0003f930   Data           1  factory.o(Protected)
    Def_Erase_Times                          0x0003f931   Data           1  factory.o(Protected)
    const_xtl_top                            0x0003f934   Data           4  factory.o(Protected)
    const_KL                                 0x0003f938   Data           4  factory.o(Protected)
    const_KH                                 0x0003f93c   Data           4  factory.o(Protected)
    const_TmpsL                              0x0003f940   Data           4  factory.o(Protected)
    const_TmpsH                              0x0003f944   Data           4  factory.o(Protected)
    constF_Volt                              0x0003f948   Data           1  factory.o(Protected)
    const_adc_TrimB                          0x0003f94a   Data           2  factory.o(Protected)
    const_adc_TrimT                          0x0003f94c   Data           2  factory.o(Protected)
    const_KHKL_TrimRange                     0x0003f94e   Data           2  factory.o(Protected)
    const_T_OffsetRun                        0x0003f950   Data           4  factory.o(Protected)
    const_T_OffsetSlp                        0x0003f954   Data           4  factory.o(Protected)
    const_TopNoTrim                          0x0003f958   Data           1  factory.o(Protected)
    const_TopNTRange                         0x0003f959   Data           1  factory.o(Protected)
    const_T_CL                               0x0003f95c   Data           4  factory.o(Protected)
    const_T_CH                               0x0003f960   Data           4  factory.o(Protected)
    const_C_Mode                             0x0003f964   Data           1  factory.o(Protected)
    Relaytimer_Delay_N                       0x0003f965   Data           1  factory.o(Protected)
    Relaytimer_Delay_W                       0x0003f966   Data           1  factory.o(Protected)
    Defaultspacetimer                        0x0003f967   Data           1  factory.o(Protected)
    Defrelayerrorcnt_s                       0x0003f968   Data           1  factory.o(Protected)
    Defrelayerrorcount                       0x0003f969   Data           1  factory.o(Protected)
    Defrelayerrorcount_r                     0x0003f96a   Data           1  factory.o(Protected)
    Def_Dl_Difference                        0x0003f96b   Data           1  factory.o(Protected)
    Def_Plusefiltertimer                     0x0003f96c   Data           1  factory.o(Protected)
    Def_Plusefiltertimer2                    0x0003f96d   Data           1  factory.o(Protected)
    Adjclk_timer_delay_s                     0x0003f96e   Data           1  factory.o(Protected)
    Adjclk_timer_delay                       0x0003f96f   Data           1  factory.o(Protected)
    Defendenergyvoltage                      0x0003f970   Data           2  factory.o(Protected)
    Def_Shielding_I1                         0x0003f972   Data           1  factory.o(Protected)
    Def_Shielding_I2                         0x0003f973   Data           1  factory.o(Protected)
    Def_Shielding_Cos                        0x0003f974   Data           1  factory.o(Protected)
    Defcurrovercount                         0x0003f975   Data           1  factory.o(Protected)
    Defaultpdvoltage                         0x0003f976   Data           2  factory.o(Protected)
    Defaultpddelay                           0x0003f978   Data           1  factory.o(Protected)
    Deflowvoltagecount_s                     0x0003f979   Data           1  factory.o(Protected)
    Deflowvoltagecount                       0x0003f97a   Data           1  factory.o(Protected)
    Uoffset                                  0x0003f97c   Data           2  factory.o(Protected)
    Def_Powerdetcnt2                         0x0003f97e   Data           1  factory.o(Protected)
    ht7017_mclk                              0x0003f97f   Data           1  factory.o(Protected)
    Def_SelfHeat_I                           0x0003f980   Data           4  factory.o(Protected)
    Def_SelfHeat_Cancel                      0x0003f984   Data           1  factory.o(Protected)
    Def_Device_Id                            0x0003f988   Data           4  factory.o(Protected)
    Fulllcdbias                              0x0003f98c   Data           1  factory.o(Protected)
    Runlcdbias                               0x0003f98d   Data           1  factory.o(Protected)
    RunlLCDSET                               0x0003f98e   Data           1  factory.o(Protected)
    RunlLCDDRV                               0x0003f98f   Data           1  factory.o(Protected)
    Sleeplcdfreq                             0x0003f990   Data           1  factory.o(Protected)
    SleepLCDSET                              0x0003f991   Data           1  factory.o(Protected)
    SleepLCDDRV                              0x0003f992   Data           1  factory.o(Protected)
    Sleepvthreshold                          0x0003f994   Data          12  factory.o(Protected)
    Sleeplcdbias                             0x0003f9a0   Data           6  factory.o(Protected)
    def_powerdown_timer                      0x0003f9a6   Data           1  factory.o(Protected)
    def_meterrun_timer                       0x0003f9a7   Data           1  factory.o(Protected)
    def_coverdelaytimer                      0x0003f9a8   Data           1  factory.o(Protected)
    Defaultauthtimer                         0x0003f9aa   Data           2  factory.o(Protected)
    Defaultstartup                           0x0003f9ac   Data           1  factory.o(Protected)
    MAX_PSW_NUM                              0x0003f9ad   Data           1  factory.o(Protected)
    Defpassworderrcnt                        0x0003f9ae   Data           1  factory.o(Protected)
    Def_Vthreshold                           0x0003f9b0   Data           2  factory.o(Protected)
    Def_Vthreshold_H                         0x0003f9b2   Data           2  factory.o(Protected)
    Def_Relay_ActL                           0x0003f9b4   Data           2  factory.o(Protected)
    Def_Relay_ActH                           0x0003f9b6   Data           2  factory.o(Protected)
    Def_Relay_Det                            0x0003f9b8   Data           2  factory.o(Protected)
    disp_table                               0x0003f9bc   Data         132  factory.o(Protected)
    Def_Limitmenory_table                    0x0003fa40   Data          12  factory.o(Protected)
    Def_DisplayPara_table                    0x0003fa4c   Data          29  factory.o(Protected)
    Def_SleepDisplayPara_table               0x0003fa69   Data           8  factory.o(Protected)
    Def_Sleepdisp_table                      0x0003fa72   Data          32  factory.o(Protected)
    Def_featureword_table                    0x0003fa92   Data          32  factory.o(Protected)
    Def_weekloadpara_table                   0x0003fab2   Data          27  factory.o(Protected)
    Def_vollmtpara_table                     0x0003facd   Data          26  factory.o(Protected)
    Def_Autodisp_table                       0x0003fae8   Data          62  factory.o(Protected)
    Def_Keydisp_table                        0x0003fb26   Data         124  factory.o(Protected)
    Def_freezeparameter_table                0x0003fba2   Data          12  factory.o(Protected)
    Def_feik_table                           0x0003fbae   Data           8  factory.o(Protected)
    Def_histroyparameter_table               0x0003fbb6   Data           6  factory.o(Protected)
    Def_Password3_table                      0x0003fbbc   Data           4  factory.o(Protected)
    Def_Password4_table                      0x0003fbc0   Data           4  factory.o(Protected)
    Def_sqb_table1                           0x0003fbc4   Data          42  factory.o(Protected)
    Def_sqb_table2                           0x0003fbee   Data          42  factory.o(Protected)
    Def_sdb_table1                           0x0003fc18   Data          42  factory.o(Protected)
    Def_sdb_table2                           0x0003fc42   Data          42  factory.o(Protected)
    Def_jtshiqu_table                        0x0003fc6c   Data          12  factory.o(Protected)
    Def_jtshiqu_table2                       0x0003fc78   Data          12  factory.o(Protected)
    NoInit                                   0x20000000   Data         496  mainproc.o(.ARM.__AT_0x20000000)
    SystemCoreClock                          0x20000200   Data           4  system_fm32l0xx3.o(.data)
    Meter_Status_S                           0x20000204   Data           1  mainproc.o(.data)
    Meter_Status1_S                          0x20000205   Data           1  mainproc.o(.data)
    Meter_Status2_S                          0x20000206   Data           1  mainproc.o(.data)
    System_Status_S                          0x20000207   Data           1  mainproc.o(.data)
    System_Status1_S                         0x20000208   Data           1  mainproc.o(.data)
    System_Status2_S                         0x20000209   Data           1  mainproc.o(.data)
    System_Status3_S                         0x2000020c   Data           1  mainproc.o(.data)
    System_Status4_S                         0x2000020d   Data           1  mainproc.o(.data)
    AT7051_Flag_S                            0x2000020e   Data           1  mainproc.o(.data)
    run_readrtc_flag                         0x2000020f   Data           1  mainproc.o(.data)
    run_display_flag                         0x20000210   Data           1  mainproc.o(.data)
    run_relaychk_flag                        0x20000211   Data           1  mainproc.o(.data)
    reg_veri_flag                            0x20000212   Data           1  mainproc.o(.data)
    Powerd_Flag                              0x20000214   Data           4  mainproc.o(.data)
    System_Status5_S                         0x20000218   Data           1  mainproc.o(.data)
    AT7051_Flag2_S                           0x20000219   Data           1  mainproc.o(.data)
    DisKeySamp                               0x2000021a   Data           1  mainproc.o(.data)
    Uart1KeySamp                             0x2000021b   Data           1  mainproc.o(.data)
    VectorTimer                              0x2000021c   Data           1  mainproc.o(.data)
    Key_Status                               0x2000021d   Data           1  mainproc.o(.data)
    Outputtype                               0x2000021e   Data           1  mainproc.o(.data)
    Successled                               0x2000021f   Data           1  mainproc.o(.data)
    Shiduanctrl                              0x20000220   Data           1  mainproc.o(.data)
    Relayctrl                                0x20000221   Data           1  mainproc.o(.data)
    Adcctrl                                  0x20000222   Data           2  mainproc.o(.data)
    Lcdled                                   0x20000224   Data           2  mainproc.o(.data)
    Identitytimer                            0x20000228   Data           4  mainproc.o(.data)
    IR_EnTimer                               0x2000022c   Data           4  mainproc.o(.data)
    Opendelaytimer                           0x20000230   Data           4  mainproc.o(.data)
    CurrentTimer                             0x20000234   Data           4  mainproc.o(.data)
    Relayerror_Count                         0x20000238   Data           1  mainproc.o(.data)
    Relayerror_Count1                        0x20000239   Data           1  mainproc.o(.data)
    Relayerror_Count2                        0x2000023a   Data           1  mainproc.o(.data)
    Relay_Space_Timer                        0x2000023b   Data           1  mainproc.o(.data)
    Keyclose_timer                           0x2000023c   Data           1  mainproc.o(.data)
    Stop_Disptimer                           0x2000023e   Data           2  mainproc.o(.data)
    Temperature_Hex                          0x20000240   Data           1  mainproc.o(.data)
    Temperature_Adc                          0x20000242   Data           2  mainproc.o(.data)
    Rtcadj_Offset                            0x20000244   Data           4  mainproc.o(.data)
    Rtcadj_Offset2                           0x20000248   Data           4  mainproc.o(.data)
    RtcStopProcFlag                          0x2000024c   Data           1  mainproc.o(.data)
    Hw_Lcdled_Timer                          0x20000250   Data           4  mainproc.o(.data)
    Ext_Disp_Cnt                             0x20000254   Data           2  mainproc.o(.data)
    Init_Led_Timer                           0x20000256   Data           1  mainproc.o(.data)
    Cover_Space_Timer                        0x20000257   Data           1  mainproc.o(.data)
    PowerDetCnt0                             0x20000258   Data           1  mainproc.o(.data)
    PowerDetCnt1                             0x20000259   Data           1  mainproc.o(.data)
    PowerDetCnt2                             0x2000025a   Data           1  mainproc.o(.data)
    PowerDetCnt3                             0x2000025b   Data           1  mainproc.o(.data)
    Resetworking_Timer                       0x2000025c   Data           1  mainproc.o(.data)
    Current_Over_Count                       0x2000025d   Data           1  mainproc.o(.data)
    Current_Over_Count2                      0x2000025e   Data           1  mainproc.o(.data)
    Current_Over_Count3                      0x2000025f   Data           1  mainproc.o(.data)
    Current_Over_Count4                      0x20000260   Data           1  mainproc.o(.data)
    Current_Over_Count5                      0x20000261   Data           1  mainproc.o(.data)
    Current_Over_Count41                     0x20000262   Data           2  mainproc.o(.data)
    Current_Over_Count51                     0x20000264   Data           2  mainproc.o(.data)
    Voltage_Low_Count                        0x20000266   Data           1  mainproc.o(.data)
    Adj_Clk_Timer_S                          0x20000267   Data           1  mainproc.o(.data)
    Adj_Clk_Timer                            0x20000268   Data           1  mainproc.o(.data)
    ReportList                               0x20000269   Data           2  mainproc.o(.data)
    BkupReport                               0x2000026b   Data           2  mainproc.o(.data)
    Meter_Run_Timer3                         0x2000026d   Data           1  mainproc.o(.data)
    Lost_Aver_I                              0x20000270   Data           4  mainproc.o(.data)
    Lost_V_Timer                             0x20000274   Data           4  mainproc.o(.data)
    Commmodule_Space_Timer                   0x20000278   Data           1  mainproc.o(.data)
    Zb_Comm_Timer                            0x2000027a   Data           2  mainproc.o(.data)
    Zbbps                                    0x2000027c   Data           1  mainproc.o(.data)
    Mod_Comm_Timer1                          0x2000027e   Data           2  mainproc.o(.data)
    Mod_Comm_Timer2                          0x20000280   Data           1  mainproc.o(.data)
    Bat_Delay_Timer                          0x20000281   Data           1  mainproc.o(.data)
    Bat_Change_Timer                         0x20000282   Data           1  mainproc.o(.data)
    HardFault_Flag                           0x20000284   Data           4  mainproc.o(.data)
    Nline_Err_Count                          0x20000288   Data           1  mainproc.o(.data)
    Plusefiltertimer                         0x20000289   Data           1  mainproc.o(.data)
    Plusefiltertimer2                        0x2000028a   Data           1  mainproc.o(.data)
    UpdateBps                                0x2000028b   Data           1  mainproc.o(.data)
    EmuErrCnt                                0x2000028c   Data           1  mainproc.o(.data)
    FlashTimer                               0x2000028d   Data           1  mainproc.o(.data)
    FreezeBuf                                0x2000028e   Data           8  mainproc.o(.data)
    Plusevalidtimer                          0x20000296   Data           1  mainproc.o(.data)
    Ble_CF                                   0x20000298   Data           2  mainproc.o(.data)
    Ble_Step                                 0x2000029a   Data           1  mainproc.o(.data)
    Ble_Buf                                  0x2000029b   Data           8  mainproc.o(.data)
    Ble_RstTimer                             0x200002a4   Data           2  mainproc.o(.data)
    Ble_Reset                                0x200002a6   Data           1  mainproc.o(.data)
    Comm_Addr                                0x200002a7   Data           8  mainproc.o(.data)
    Decimal                                  0x200002af   Data           3  mainproc.o(.data)
    Display                                  0x200002b2   Data           3  mainproc.o(.data)
    Meter                                    0x200002b5   Data           7  mainproc.o(.data)
    Ic_Comm_RxPtr                            0x200002bc   Data           1  mainproc.o(.data)
    Err_Sw12                                 0x200002bd   Data           2  mainproc.o(.data)
    PcRst8B                                  0x200002bf   Data           8  mainproc.o(.data)
    PcRand                                   0x200002c7   Data           8  mainproc.o(.data)
    EsamRst8B                                0x200002cf   Data           8  mainproc.o(.data)
    EsamRand                                 0x200002d7   Data           8  mainproc.o(.data)
    Esam_Timer                               0x200002df   Data           1  mainproc.o(.data)
    MvFlash                                  0x200002e0   Data           8  mainproc.o(.data)
    SynEe                                    0x200002e8   Data           4  mainproc.o(.data)
    Ijtimer_Para                             0x200002ec   Data           8  mainproc.o(.data)
    Pav_Cnt                                  0x200002f4   Data           1  uenergy-at.o(.data)
    Iav_Cnt                                  0x200002f5   Data           1  uenergy-at.o(.data)
    Qav_Cnt                                  0x200002f6   Data           1  uenergy-at.o(.data)
    Uav_Cnt                                  0x200002f7   Data           1  uenergy-at.o(.data)
    Back_Num                                 0x200002f8   Data           1  uenergy-at.o(.data)
    Back_NumQ                                0x200002f9   Data           1  uenergy-at.o(.data)
    Back_NumN                                0x200002fa   Data           1  uenergy-at.o(.data)
    ht7017_ver                               0x200002fb   Data           1  uenergy-at.o(.data)
    AStep                                    0x200002fc   Data           1  uenergy-at.o(.data)
    AStep_Bk                                 0x200002fd   Data           1  uenergy-at.o(.data)
    StepDetCnt                               0x200002fe   Data           1  uenergy-at.o(.data)
    SelfStep                                 0x200002ff   Data           1  uenergy-at.o(.data)
    SelfStep_Bk                              0x20000300   Data           1  uenergy-at.o(.data)
    SelfDetCnt                               0x20000301   Data           1  uenergy-at.o(.data)
    SelfICnt                                 0x20000302   Data           1  uenergy-at.o(.data)
    Pav_Temp                                 0x20000304   Data           4  uenergy-at.o(.data)
    Iav_Temp                                 0x20000308   Data           4  uenergy-at.o(.data)
    Qav_Temp                                 0x2000030c   Data           4  uenergy-at.o(.data)
    Uav_Temp                                 0x20000310   Data           4  uenergy-at.o(.data)
    PulseTemp                                0x20000314   Data           4  uenergy-at.o(.data)
    SelfHeatTime                             0x20000318   Data           4  uenergy-at.o(.data)
    EUartBuf                                 0x2000031c   Data           6  uenergy-at.o(.data)
    Att7051_Calib2                           0x20000324   Data           8  uenergy-at.o(.data)
    Sclock                                   0x2000032c   Data          14  mainproc.o(.bss)
    RdLoadPara                               0x2000033a   Data         136  mainproc.o(.bss)
    DispBuf                                  0x200003c4   Data          40  mainproc.o(.bss)
    LoadBuf                                  0x200003ec   Data          97  mainproc.o(.bss)
    Esam_Para                                0x2000044d   Data          28  mainproc.o(.bss)
    Display_Para                             0x20000469   Data          32  mainproc.o(.bss)
    Starttime                                0x20000489   Data          22  mainproc.o(.bss)
    Emu_Para                                 0x200004a0   Data          24  mainproc.o(.bss)
    Price                                    0x200004b8   Data          85  mainproc.o(.bss)
    Tariff                                   0x2000050d   Data          50  mainproc.o(.bss)
    Item                                     0x20000540   Data         400  mainproc.o(.bss)
    Emu_Data                                 0x200006d0   Data          56  mainproc.o(.bss)
    Fun_Para                                 0x20000708   Data          12  mainproc.o(.bss)
    Eeprom                                   0x20000714   Data         385  mainproc.o(.bss)
    Uart                                     0x20000896   Data        6088  mainproc.o(.bss)
    Week_Holiday                             0x2000205e   Data          29  mainproc.o(.bss)
    Tpara                                    0x2000207b   Data          13  mainproc.o(.bss)
    Mode                                     0x20002088   Data          38  mainproc.o(.bss)
    ADCResultArr                             0x200020ae   Data          66  mainproc.o(.bss)
    RTC_RT                                   0x200020f0   Data          96  mainproc.o(.bss)
    Feik                                     0x20002150   Data          10  mainproc.o(.bss)
    Keeptime                                 0x2000215c   Data          48  mainproc.o(.bss)
    VolLimit                                 0x2000218c   Data          28  mainproc.o(.bss)
    VolStatus                                0x200021a8   Data          56  mainproc.o(.bss)
    Ble_Connect                              0x200021e0   Data          45  mainproc.o(.bss)
    Ic_Comm_RxBuf                            0x2000220d   Data         250  mainproc.o(.bss)
    Ic_Comm_TxBuf                            0x20002307   Data         250  mainproc.o(.bss)
    SynFlash                                 0x20002404   Data          32  mainproc.o(.bss)
    Cal_Adj                                  0x20002424   Data          14  uenergy-at.o(.bss)
    SelfHeat                                 0x20002432   Data          50  uenergy-at.o(.bss)
    Att7051_Calib                            0x20002464   Data          64  uenergy-at.o(.bss)
    __initial_sp                             0x20005e00   Data           0  startup_fm32l0xx.o(STACK)



==============================================================================

Memory Map of the image

  Image Entry point : 0x000000c1

  Load Region LR_IROM1 (Base: 0x00000000, Size: 0x00017b70, Max: 0x0003b800, ABSOLUTE, COMPRESSED[0x00017a4c])

    Execution Region ER_IROM1 (Base: 0x00000000, Size: 0x00017a44, Max: 0xffffffff, ABSOLUTE)

    Base Addr    Size         Type   Attr      Idx    E Section Name        Object

    0x00000000   0x000000c0   Data   RO          988    RESET               startup_fm32l0xx.o
    0x000000c0   0x00000000   Code   RO         3747  * .ARM.Collect$$$$00000000  mc_p.l(entry.o)
    0x000000c0   0x00000004   Code   RO         3818    .ARM.Collect$$$$00000001  mc_p.l(entry2.o)
    0x000000c4   0x00000004   Code   RO         3821    .ARM.Collect$$$$00000004  mc_p.l(entry5.o)
    0x000000c8   0x00000000   Code   RO         3823    .ARM.Collect$$$$00000008  mc_p.l(entry7b.o)
    0x000000c8   0x00000000   Code   RO         3825    .ARM.Collect$$$$0000000A  mc_p.l(entry8b.o)
    0x000000c8   0x00000008   Code   RO         3826    .ARM.Collect$$$$0000000B  mc_p.l(entry9a.o)
    0x000000d0   0x00000000   Code   RO         3828    .ARM.Collect$$$$0000000D  mc_p.l(entry10a.o)
    0x000000d0   0x00000000   Code   RO         3830    .ARM.Collect$$$$0000000F  mc_p.l(entry11a.o)
    0x000000d0   0x00000004   Code   RO         3819    .ARM.Collect$$$$00002712  mc_p.l(entry2.o)
    0x000000d4   0x0000001c   Code   RO          989    .text               startup_fm32l0xx.o
    0x000000f0   0x0000002c   Code   RO         3750    .text               mc_p.l(uidiv.o)
    0x0000011c   0x00000028   Code   RO         3752    .text               mc_p.l(idiv.o)
    0x00000144   0x00000060   Code   RO         3754    .text               mc_p.l(uldiv.o)
    0x000001a4   0x0000004c   Code   RO         3756    .text               mc_p.l(ldiv.o)
    0x000001f0   0x0000007a   Code   RO         3758    .text               mc_p.l(llmul.o)
    0x0000026a   0x00000020   Code   RO         3760    .text               mc_p.l(llshl.o)
    0x0000028a   0x00000022   Code   RO         3762    .text               mc_p.l(llushr.o)
    0x000002ac   0x00000024   Code   RO         3764    .text               mc_p.l(memcpya.o)
    0x000002d0   0x00000024   Code   RO         3766    .text               mc_p.l(memseta.o)
    0x000002f4   0x000000b2   Code   RO         3770    .text               mf_p.l(fadd.o)
    0x000003a6   0x0000007a   Code   RO         3772    .text               mf_p.l(fmul.o)
    0x00000420   0x0000007c   Code   RO         3774    .text               mf_p.l(fdiv.o)
    0x0000049c   0x00000018   Code   RO         3776    .text               mf_p.l(fscalb.o)
    0x000004b4   0x00000164   Code   RO         3778    .text               mf_p.l(dadd.o)
    0x00000618   0x000000d0   Code   RO         3780    .text               mf_p.l(dmul.o)
    0x000006e8   0x000000f0   Code   RO         3782    .text               mf_p.l(ddiv.o)
    0x000007d8   0x0000002c   Code   RO         3784    .text               mf_p.l(dscalb.o)
    0x00000804   0x00000016   Code   RO         3786    .text               mf_p.l(fflti.o)
    0x0000081a   0x0000000e   Code   RO         3788    .text               mf_p.l(ffltui.o)
    0x00000828   0x00000028   Code   RO         3790    .text               mf_p.l(dflti.o)
    0x00000850   0x0000001c   Code   RO         3792    .text               mf_p.l(dfltui.o)
    0x0000086c   0x0000002c   Code   RO         3794    .text               mf_p.l(dfltl.o)
    0x00000898   0x00000032   Code   RO         3796    .text               mf_p.l(ffixi.o)
    0x000008ca   0x00000028   Code   RO         3798    .text               mf_p.l(ffixui.o)
    0x000008f2   0x00000002   PAD
    0x000008f4   0x00000048   Code   RO         3800    .text               mf_p.l(dfixi.o)
    0x0000093c   0x0000003c   Code   RO         3802    .text               mf_p.l(dfixui.o)
    0x00000978   0x00000050   Code   RO         3804    .text               mf_p.l(dfixl.o)
    0x000009c8   0x00000040   Code   RO         3806    .text               mf_p.l(dfixul.o)
    0x00000a08   0x00000028   Code   RO         3808    .text               mf_p.l(f2d.o)
    0x00000a30   0x00000028   Code   RO         3810    .text               mf_p.l(cdcmple.o)
    0x00000a58   0x00000038   Code   RO         3812    .text               mf_p.l(d2f.o)
    0x00000a90   0x00000014   Code   RO         3814    .text               mf_p.l(cfcmple.o)
    0x00000aa4   0x00000014   Code   RO         3816    .text               mf_p.l(cfrcmple.o)
    0x00000ab8   0x00000026   Code   RO         3832    .text               mc_p.l(llsshr.o)
    0x00000ade   0x00000000   Code   RO         3834    .text               mc_p.l(iusefp.o)
    0x00000ade   0x00000082   Code   RO         3835    .text               mf_p.l(fepilogue.o)
    0x00000b60   0x000000be   Code   RO         3837    .text               mf_p.l(depilogue.o)
    0x00000c1e   0x00000002   PAD
    0x00000c20   0x00000024   Code   RO         3841    .text               mc_p.l(init.o)
    0x00000c44   0x0000003a   Code   RO         3851    .text               mc_p.l(__dczerorl.o)
    0x00000c7e   0x00000002   PAD
    0x00000c80   0x00000018   Code   RO          564    i.ADC_ChannelSel    fm32l0xx_anac.o
    0x00000c98   0x00000010   Code   RO          566    i.ADC_Disable       fm32l0xx_anac.o
    0x00000ca8   0x00000010   Code   RO          567    i.ADC_Enable        fm32l0xx_anac.o
    0x00000cb8   0x00000010   Code   RO          570    i.ADC_ITDisable     fm32l0xx_anac.o
    0x00000cc8   0x0000000c   Code   RO          572    i.ADC_SetTrim       fm32l0xx_anac.o
    0x00000cd4   0x00000110   Code   RO         3563    i.ATT7051SPIOp      uenergy-at.o
    0x00000de4   0x0000001a   Code   RO         3564    i.ATT7051WRPRO      uenergy-at.o
    0x00000dfe   0x00000002   PAD
    0x00000e00   0x00000200   Code   RO         3565    i.ATT7051_Check     uenergy-at.o
    0x00001000   0x000009b8   Code   RO         1424    i.Adc_Proc          init.o
    0x000019b8   0x00000164   Code   RO         1425    i.AddNClock         init.o
    0x00001b1c   0x00000094   Code   RO         2843    i.Add_Min_Clock     uartx.o
    0x00001bb0   0x0000007c   Code   RO         3215    i.AltFunIO          verify.o
    0x00001c2c   0x0000004c   Code   RO         3216    i.AnalogIO          verify.o
    0x00001c78   0x0000003c   Code   RO         2612    i.Auth_In_Out       u7816.o
    0x00001cb4   0x00000064   Code   RO         2613    i.Authorization     u7816.o
    0x00001d18   0x00000074   Code   RO         1574    i.BT1_IRQHandler    interrupt.o
    0x00001d8c   0x00000074   Code   RO         1575    i.BT2_IRQHandler    interrupt.o
    0x00001e00   0x00000010   Code   RO          577    i.BUF4TST_BypassDisable  fm32l0xx_anac.o
    0x00001e10   0x00000010   Code   RO          578    i.BUF4TST_BypassEn  fm32l0xx_anac.o
    0x00001e20   0x00000018   Code   RO          579    i.BUF4TST_ChannelSel  fm32l0xx_anac.o
    0x00001e38   0x00000010   Code   RO          580    i.BUF4TST_Disable   fm32l0xx_anac.o
    0x00001e48   0x00000010   Code   RO          581    i.BUF4TST_Enable    fm32l0xx_anac.o
    0x00001e58   0x00000034   Code   RO         3566    i.Backup_Para_7051  uenergy-at.o
    0x00001e8c   0x00000088   Code   RO         2346    i.Bcd2Hex           rtc.o
    0x00001f14   0x00000014   Code   RO         2347    i.Bcd2Hex_LS        rtc.o
    0x00001f28   0x00000022   Code   RO         2348    i.Bcd2Hex_SS        rtc.o
    0x00001f4a   0x00000010   Code   RO         2349    i.Bcd_To_Hex        rtc.o
    0x00001f5a   0x00000010   Code   RO         2844    i.BitValue          uartx.o
    0x00001f6a   0x00000002   PAD
    0x00001f6c   0x00000028   Code   RO         3217    i.Bkdl_Verify       verify.o
    0x00001f94   0x00000040   Code   RO         2846    i.Ble_Chk_Heart     uartx.o
    0x00001fd4   0x00000040   Code   RO         2847    i.Ble_Frame_Cs      uartx.o
    0x00002014   0x00000058   Code   RO         2848    i.Ble_Init          uartx.o
    0x0000206c   0x0000004c   Code   RO         2849    i.Ble_Rst           uartx.o
    0x000020b8   0x00000020   Code   RO         2850    i.Ble_Rst_Judge     uartx.o
    0x000020d8   0x0000000c   Code   RO         2351    i.Byte2Short        rtc.o
    0x000020e4   0x00000016   Code   RO         2352    i.Byte2uInt         rtc.o
    0x000020fa   0x0000000c   Code   RO         2353    i.Byte2uShort       rtc.o
    0x00002106   0x00000002   PAD
    0x00002108   0x00000100   Code   RO         2155    i.CalLoad           money.o
    0x00002208   0x000000ea   Code   RO         2851    i.CalZhuhe          uartx.o
    0x000022f2   0x0000001a   Code   RO         2852    i.Cal_ChkSum        uartx.o
    0x0000230c   0x00000230   Code   RO         2853    i.Cal_Comb          uartx.o
    0x0000253c   0x00000118   Code   RO         2854    i.Cal_Comb_Usedl    uartx.o
    0x00002654   0x00000040   Code   RO         2614    i.Cal_Mac_Pro       u7816.o
    0x00002694   0x000000bc   Code   RO         3567    i.Cal_Pav           uenergy-at.o
    0x00002750   0x00000048   Code   RO          997    i.CalcAbsDay        event.o
    0x00002798   0x0000001c   Code   RO          998    i.CalcAbsMin        event.o
    0x000027b4   0x0000001a   Code   RO          999    i.CalcTime          event.o
    0x000027ce   0x00000002   PAD
    0x000027d0   0x000001f8   Code   RO         2156    i.Calc_Pwr_Proc     money.o
    0x000029c8   0x0000008c   Code   RO         3568    i.Calculate_Adj     uenergy-at.o
    0x00002a54   0x0000005c   Code   RO         2855    i.Calculate_Ah      uartx.o
    0x00002ab0   0x0000003c   Code   RO         2157    i.Calculate_Dl_G    money.o
    0x00002aec   0x00000044   Code   RO         1576    i.Calculate_Min     interrupt.o
    0x00002b30   0x00000078   Code   RO         2158    i.Calculate_Overflow  money.o
    0x00002ba8   0x00000040   Code   RO         2856    i.Calculate_Program_Cs  uartx.o
    0x00002be8   0x00000050   Code   RO         2857    i.Calculate_Timer   uartx.o
    0x00002c38   0x0000012c   Code   RO         2615    i.CardTxRxFrame     u7816.o
    0x00002d64   0x000000ac   Code   RO         2517    i.Changecontrol_Process  tariff.o
    0x00002e10   0x0000001c   Code   RO         3218    i.CheckNvicIrqEn    verify.o
    0x00002e2c   0x00000010   Code   RO         3219    i.CheckSysReg       verify.o
    0x00002e3c   0x00000210   Code   RO         3569    i.Check_Err_Pro     uenergy-at.o
    0x0000304c   0x0000001a   Code   RO         2354    i.ChkBufZero        rtc.o
    0x00003066   0x00000034   Code   RO         2858    i.ChkLastclockerrRcdTime  uartx.o
    0x0000309a   0x00000032   Code   RO         3570    i.ChkPdRcdTime      uenergy-at.o
    0x000030cc   0x00000170   Code   RO         1000    i.ClearPloadRec     event.o
    0x0000323c   0x00000154   Code   RO         2616    i.Clear_Meter       u7816.o
    0x00003390   0x00000014   Code   RO         1426    i.Clear_Nv_Ram      init.o
    0x000033a4   0x0000003c   Code   RO         2617    i.Clear_Rand_Gene   u7816.o
    0x000033e0   0x0000000c   Code   RO         1427    i.Clear_W_Wdt       init.o
    0x000033ec   0x00000038   Code   RO         1428    i.Clear_Wdt         init.o
    0x00003424   0x00000210   Code   RO         1429    i.Clk_Adj_Proc      init.o
    0x00003634   0x00000026   Code   RO         2859    i.ClockAddOne       uartx.o
    0x0000365a   0x00000002   PAD
    0x0000365c   0x00000040   Code   RO         2618    i.CloseEsam         u7816.o
    0x0000369c   0x00000040   Code   RO         1202    i.CloseFlash        i2c.o
    0x000036dc   0x00000010   Code   RO         1577    i.Close_And_ClearIRQ  interrupt.o
    0x000036ec   0x00000158   Code   RO         3220    i.Close_None_GPIO   verify.o
    0x00003844   0x00000016   Code   RO         3221    i.CloseeIO          verify.o
    0x0000385a   0x00000002   PAD
    0x0000385c   0x00000070   Code   RO         2159    i.Closerelay        money.o
    0x000038cc   0x00000054   Code   RO         2160    i.Closerelay1       money.o
    0x00003920   0x00000424   Code   RO         1001    i.ClrRecTimes       event.o
    0x00003d44   0x00000028   Code   RO         2860    i.Clr_Commu_Relaydata  uartx.o
    0x00003d6c   0x00000040   Code   RO         2861    i.Clr_Otherdata     uartx.o
    0x00003dac   0x00000034   Code   RO         2862    i.Clr_Reportdata    uartx.o
    0x00003de0   0x0000002c   Code   RO         2863    i.Clr_Reportnum     uartx.o
    0x00003e0c   0x00000028   Code   RO         2864    i.Clr_Zero_Data     uartx.o
    0x00003e34   0x00000030   Code   RO         2355    i.Cmp_Bcd_Inv       rtc.o
    0x00003e64   0x00000030   Code   RO         2356    i.Cmp_Clock         rtc.o
    0x00003e94   0x00000026   Code   RO         2357    i.Cmp_Data          rtc.o
    0x00003eba   0x00000002   PAD
    0x00003ebc   0x0000001c   Code   RO         2619    i.Cmp_Meter_Id      u7816.o
    0x00003ed8   0x000000d0   Code   RO         2620    i.ColdReset         u7816.o
    0x00003fa8   0x00000030   Code   RO         3571    i.CommReadCalData   uenergy-at.o
    0x00003fd8   0x000000dc   Code   RO         2865    i.CommSetRtc        uartx.o
    0x000040b4   0x00000118   Code   RO         2866    i.CommSetRtc_Adj    uartx.o
    0x000041cc   0x000001d0   Code   RO         3572    i.CommWriteCalData  uenergy-at.o
    0x0000439c   0x00000010   Code   RO         2867    i.Comm_Auth_Judge   uartx.o
    0x000043ac   0x000000e4   Code   RO         2868    i.Comm_Calculate_Comp_Rp  uartx.o
    0x00004490   0x00000070   Code   RO         2869    i.Comm_Calculate_Dl  uartx.o
    0x00004500   0x00000084   Code   RO         1968    i.Comm_Event_Proc   mainproc.o
    0x00004584   0x00000074   Code   RO         3573    i.Comm_Read_Reg     uenergy-at.o
    0x000045f8   0x0000018c   Code   RO         3574    i.Comm_Write_Reg    uenergy-at.o
    0x00004784   0x00000058   Code   RO         3222    i.Commaddr_Verify   verify.o
    0x000047dc   0x0000013c   Code   RO         1834    i.Commmodule_Check  iokey.o
    0x00004918   0x0000006c   Code   RO         1002    i.Comp_RpdltoEepromBuf  event.o
    0x00004984   0x0000003c   Code   RO         2518    i.Config_ShiQuLad_Proc  tariff.o
    0x000049c0   0x0000011c   Code   RO         2519    i.Config_Shiduan_Process  tariff.o
    0x00004adc   0x000003f0   Code   RO         1578    i.Configure_Register_Sleep  interrupt.o
    0x00004ecc   0x00000090   Code   RO         1835    i.Cover_Check       iokey.o
    0x00004f5c   0x00000038   Code   RO         3223    i.Crc_16Bits        verify.o
    0x00004f94   0x00000014   Code   RO         3224    i.Crc_16Bits_Add2   verify.o
    0x00004fa8   0x0000001e   Code   RO         3225    i.Crc_Check         verify.o
    0x00004fc6   0x00000002   PAD
    0x00004fc8   0x00000098   Code   RO         2870    i.Decrypt           uartx.o
    0x00005060   0x00000030   Code   RO         1430    i.Delay_Initial     init.o
    0x00005090   0x00000018   Code   RO         2621    i.Delay_Netu        u7816.o
    0x000050a8   0x0000006c   Code   RO         1579    i.DeviceSleepCFG    interrupt.o
    0x00005114   0x00000028   Code   RO         3226    i.Disable_I2C_IO    verify.o
    0x0000513c   0x00000024   Code   RO         3227    i.Disable_Pulse     verify.o
    0x00005160   0x000000e0   Code   RO         1889    i.Disp_Dl_G_Dot     lcd.o
    0x00005240   0x0000002c   Code   RO         1890    i.Disp_Pw_Dot       lcd.o
    0x0000526c   0x00000030   Code   RO         1891    i.Disp_Time_Dot     lcd.o
    0x0000529c   0x00000048   Code   RO         3228    i.Display_Para_Verify  verify.o
    0x000052e4   0x0000008c   Code   RO         3229    i.Displayitem_Verify  verify.o
    0x00005370   0x00000058   Code   RO         1836    i.Displaykey_Check  iokey.o
    0x000053c8   0x0000008c   Code   RO         1837    i.Displaykey_Process  iokey.o
    0x00005454   0x00000060   Code   RO         3230    i.Dl_Check          verify.o
    0x000054b4   0x00000028   Code   RO         1003    i.DltoEepromBuf     event.o
    0x000054dc   0x000004bc   Code   RO         1580    i.ETIMER2_IRQHandler  interrupt.o
    0x00005998   0x00000048   Code   RO         1581    i.ETIMER4_IRQHandler  interrupt.o
    0x000059e0   0x00000050   Code   RO         3575    i.EmuRegOp          uenergy-at.o
    0x00005a30   0x00000048   Code   RO         3576    i.Emu_Para_Verify   uenergy-at.o
    0x00005a78   0x000000ec   Code   RO         3577    i.Emu_Reg_Verify    uenergy-at.o
    0x00005b64   0x0000001c   Code   RO         1838    i.Enable_Closerelay  iokey.o
    0x00005b80   0x00000038   Code   RO         3231    i.Enable_I2C_IO     verify.o
    0x00005bb8   0x00000014   Code   RO         3232    i.Enable_Led_IO     verify.o
    0x00005bcc   0x00000028   Code   RO         3233    i.Enable_Pulse      verify.o
    0x00005bf4   0x0000002c   Code   RO         1969    i.Energy_Event_Proc  mainproc.o
    0x00005c20   0x00000060   Code   RO         2622    i.EsamReset         u7816.o
    0x00005c80   0x00000020   Code   RO         2623    i.Esam_Err_Report   u7816.o
    0x00005ca0   0x00000118   Code   RO         3234    i.Esam_Para_Verify  verify.o
    0x00005db8   0x000001bc   Code   RO         1004    i.Event_Record      event.o
    0x00005f74   0x0000001a   Code   RO         1005    i.Exchange          event.o
    0x00005f8e   0x00000002   PAD
    0x00005f90   0x00000010   Code   RO         1582    i.FDET_IRQHandler   interrupt.o
    0x00005fa0   0x000003f4   Code   RO         2624    i.Factory_Init      u7816.o
    0x00006394   0x0000002a   Code   RO         2625    i.FailKey           u7816.o
    0x000063be   0x00000002   PAD
    0x000063c0   0x00000090   Code   RO         3235    i.Fill_RTC_RT_TAdc  verify.o
    0x00006450   0x00000088   Code   RO         3236    i.Fill_RTC_RT_TVal  verify.o
    0x000064d8   0x00000064   Code   RO         2520    i.FindSQ            tariff.o
    0x0000653c   0x000000d0   Code   RO         1006    i.FindSpecPos       event.o
    0x0000660c   0x00000030   Code   RO         2871    i.Find_EventTable   uartx.o
    0x0000663c   0x00000068   Code   RO         1203    i.FlashID           i2c.o
    0x000066a4   0x000000ac   Code   RO         1204    i.Flash_Page_Write  i2c.o
    0x00006750   0x00000044   Code   RO         1205    i.Flash_RdSR1       i2c.o
    0x00006794   0x00000054   Code   RO         1206    i.Flash_Rd_Bottom   i2c.o
    0x000067e8   0x00000038   Code   RO         1207    i.Flash_Sector_Erase  i2c.o
    0x00006820   0x00000054   Code   RO         1208    i.Flash_WREN        i2c.o
    0x00006874   0x000000fc   Code   RO         1209    i.Flash_Write_Bottom  i2c.o
    0x00006970   0x0000005c   Code   RO         1210    i.Flash_Write_Cycle  i2c.o
    0x000069cc   0x00000088   Code   RO         1211    i.Flashaddr         i2c.o
    0x00006a54   0x00000030   Code   RO         1007    i.Four_RpdltoEepromBuf  event.o
    0x00006a84   0x00000150   Code   RO         2521    i.Freeze_Change_Judge  tariff.o
    0x00006bd4   0x00000180   Code   RO         2161    i.Freeze_Dl         money.o
    0x00006d54   0x00000108   Code   RO         2162    i.Freeze_Judge      money.o
    0x00006e5c   0x0000010c   Code   RO         2163    i.Freeze_Pddata     money.o
    0x00006f68   0x0000006c   Code   RO         2164    i.Freeze_Usedl      money.o
    0x00006fd4   0x00000028   Code   RO         3237    i.Fwdl_Verify       verify.o
    0x00006ffc   0x00000070   Code   RO          422    i.GPIO_Get_InitParam  fm32l0xx_gpio.o
    0x0000706c   0x00000060   Code   RO          423    i.GPIO_Init         fm32l0xx_gpio.o
    0x000070cc   0x00000004   Code   RO          428    i.GPIO_ResetBits    fm32l0xx_gpio.o
    0x000070d0   0x00000004   Code   RO          429    i.GPIO_SetBits      fm32l0xx_gpio.o
    0x000070d4   0x000001ec   Code   RO         3578    i.Gain_Adjust       uenergy-at.o
    0x000072c0   0x00000054   Code   RO         1431    i.GetADCResult      init.o
    0x00007314   0x0000002a   Code   RO         3238    i.GetBps            verify.o
    0x0000733e   0x0000000e   Code   RO         2626    i.GetKey            u7816.o
    0x0000734c   0x0000001c   Code   RO         2627    i.GetKeyStatus      u7816.o
    0x00007368   0x000000e4   Code   RO         2872    i.GetLcdNo          uartx.o
    0x0000744c   0x00000054   Code   RO         2628    i.GetPswBit         u7816.o
    0x000074a0   0x00000188   Code   RO         1212    i.GetRecAddr        i2c.o
    0x00007628   0x0000011c   Code   RO         1213    i.GetRecNum         i2c.o
    0x00007744   0x0000007c   Code   RO         1432    i.GetRtcRTrimVal    init.o
    0x000077c0   0x00000034   Code   RO         2629    i.GetSetBitNum      u7816.o
    0x000077f4   0x00000014   Code   RO         1214    i.GetValtimes       i2c.o
    0x00007808   0x0000005c   Code   RO         2630    i.Get_7816_Char     u7816.o
    0x00007864   0x000000a4   Code   RO         3579    i.Get_Err_Data      uenergy-at.o
    0x00007908   0x00000028   Code   RO         1583    i.Get_Keep_Timer    interrupt.o
    0x00007930   0x00000050   Code   RO         2873    i.Get_Money_File    uartx.o
    0x00007980   0x000000b0   Code   RO         2874    i.Get_RTCTop_Proc   uartx.o
    0x00007a30   0x0000001c   Code   RO         1584    i.HardFault_Handler  interrupt.o
    0x00007a4c   0x00000078   Code   RO         2358    i.Hex2Bcd           rtc.o
    0x00007ac4   0x00000090   Code   RO         2165    i.Hex2Bcd_Dl        money.o
    0x00007b54   0x00000062   Code   RO         2166    i.Hex2Bcd_Dl_G      money.o
    0x00007bb6   0x00000022   Code   RO         2359    i.Hex2Bcd_SS        rtc.o
    0x00007bd8   0x00000010   Code   RO         2360    i.Hex_To_Bcd        rtc.o
    0x00007be8   0x00000198   Code   RO         2167    i.Histroy_Freeze_Dl  money.o
    0x00007d80   0x00000040   Code   RO         2168    i.Hour_Freeze_Dl    money.o
    0x00007dc0   0x00000094   Code   RO         1215    i.I2C_Read_Bottom   i2c.o
    0x00007e54   0x00000082   Code   RO         1216    i.I2C_Read_Eeprom   i2c.o
    0x00007ed6   0x0000002e   Code   RO         1217    i.I2C_Read_Eeprom44  i2c.o
    0x00007f04   0x00000068   Code   RO         1218    i.I2C_Write_Bottom  i2c.o
    0x00007f6c   0x00000086   Code   RO         1219    i.I2C_Write_Eeprom  i2c.o
    0x00007ff2   0x0000002e   Code   RO         1220    i.I2C_Write_Eeprom44  i2c.o
    0x00008020   0x00000034   Code   RO         1221    i.I2c_Receive_Byte  i2c.o
    0x00008054   0x00000034   Code   RO         1222    i.I2c_Send_Bit      i2c.o
    0x00008088   0x00000034   Code   RO         1223    i.I2c_Send_Byte     i2c.o
    0x000080bc   0x00000018   Code   RO         1433    i.I2c_Wait_5ms      init.o
    0x000080d4   0x00000024   Code   RO         1434    i.IWDT_Init         init.o
    0x000080f8   0x0000004c   Code   RO         3580    i.Ib_K              uenergy-at.o
    0x00008144   0x00000028   Code   RO         2169    i.InitVolSts        money.o
    0x0000816c   0x00000002   Code   RO         1435    i.Init_Arm0         init.o
    0x0000816e   0x00000002   PAD
    0x00008170   0x0000004c   Code   RO         3581    i.Init_Meter_Chip   uenergy-at.o
    0x000081bc   0x00000048   Code   RO         2170    i.Init_Metererrstatus  money.o
    0x00008204   0x0000002c   Code   RO         1436    i.Init_Pad_Io       init.o
    0x00008230   0x00000038   Code   RO         1437    i.Init_RCHF_Trim    init.o
    0x00008268   0x00000050   Code   RO         1438    i.Init_Relay        init.o
    0x000082b8   0x00000334   Code   RO         1439    i.Init_System       init.o
    0x000085ec   0x0000006e   Code   RO         3239    i.InputtIO          verify.o
    0x0000865a   0x00000010   Code   RO         2361    i.Int2Byte          rtc.o
    0x0000866a   0x00000020   Code   RO         1008    i.Inverse           event.o
    0x0000868a   0x00000018   Code   RO         2875    i.IsBCD             uartx.o
    0x000086a2   0x00000020   Code   RO         1224    i.IsFlashRec        i2c.o
    0x000086c2   0x00000024   Code   RO         2876    i.IsMultiBcd        uartx.o
    0x000086e6   0x00000002   PAD
    0x000086e8   0x00000080   Code   RO         3582    i.IxRMSOS_Adjust    uenergy-at.o
    0x00008768   0x00000068   Code   RO         2877    i.JTRecord          uartx.o
    0x000087d0   0x0000000c   Code   RO         2362    i.JudgeClockNoWeek  rtc.o
    0x000087dc   0x00000030   Code   RO         2878    i.JudgeEndClock     uartx.o
    0x0000880c   0x00000056   Code   RO         2879    i.JudgeSwitch       uartx.o
    0x00008862   0x00000002   PAD
    0x00008864   0x00000044   Code   RO         2880    i.JudgeSwitch2      uartx.o
    0x000088a8   0x00000030   Code   RO         2522    i.JudgeYearClock    tariff.o
    0x000088d8   0x000001b4   Code   RO         1585    i.Judge_645_Frame   interrupt.o
    0x00008a8c   0x000000e4   Code   RO         2363    i.Judge_Clock       rtc.o
    0x00008b70   0x0000002c   Code   RO         2632    i.Judge_Edge        u7816.o
    0x00008b9c   0x00000044   Code   RO         1586    i.Judge_Io_Status   interrupt.o
    0x00008be0   0x0000012c   Code   RO         1587    i.Judge_MeterId     interrupt.o
    0x00008d0c   0x0000005c   Code   RO         2881    i.Judge_Min_Space   uartx.o
    0x00008d68   0x00000054   Code   RO         2171    i.Judge_Relay_Delay  money.o
    0x00008dbc   0x00000748   Code   RO         3583    i.Judge_Uip_Data    uenergy-at.o
    0x00009504   0x000004f6   Code   RO         1892    i.LCD_Num_Data      lcd.o
    0x000099fa   0x00000002   PAD
    0x000099fc   0x0000002c   Code   RO         1893    i.LCD_Table         lcd.o
    0x00009a28   0x00000018   Code   RO         2523    i.Ladderdata_Check  tariff.o
    0x00009a40   0x0000000e   Code   RO         1589    i.Lcd_Disp_On       interrupt.o
    0x00009a4e   0x00000002   PAD
    0x00009a50   0x00000070   Code   RO         1894    i.Lcd_Disp_Zedl     lcd.o
    0x00009ac0   0x00000858   Code   RO         1895    i.Lcd_Display       lcd.o
    0x0000a318   0x00000010   Code   RO         1896    i.Lcd_LCDEN_Off     lcd.o
    0x0000a328   0x00000010   Code   RO         1897    i.Lcd_LCDEN_On      lcd.o
    0x0000a338   0x000000dc   Code   RO         1898    i.Lcd_Show_N        lcd.o
    0x0000a414   0x00000024   Code   RO         1899    i.Lcd_Show_ZF       lcd.o
    0x0000a438   0x00000128   Code   RO         1590    i.Lcdled_Control    interrupt.o
    0x0000a560   0x000001b8   Code   RO         1009    i.Load_Judge        event.o
    0x0000a718   0x0000002c   Code   RO         2882    i.LoopExchange      uartx.o
    0x0000a744   0x00000022   Code   RO         2883    i.LoopInverse       uartx.o
    0x0000a766   0x00000018   Code   RO         2884    i.MacExchange       uartx.o
    0x0000a77e   0x00000002   PAD
    0x0000a780   0x0000002c   Code   RO         2633    i.Mac_Err_Proc      u7816.o
    0x0000a7ac   0x0000001c   Code   RO         3240    i.MeterIC_RST0      verify.o
    0x0000a7c8   0x0000001c   Code   RO         3241    i.MeterIC_RST1      verify.o
    0x0000a7e4   0x00000024   Code   RO         3242    i.Meter_Const_Verify  verify.o
    0x0000a808   0x000000b0   Code   RO         3243    i.Mode_Verify       verify.o
    0x0000a8b8   0x00000068   Code   RO         2172    i.Mt_Alarmstatus_Judge  money.o
    0x0000a920   0x00000014   Code   RO         1591    i.NMI_Handler       interrupt.o
    0x0000a934   0x00000018   Code   RO         1440    i.NVIC_ClearPendingIRQ  init.o
    0x0000a94c   0x00000018   Code   RO         1592    i.NVIC_ClearPendingIRQ  interrupt.o
    0x0000a964   0x00000018   Code   RO         1441    i.NVIC_DisableIRQ   init.o
    0x0000a97c   0x00000018   Code   RO         1593    i.NVIC_DisableIRQ   interrupt.o
    0x0000a994   0x00000018   Code   RO         3244    i.NVIC_DisableIRQ   verify.o
    0x0000a9ac   0x00000018   Code   RO         1442    i.NVIC_EnableIRQ    init.o
    0x0000a9c4   0x00000018   Code   RO         1594    i.NVIC_EnableIRQ    interrupt.o
    0x0000a9dc   0x00000018   Code   RO         3245    i.NVIC_EnableIRQ    verify.o
    0x0000a9f4   0x00000044   Code   RO         1595    i.NVIC_SetPriority  interrupt.o
    0x0000aa38   0x00000044   Code   RO         3246    i.NVIC_SetPriority  verify.o
    0x0000aa7c   0x00000080   Code   RO         1010    i.Note_Relay_Event  event.o
    0x0000aafc   0x00000280   Code   RO         1443    i.Note_Reset_Number  init.o
    0x0000ad7c   0x0000018c   Code   RO         1011    i.Note_Run_Event    event.o
    0x0000af08   0x00000030   Code   RO         1012    i.Number_Add1       event.o
    0x0000af38   0x00000030   Code   RO         1444    i.Nvram_Judge       init.o
    0x0000af68   0x00000208   Code   RO         3584    i.Offset_Adjust     uenergy-at.o
    0x0000b170   0x0000007c   Code   RO         1225    i.OpenFlash         i2c.o
    0x0000b1ec   0x00000098   Code   RO         2173    i.Openrelay         money.o
    0x0000b284   0x00000054   Code   RO         2174    i.Openrelay1        money.o
    0x0000b2d8   0x00000074   Code   RO         3247    i.OutputIO          verify.o
    0x0000b34c   0x00000064   Code   RO         3585    i.PH_Adjust         uenergy-at.o
    0x0000b3b0   0x00000120   Code   RO         1596    i.Pd_Adc_Calculate  interrupt.o
    0x0000b4d0   0x00000260   Code   RO         2175    i.Pd_Calculate_Judge  money.o
    0x0000b730   0x000001b4   Code   RO         2176    i.Pd_Histroyfreeze_Judge  money.o
    0x0000b8e4   0x000001d8   Code   RO         2177    i.Pd_Hourfreeze_Judge  money.o
    0x0000babc   0x00000068   Code   RO         1597    i.PowerError_Check  interrupt.o
    0x0000bb24   0x00000364   Code   RO         1445    i.Powerd_Data_Process  init.o
    0x0000be88   0x0000018c   Code   RO         2524    i.Price_Judge       tariff.o
    0x0000c014   0x00000090   Code   RO         2178    i.Process_Usedl     money.o
    0x0000c0a4   0x00000054   Code   RO         2885    i.ProgramRecord     uartx.o
    0x0000c0f8   0x000000fc   Code   RO         1598    i.RTC_IRQHandler    interrupt.o
    0x0000c1f4   0x00000462   Code   RO         2886    i.RdHisEvent        uartx.o
    0x0000c656   0x000000c6   Code   RO         2887    i.RdHisPd           uartx.o
    0x0000c71c   0x00000020   Code   RO         1013    i.RdRecTimes        event.o
    0x0000c73c   0x000007c4   Code   RO         2888    i.Rd_Relay_Buy_Rec  uartx.o
    0x0000cf00   0x00000020   Code   RO         2634    i.ReadBinFile       u7816.o
    0x0000cf20   0x000000d8   Code   RO         2635    i.ReadBinWithMac    u7816.o
    0x0000cff8   0x0000002a   Code   RO         1226    i.ReadE2WithBackup  i2c.o
    0x0000d022   0x00000012   Code   RO         2525    i.ReadE2WithJieti   tariff.o
    0x0000d034   0x0000035c   Code   RO         2889    i.ReadFreezedRec    uartx.o
    0x0000d390   0x0000059c   Code   RO         1014    i.ReadLoadRec       event.o
    0x0000d92c   0x0000003c   Code   RO         2636    i.ReadRandom        u7816.o
    0x0000d968   0x0000001e   Code   RO         2637    i.ReadRecFile       u7816.o
    0x0000d986   0x0000003c   Code   RO         1015    i.Read_Event_Number  event.o
    0x0000d9c2   0x00000002   PAD
    0x0000d9c4   0x00000054   Code   RO         1016    i.Read_Event_Point  event.o
    0x0000da18   0x00000020   Code   RO         2638    i.Read_Kx           u7816.o
    0x0000da38   0x0000009c   Code   RO         2364    i.Read_Rtc          rtc.o
    0x0000dad4   0x00000614   Code   RO         2365    i.Read_Sysclock     rtc.o
    0x0000e0e8   0x00000558   Code   RO         3586    i.Read_UIP          uenergy-at.o
    0x0000e640   0x0000006c   Code   RO         3587    i.Read_UIPF         uenergy-at.o
    0x0000e6ac   0x0000007c   Code   RO         1018    i.Read_Uip_Data     event.o
    0x0000e728   0x0000009c   Code   RO         2890    i.Ready_Reportdata  uartx.o
    0x0000e7c4   0x0000001c   Code   RO         2526    i.RefreshPrice      tariff.o
    0x0000e7e0   0x00000164   Code   RO         2891    i.Relay_Ctrl        uartx.o
    0x0000e944   0x00000224   Code   RO         1839    i.Relaystatus_Check  iokey.o
    0x0000eb68   0x00000068   Code   RO         2892    i.ReportEvent       uartx.o
    0x0000ebd0   0x000001e0   Code   RO         2893    i.ReportProc        uartx.o
    0x0000edb0   0x0000014c   Code   RO         2894    i.Report_Response   uartx.o
    0x0000eefc   0x00000064   Code   RO         1599    i.Reset             interrupt.o
    0x0000ef60   0x00000034   Code   RO         3248    i.Rpdl_Verify       verify.o
    0x0000ef94   0x00000018   Code   RO         2639    i.RxTxCommhead      u7816.o
    0x0000efac   0x000000ac   Code   RO         1600    i.SCover_Check      interrupt.o
    0x0000f058   0x0000002c   Code   RO         1227    i.SPI_Rx_Byte       i2c.o
    0x0000f084   0x00000028   Code   RO         1228    i.SPI_Tx_Byte       i2c.o
    0x0000f0ac   0x00000010   Code   RO          601    i.SVD_Disable       fm32l0xx_anac.o
    0x0000f0bc   0x00000010   Code   RO          602    i.SVD_Enable        fm32l0xx_anac.o
    0x0000f0cc   0x00000010   Code   RO         1601    i.SVD_IRQHandler    interrupt.o
    0x0000f0dc   0x00000024   Code   RO          606    i.SVD_Init          fm32l0xx_anac.o
    0x0000f100   0x00000074   Code   RO         1602    i.Save_Keep_Timer   interrupt.o
    0x0000f174   0x00000098   Code   RO         1970    i.Sclock_Event_Proc  mainproc.o
    0x0000f20c   0x00000030   Code   RO         2640    i.SelectFile        u7816.o
    0x0000f23c   0x00000088   Code   RO         1229    i.Sendaddr          i2c.o
    0x0000f2c4   0x00000066   Code   RO         2527    i.Sequence          tariff.o
    0x0000f32a   0x00000012   Code   RO         2641    i.SetKey            u7816.o
    0x0000f33c   0x00000098   Code   RO         2895    i.Set_Comm_Rate     uartx.o
    0x0000f3d4   0x000000d4   Code   RO         2896    i.Set_Reportdata    uartx.o
    0x0000f4a8   0x00000078   Code   RO         2366    i.Set_Rtc           rtc.o
    0x0000f520   0x000000d4   Code   RO         2897    i.ShiquRecord       uartx.o
    0x0000f5f4   0x00000008   Code   RO         2367    i.Short2Byte        rtc.o
    0x0000f5fc   0x00000530   Code   RO         1603    i.Sleep             interrupt.o
    0x0000fb2c   0x00000058   Code   RO         2642    i.Snd_7816_Byte     u7816.o
    0x0000fb84   0x00000014   Code   RO         3249    i.Starttimer_Verify  verify.o
    0x0000fb98   0x000001f8   Code   RO         1604    i.Store_Data        interrupt.o
    0x0000fd90   0x00000020   Code   RO         1840    i.Store_Meterstatus  iokey.o
    0x0000fdb0   0x00000244   Code   RO         1230    i.SynEeprom         i2c.o
    0x0000fff4   0x00000144   Code   RO         1231    i.SynFlashRec       i2c.o
    0x00010138   0x00000024   Code   RO         2369    i.Syn_Clock         rtc.o
    0x0001015c   0x00000064   Code   RO          931    i.SystemInit        system_fm32l0xx3.o
    0x000101c0   0x00000010   Code   RO         1816    i.SystemTicksInterval  interrupt.o
    0x000101d0   0x00000060   Code   RO         3250    i.Temperpara_Verify  verify.o
    0x00010230   0x00000020   Code   RO          932    i.TicksDelay        system_fm32l0xx3.o
    0x00010250   0x00000024   Code   RO          933    i.TicksDelayMs      system_fm32l0xx3.o
    0x00010274   0x00000018   Code   RO          934    i.TicksDelayUs      system_fm32l0xx3.o
    0x0001028c   0x000001c0   Code   RO         2528    i.Timezone_Judge    tariff.o
    0x0001044c   0x000000b8   Code   RO         1605    i.Tx_645_Frame      interrupt.o
    0x00010504   0x00000038   Code   RO         1606    i.UART0_IRQHandler  interrupt.o
    0x0001053c   0x00000038   Code   RO         1607    i.UART1_IRQHandler  interrupt.o
    0x00010574   0x0000003c   Code   RO         1608    i.UART2_IRQHandler  interrupt.o
    0x000105b0   0x00000040   Code   RO         1609    i.UART5_IRQHandler  interrupt.o
    0x000105f0   0x00000080   Code   RO         3588    i.UIP_K             uenergy-at.o
    0x00010670   0x00000044   Code   RO         3589    i.UartReadByte      uenergy-at.o
    0x000106b4   0x0000003c   Code   RO         3590    i.UartWriteByte     uenergy-at.o
    0x000106f0   0x00000034   Code   RO         1610    i.Uart_IE_Disable_Proc  interrupt.o
    0x00010724   0x00005460   Code   RO         2898    i.Uart_Proc         uartx.o
    0x00015b84   0x0000004c   Code   RO         1611    i.Uart_RXErr_Proc   interrupt.o
    0x00015bd0   0x00000080   Code   RO         2643    i.UpdataRunFile     u7816.o
    0x00015c50   0x00000034   Code   RO         2644    i.UpdateBinFile     u7816.o
    0x00015c84   0x000001c0   Code   RO         2645    i.UpdateEepromKey   u7816.o
    0x00015e44   0x00000168   Code   RO         2646    i.UpdateEsamKey     u7816.o
    0x00015fac   0x000000ec   Code   RO         2899    i.UpdateSysPara     uartx.o
    0x00016098   0x00000040   Code   RO         2647    i.Update_ESAM_Bin_Mac  u7816.o
    0x000160d8   0x00000094   Code   RO         1971    i.Vector_Event_Proc  mainproc.o
    0x0001616c   0x00000070   Code   RO         3251    i.Veri_Btmr1        verify.o
    0x000161dc   0x0000003c   Code   RO         3252    i.Veri_Btmr1_Pcount  verify.o
    0x00016218   0x00000070   Code   RO         3253    i.Veri_Btmr2        verify.o
    0x00016288   0x00000038   Code   RO         3254    i.Veri_Btmr2_Pcount  verify.o
    0x000162c0   0x000000d8   Code   RO         3255    i.Veri_Clk_Gen      verify.o
    0x00016398   0x0000011c   Code   RO         3256    i.Veri_Disp         verify.o
    0x000164b4   0x0000008c   Code   RO         3257    i.Veri_Etmr2        verify.o
    0x00016540   0x0000007c   Code   RO         3258    i.Veri_Etmr4        verify.o
    0x000165bc   0x0000001c   Code   RO         3259    i.Veri_I2c          verify.o
    0x000165d8   0x00000354   Code   RO         3260    i.Veri_Pad          verify.o
    0x0001692c   0x0000005c   Code   RO         2900    i.Veri_Psw          uartx.o
    0x00016988   0x00000094   Code   RO         3261    i.Veri_Rtc          verify.o
    0x00016a1c   0x0000005c   Code   RO         3262    i.Veri_SVD_Ctrl     verify.o
    0x00016a78   0x00000054   Code   RO         3264    i.Veri_Sys_Reg      verify.o
    0x00016acc   0x00000094   Code   RO         3265    i.Veri_U7816        verify.o
    0x00016b60   0x000002a0   Code   RO         3266    i.Veri_Uart_All     verify.o
    0x00016e00   0x0000002c   Code   RO         3267    i.Veri_Wwdt         verify.o
    0x00016e2c   0x0000006a   Code   RO         3268    i.Verify_Dl         verify.o
    0x00016e96   0x0000004c   Code   RO         3269    i.Verify_para       verify.o
    0x00016ee2   0x00000002   PAD
    0x00016ee4   0x00000164   Code   RO         2179    i.VolPassRate       money.o
    0x00017048   0x00000014   Code   RO         1612    i.WWDT_IRQHandler   interrupt.o
    0x0001705c   0x00000010   Code   RO         1446    i.WWDT_Init         init.o
    0x0001706c   0x00000048   Code   RO         1232    i.Wait_for_end      i2c.o
    0x000170b4   0x00000028   Code   RO         3270    i.Week_Holiday_Verify  verify.o
    0x000170dc   0x00000154   Code   RO         1613    i.Wr_Powerdown_Data  interrupt.o
    0x00017230   0x00000002   Code   RO         2180    i.Wr_Pretime_Dayfreeze  money.o
    0x00017232   0x00000002   PAD
    0x00017234   0x00000030   Code   RO         2181    i.Wr_Pretime_Hisfreeze  money.o
    0x00017264   0x0000006c   Code   RO         2648    i.WriteBinWithMac   u7816.o
    0x000172d0   0x00000036   Code   RO         1233    i.WriteE2WithBackup  i2c.o
    0x00017306   0x00000020   Code   RO         2529    i.WriteE2WithJieti  tariff.o
    0x00017326   0x00000002   PAD
    0x00017328   0x000000c0   Code   RO         1019    i.Write_Event_Point  event.o
    0x000173e8   0x00000080   Code   RO         1020    i.Write_Load_Point  event.o
    0x00017468   0x00000018   Code   RO         2901    i.Xor_Data          uartx.o
    0x00017480   0x000000ac   Code   RO         2902    i.Yc_Auth           uartx.o
    0x0001752c   0x000000d0   Code   RO         2530    i.Year_Ladder_Judge  tariff.o
    0x000175fc   0x0000002e   Code   RO         3839    i.__ARM_clz         mf_p.l(depilogue.o)
    0x0001762a   0x00000030   Code   RO         2324    i.__ARM_common_ll_mulss  money.o
    0x0001765a   0x00000030   Code   RO         3200    i.__ARM_common_ll_muluu  uartx.o
    0x0001768a   0x0000001a   Code   RO          294    i.__ARM_common_switch8  fm32l0xx_rcc.o
    0x000176a4   0x0000000e   Code   RO         3845    i.__scatterload_copy  mc_p.l(handlers.o)
    0x000176b2   0x00000002   Code   RO         3846    i.__scatterload_null  mc_p.l(handlers.o)
    0x000176b4   0x0000000e   Code   RO         3847    i.__scatterload_zeroinit  mc_p.l(handlers.o)
    0x000176c2   0x00000002   PAD
    0x000176c4   0x00000028   Code   RO         3271    i.feik_Num_Verify   verify.o
    0x000176ec   0x0000001c   Code   RO         1447    i.isPowerOff        init.o
    0x00017708   0x0000002c   Code   RO         1972    i.main              mainproc.o
    0x00017734   0x000001c0   Data   RO         1021    .constdata          event.o
    0x000178f4   0x00000068   Data   RO         1234    .constdata          i2c.o
    0x0001795c   0x00000012   Data   RO         2002    .constdata          mainproc.o
    0x0001796e   0x00000002   PAD
    0x00017970   0x00000050   Data   RO         2370    .constdata          rtc.o
    0x000179c0   0x0000000c   Data   RO         2649    .constdata          u7816.o
    0x000179cc   0x00000048   Data   RO         3592    .constdata          uenergy-at.o
    0x00017a14   0x00000030   Data   RO         3843    Region$$Table       anon$$obj.o


    Execution Region RW_IRAM1 (Base: 0x20000200, Size: 0x000022a4, Max: 0x00004c00, ABSOLUTE, COMPRESSED[0x00000008])

    Base Addr    Size         Type   Attr      Idx    E Section Name        Object

    0x20000200   0x00000004   Data   RW          935    .data               system_fm32l0xx3.o
    0x20000204   0x00000001   Data   RW         2003    .data               mainproc.o
    0x20000205   0x00000001   Data   RW         2004    .data               mainproc.o
    0x20000206   0x00000001   Data   RW         2005    .data               mainproc.o
    0x20000207   0x00000001   Data   RW         2006    .data               mainproc.o
    0x20000208   0x00000001   Data   RW         2007    .data               mainproc.o
    0x20000209   0x00000001   Data   RW         2008    .data               mainproc.o
    0x2000020a   0x00000002   PAD
    0x2000020c   0x0000000c   Data   RW         2009    .data               mainproc.o
    0x20000218   0x00000001   Data   RW         2010    .data               mainproc.o
    0x20000219   0x00000001   Data   RW         2011    .data               mainproc.o
    0x2000021a   0x00000001   Data   RW         2012    .data               mainproc.o
    0x2000021b   0x00000001   Data   RW         2013    .data               mainproc.o
    0x2000021c   0x00000001   Data   RW         2014    .data               mainproc.o
    0x2000021d   0x00000001   Data   RW         2015    .data               mainproc.o
    0x2000021e   0x00000001   Data   RW         2016    .data               mainproc.o
    0x2000021f   0x00000001   Data   RW         2017    .data               mainproc.o
    0x20000220   0x00000001   Data   RW         2018    .data               mainproc.o
    0x20000221   0x00000001   Data   RW         2019    .data               mainproc.o
    0x20000222   0x00000002   Data   RW         2020    .data               mainproc.o
    0x20000224   0x00000002   Data   RW         2021    .data               mainproc.o
    0x20000226   0x00000002   PAD
    0x20000228   0x00000004   Data   RW         2022    .data               mainproc.o
    0x2000022c   0x00000004   Data   RW         2023    .data               mainproc.o
    0x20000230   0x00000004   Data   RW         2024    .data               mainproc.o
    0x20000234   0x00000004   Data   RW         2025    .data               mainproc.o
    0x20000238   0x00000001   Data   RW         2026    .data               mainproc.o
    0x20000239   0x00000001   Data   RW         2027    .data               mainproc.o
    0x2000023a   0x00000001   Data   RW         2028    .data               mainproc.o
    0x2000023b   0x00000001   Data   RW         2029    .data               mainproc.o
    0x2000023c   0x00000001   Data   RW         2030    .data               mainproc.o
    0x2000023d   0x00000001   PAD
    0x2000023e   0x00000002   Data   RW         2032    .data               mainproc.o
    0x20000240   0x00000001   Data   RW         2033    .data               mainproc.o
    0x20000241   0x00000001   PAD
    0x20000242   0x00000002   Data   RW         2034    .data               mainproc.o
    0x20000244   0x00000004   Data   RW         2035    .data               mainproc.o
    0x20000248   0x00000004   Data   RW         2036    .data               mainproc.o
    0x2000024c   0x00000001   Data   RW         2037    .data               mainproc.o
    0x2000024d   0x00000003   PAD
    0x20000250   0x00000004   Data   RW         2038    .data               mainproc.o
    0x20000254   0x00000002   Data   RW         2039    .data               mainproc.o
    0x20000256   0x00000001   Data   RW         2040    .data               mainproc.o
    0x20000257   0x00000001   Data   RW         2041    .data               mainproc.o
    0x20000258   0x00000001   Data   RW         2042    .data               mainproc.o
    0x20000259   0x00000001   Data   RW         2043    .data               mainproc.o
    0x2000025a   0x00000001   Data   RW         2044    .data               mainproc.o
    0x2000025b   0x00000001   Data   RW         2045    .data               mainproc.o
    0x2000025c   0x00000001   Data   RW         2046    .data               mainproc.o
    0x2000025d   0x00000001   Data   RW         2047    .data               mainproc.o
    0x2000025e   0x00000001   Data   RW         2048    .data               mainproc.o
    0x2000025f   0x00000001   Data   RW         2049    .data               mainproc.o
    0x20000260   0x00000001   Data   RW         2050    .data               mainproc.o
    0x20000261   0x00000001   Data   RW         2051    .data               mainproc.o
    0x20000262   0x00000002   Data   RW         2052    .data               mainproc.o
    0x20000264   0x00000002   Data   RW         2053    .data               mainproc.o
    0x20000266   0x00000001   Data   RW         2054    .data               mainproc.o
    0x20000267   0x00000001   Data   RW         2056    .data               mainproc.o
    0x20000268   0x00000001   Data   RW         2057    .data               mainproc.o
    0x20000269   0x00000002   Data   RW         2058    .data               mainproc.o
    0x2000026b   0x00000002   Data   RW         2059    .data               mainproc.o
    0x2000026d   0x00000001   Data   RW         2060    .data               mainproc.o
    0x2000026e   0x00000002   PAD
    0x20000270   0x00000004   Data   RW         2061    .data               mainproc.o
    0x20000274   0x00000004   Data   RW         2062    .data               mainproc.o
    0x20000278   0x00000001   Data   RW         2063    .data               mainproc.o
    0x20000279   0x00000001   PAD
    0x2000027a   0x00000002   Data   RW         2064    .data               mainproc.o
    0x2000027c   0x00000001   Data   RW         2065    .data               mainproc.o
    0x2000027d   0x00000001   PAD
    0x2000027e   0x00000002   Data   RW         2066    .data               mainproc.o
    0x20000280   0x00000001   Data   RW         2067    .data               mainproc.o
    0x20000281   0x00000001   Data   RW         2068    .data               mainproc.o
    0x20000282   0x00000001   Data   RW         2069    .data               mainproc.o
    0x20000283   0x00000001   PAD
    0x20000284   0x00000004   Data   RW         2070    .data               mainproc.o
    0x20000288   0x00000001   Data   RW         2071    .data               mainproc.o
    0x20000289   0x00000001   Data   RW         2072    .data               mainproc.o
    0x2000028a   0x00000001   Data   RW         2073    .data               mainproc.o
    0x2000028b   0x00000001   Data   RW         2074    .data               mainproc.o
    0x2000028c   0x00000001   Data   RW         2075    .data               mainproc.o
    0x2000028d   0x00000001   Data   RW         2076    .data               mainproc.o
    0x2000028e   0x00000008   Data   RW         2077    .data               mainproc.o
    0x20000296   0x00000001   Data   RW         2078    .data               mainproc.o
    0x20000297   0x00000001   PAD
    0x20000298   0x00000002   Data   RW         2080    .data               mainproc.o
    0x2000029a   0x00000001   Data   RW         2081    .data               mainproc.o
    0x2000029b   0x00000008   Data   RW         2082    .data               mainproc.o
    0x200002a3   0x00000001   PAD
    0x200002a4   0x00000002   Data   RW         2083    .data               mainproc.o
    0x200002a6   0x00000001   Data   RW         2084    .data               mainproc.o
    0x200002a7   0x00000008   Data   RW         2085    .data               mainproc.o
    0x200002af   0x00000003   Data   RW         2086    .data               mainproc.o
    0x200002b2   0x00000003   Data   RW         2087    .data               mainproc.o
    0x200002b5   0x00000007   Data   RW         2088    .data               mainproc.o
    0x200002bc   0x00000001   Data   RW         2089    .data               mainproc.o
    0x200002bd   0x00000002   Data   RW         2091    .data               mainproc.o
    0x200002bf   0x00000008   Data   RW         2092    .data               mainproc.o
    0x200002c7   0x00000008   Data   RW         2093    .data               mainproc.o
    0x200002cf   0x00000008   Data   RW         2094    .data               mainproc.o
    0x200002d7   0x00000008   Data   RW         2095    .data               mainproc.o
    0x200002df   0x00000001   Data   RW         2096    .data               mainproc.o
    0x200002e0   0x00000008   Data   RW         2097    .data               mainproc.o
    0x200002e8   0x00000004   Data   RW         2098    .data               mainproc.o
    0x200002ec   0x00000008   Data   RW         2099    .data               mainproc.o
    0x200002f4   0x00000038   Data   RW         3593    .data               uenergy-at.o
    0x2000032c   0x0000000e   Zero   RW         1974    .bss                mainproc.o
    0x2000033a   0x00000088   Zero   RW         1975    .bss                mainproc.o
    0x200003c2   0x00000002   PAD
    0x200003c4   0x00000028   Zero   RW         1976    .bss                mainproc.o
    0x200003ec   0x00000061   Zero   RW         1977    .bss                mainproc.o
    0x2000044d   0x0000001c   Zero   RW         1978    .bss                mainproc.o
    0x20000469   0x00000020   Zero   RW         1979    .bss                mainproc.o
    0x20000489   0x00000016   Zero   RW         1980    .bss                mainproc.o
    0x2000049f   0x00000001   PAD
    0x200004a0   0x00000018   Zero   RW         1981    .bss                mainproc.o
    0x200004b8   0x00000055   Zero   RW         1982    .bss                mainproc.o
    0x2000050d   0x00000032   Zero   RW         1983    .bss                mainproc.o
    0x2000053f   0x00000001   PAD
    0x20000540   0x00000190   Zero   RW         1984    .bss                mainproc.o
    0x200006d0   0x00000038   Zero   RW         1985    .bss                mainproc.o
    0x20000708   0x0000000c   Zero   RW         1986    .bss                mainproc.o
    0x20000714   0x00000181   Zero   RW         1987    .bss                mainproc.o
    0x20000895   0x00000001   PAD
    0x20000896   0x000017c8   Zero   RW         1988    .bss                mainproc.o
    0x2000205e   0x0000001d   Zero   RW         1989    .bss                mainproc.o
    0x2000207b   0x0000000d   Zero   RW         1990    .bss                mainproc.o
    0x20002088   0x00000026   Zero   RW         1991    .bss                mainproc.o
    0x200020ae   0x00000042   Zero   RW         1992    .bss                mainproc.o
    0x200020f0   0x00000060   Zero   RW         1993    .bss                mainproc.o
    0x20002150   0x0000000a   Zero   RW         1994    .bss                mainproc.o
    0x2000215a   0x00000002   PAD
    0x2000215c   0x00000030   Zero   RW         1995    .bss                mainproc.o
    0x2000218c   0x0000001c   Zero   RW         1996    .bss                mainproc.o
    0x200021a8   0x00000038   Zero   RW         1997    .bss                mainproc.o
    0x200021e0   0x0000002d   Zero   RW         1998    .bss                mainproc.o
    0x2000220d   0x000000fa   Zero   RW         1999    .bss                mainproc.o
    0x20002307   0x000000fa   Zero   RW         2000    .bss                mainproc.o
    0x20002401   0x00000003   PAD
    0x20002404   0x00000020   Zero   RW         2001    .bss                mainproc.o
    0x20002424   0x00000080   Zero   RW         3591    .bss                uenergy-at.o


    Execution Region RW_IRAM2 (Base: 0x20004e00, Size: 0x00001000, Max: 0x00001200, ABSOLUTE)

    Base Addr    Size         Type   Attr      Idx    E Section Name        Object

    0x20004e00   0x00001000   Zero   RW          986    STACK               startup_fm32l0xx.o



  Load Region LR_IROM3 (Base: 0x0003f800, Size: 0x00000484, Max: 0x00000800, ABSOLUTE)

    Execution Region PROTECT_ROM2 (Base: 0x0003f800, Size: 0x00000484, Max: 0x00000800, ABSOLUTE)

    Base Addr    Size         Type   Attr      Idx    E Section Name        Object

    0x0003f800   0x00000484   Data   RO         1181    Protected           factory.o



  Load Region LR$$.ARM.__AT_0x20000000 (Base: 0x20000000, Size: 0x00000000, Max: 0x000001f0, ABSOLUTE)

    Execution Region ER$$.ARM.__AT_0x20000000 (Base: 0x20000000, Size: 0x000001f0, Max: 0x000001f0, ABSOLUTE, UNINIT)

    Base Addr    Size         Type   Attr      Idx    E Section Name        Object

    0x20000000   0x000001f0   Zero   RW         1973    .ARM.__AT_0x20000000  mainproc.o


==============================================================================

Image component sizes


      Code (inc. data)   RO Data    RW Data    ZI Data      Debug   Object Name

      5528        448        448          0          0      47451   event.o
         0          0       1156          0          0       7596   factory.o
       240         60          0          0          0       7255   fm32l0xx_anac.o
       216          0          0          0          0       3229   fm32l0xx_gpio.o
        26          0          0          0          0         72   fm32l0xx_rcc.o
         0          0          0          0          0      25912   fm32l0xx_spi.o
         0          0          0          0          0       1444   fm32l0xx_uart.o
      4020        222        104          0          0      29000   i2c.o
      6450        828          0          0          0      25809   init.o
      7878        978          0          0          0      36716   interrupt.o
      1296        226          0          0          0       5799   iokey.o
      4166        290          0          0          0      12471   lcd.o
       520         34         18        224       8926       9710   mainproc.o
      5524        432          0          0          0      22020   money.o
      2714        288         80          0          0      16656   rtc.o
        28          8        192          0       4096        688   startup_fm32l0xx.o
       192         54          0          4          0      13097   system_fm32l0xx3.o
      2256        190          0          0          0      10679   tariff.o
      4496        494         12          0          0      26352   u7816.o
     32682       2360          0          0          0      70948   uartx.o
      8332        754         72         56        128      27394   uenergy-at.o
      6198        596          0          0          0      42289   verify.o

    ----------------------------------------------------------------------
     92802       8262       2132        300      13160     442587   Object Totals
         0          0         48          0          0          0   (incl. Generated)
        40          0          2         16         10          0   (incl. Padding)

    ----------------------------------------------------------------------

      Code (inc. data)   RO Data    RW Data    ZI Data      Debug   Library Member Name

        58          0          0          0          0          0   __dczerorl.o
         0          0          0          0          0          0   entry.o
         0          0          0          0          0          0   entry10a.o
         0          0          0          0          0          0   entry11a.o
         8          4          0          0          0          0   entry2.o
         4          0          0          0          0          0   entry5.o
         0          0          0          0          0          0   entry7b.o
         0          0          0          0          0          0   entry8b.o
         8          4          0          0          0          0   entry9a.o
        30          0          0          0          0          0   handlers.o
        40          0          0          0          0         72   idiv.o
        36          8          0          0          0         68   init.o
         0          0          0          0          0          0   iusefp.o
        76          0          0          0          0         76   ldiv.o
       122          0          0          0          0         84   llmul.o
        32          0          0          0          0         68   llshl.o
        38          0          0          0          0         68   llsshr.o
        34          0          0          0          0         68   llushr.o
        36          0          0          0          0         60   memcpya.o
        36          0          0          0          0        100   memseta.o
        44          0          0          0          0         72   uidiv.o
        96          0          0          0          0         84   uldiv.o
        40          2          0          0          0         68   cdcmple.o
        20          0          0          0          0         68   cfcmple.o
        20          0          0          0          0         68   cfrcmple.o
        56          0          0          0          0         68   d2f.o
       356          4          0          0          0        140   dadd.o
       240          6          0          0          0         84   ddiv.o
       236          0          0          0          0        216   depilogue.o
        72         10          0          0          0         72   dfixi.o
        80          8          0          0          0         72   dfixl.o
        60         10          0          0          0         68   dfixui.o
        64         10          0          0          0         68   dfixul.o
        40          6          0          0          0         68   dflti.o
        44          6          0          0          0         72   dfltl.o
        28          4          0          0          0         68   dfltui.o
       208          6          0          0          0         88   dmul.o
        44          0          0          0          0         72   dscalb.o
        40          0          0          0          0         60   f2d.o
       178          0          0          0          0        108   fadd.o
       124          0          0          0          0         72   fdiv.o
       130          0          0          0          0        144   fepilogue.o
        50          0          0          0          0         60   ffixi.o
        40          0          0          0          0         60   ffixui.o
        22          0          0          0          0         68   fflti.o
        14          0          0          0          0         68   ffltui.o
       122          0          0          0          0         72   fmul.o
        24          0          0          0          0         60   fscalb.o

    ----------------------------------------------------------------------
      3058         88          0          0          0       2952   Library Totals
         8          0          0          0          0          0   (incl. Padding)

    ----------------------------------------------------------------------

      Code (inc. data)   RO Data    RW Data    ZI Data      Debug   Library Name

       698         16          0          0          0        820   mc_p.l
      2352         72          0          0          0       2132   mf_p.l

    ----------------------------------------------------------------------
      3058         88          0          0          0       2952   Library Totals

    ----------------------------------------------------------------------

==============================================================================


      Code (inc. data)   RO Data    RW Data    ZI Data      Debug   

     95860       8350       2132        300      13160     426379   Grand Totals
     95860       8350       2132          8      13160     426379   ELF Image Totals (compressed)
     95860       8350       2132          8          0          0   ROM Totals

==============================================================================

    Total RO  Size (Code + RO Data)                97992 (  95.70kB)
    Total RW  Size (RW Data + ZI Data)             13460 (  13.14kB)
    Total ROM Size (Code + RO Data + RW Data)      98000 (  95.70kB)

==============================================================================

