Component: ARM Compiler 5.06 update 1 (build 61) Tool: armlink [4d35a8]

==============================================================================

Section Cross References

    fm32l0xx_rtc.o(i.RTC_SetTime) refers to fm32l0xx_rtc.o(i.RTC_WRUNProtect) for RTC_WRUNProtect
    fm32l0xx_rtc.o(i.RTC_SetTime) refers to fm32l0xx_rtc.o(i.RTC_WRProtect) for RTC_WRProtect
    fm32l0xx_rcc.o(i.RCC_PERIPH_clk_disable) refers to fm32l0xx_rcc.o(i.__ARM_common_switch8) for __ARM_common_switch8
    fm32l0xx_rcc.o(i.RCC_PERIPH_clk_enable) refers to fm32l0xx_rcc.o(i.__ARM_common_switch8) for __ARM_common_switch8
    fm32l0xx_rcc.o(i.RCC_PERIPH_clk_set) refers to fm32l0xx_rcc.o(i.RCC_PERIPH_clk_enable) for RCC_PERIPH_clk_enable
    fm32l0xx_rcc.o(i.RCC_PERIPH_clk_set) refers to fm32l0xx_rcc.o(i.RCC_PERIPH_clk_disable) for RCC_PERIPH_clk_disable
    fm32l0xx_nvmif.o(i.NVMIF_DeINIT) refers to fm32l0xx_rcc.o(i.RCC_PERIPH_clk_disable) for RCC_PERIPH_clk_disable
    fm32l0xx_nvmif.o(i.NVMIF_ERASE_block) refers to fm32l0xx_nvmif.o(i.delay_50) for delay_50
    fm32l0xx_nvmif.o(i.NVMIF_ERASE_chip) refers to fm32l0xx_nvmif.o(i.delay_50) for delay_50
    fm32l0xx_nvmif.o(i.NVMIF_ERASE_sector) refers to fm32l0xx_nvmif.o(i.delay_50) for delay_50
    fm32l0xx_nvmif.o(i.NVMIF_INIT) refers to fm32l0xx_rcc.o(i.RCC_PERIPH_clk_enable) for RCC_PERIPH_clk_enable
    fm32l0xx_nvmif.o(i.NVMIF_PROG_half_word) refers to fm32l0xx_nvmif.o(i.delay_50) for delay_50
    fm32l0xx_nvmif.o(i.NVMIF_PROG_single_byte) refers to fm32l0xx_nvmif.o(i.delay_50) for delay_50
    fm32l0xx_nvmif.o(i.NVMIF_PROG_single_word) refers to fm32l0xx_nvmif.o(i.delay_50) for delay_50
    fm32l0xx_nvmif.o(i.delay_50) refers to fm32l0xx_iwdg.o(i.IWDT_Clr) for IWDT_Clr
    fm32l0xx_iwdg.o(i.IWDT_Set) refers to fm32l0xx_rcc.o(i.RCC_PERIPH_clk_enable) for RCC_PERIPH_clk_enable
    fm32l0xx_dma.o(i.DMA_Channel_Disable) refers to fm32l0xx_rcc.o(i.__ARM_common_switch8) for __ARM_common_switch8
    fm32l0xx_dma.o(i.DMA_Channel_Enable) refers to fm32l0xx_rcc.o(i.__ARM_common_switch8) for __ARM_common_switch8
    fm32l0xx_dma.o(i.DMA_Init) refers to fm32l0xx_rcc.o(i.RCC_PERIPH_clk_enable) for RCC_PERIPH_clk_enable
    fm32l0xx_dma.o(i.DMA_Init) refers to fm32l0xx_rcc.o(i.__ARM_common_switch8) for __ARM_common_switch8
    fm32l0xx_dma.o(i.DMA_TRANS_FLASH_TO_RAM) refers to fm32l0xx_dma.o(i.DMA_Init) for DMA_Init
    fm32l0xx_dma.o(i.DMA_TRANS_FLASH_TO_RAM) refers to fm32l0xx_dma.o(i.DMA_Channel_Enable) for DMA_Channel_Enable
    fm32l0xx_dma.o(i.DMA_TRANS_FLASH_TO_RAM) refers to fm32l0xx_dma.o(i.DMA_Globle_Ensable) for DMA_Globle_Ensable
    system_fm32l0xx3.o(i.SystemCoreClockUpdate) refers to system_fm32l0xx3.o(.data) for SystemCoreClock
    system_fm32l0xx3.o(i.SystemInit) refers to mainproc.o(i.main) for main
    system_fm32l0xx3.o(i.SystemInit) refers to system_fm32l0xx3.o(.data) for SystemCoreClock
    system_fm32l0xx3.o(i.SystemInit) refers to mainproc.o(.data) for Powerd_Flag
    system_fm32l0xx3.o(i.SystemInit) refers to factory.o(Protected) for Wwdt_Lcd_Ctrl
    system_fm32l0xx3.o(i.TicksDelayMs) refers to system_fm32l0xx3.o(i.TicksDelay) for TicksDelay
    system_fm32l0xx3.o(i.TicksDelayUs) refers to system_fm32l0xx3.o(i.TicksDelay) for TicksDelay
    startup_fm32l0xx.o(RESET) refers to startup_fm32l0xx.o(STACK) for __initial_sp
    startup_fm32l0xx.o(RESET) refers to startup_fm32l0xx.o(.text) for Reset_Handler
    startup_fm32l0xx.o(RESET) refers to interrupt.o(i.NMI_Handler) for NMI_Handler
    startup_fm32l0xx.o(RESET) refers to interrupt.o(i.HardFault_Handler) for HardFault_Handler
    startup_fm32l0xx.o(RESET) refers to interrupt.o(i.WWDT_IRQHandler) for WWDT_IRQHandler
    startup_fm32l0xx.o(RESET) refers to interrupt.o(i.SVD_IRQHandler) for SVD_IRQHandler
    startup_fm32l0xx.o(RESET) refers to interrupt.o(i.RTC_IRQHandler) for RTC_IRQHandler
    startup_fm32l0xx.o(RESET) refers to interrupt.o(i.FDET_IRQHandler) for FDET_IRQHandler
    startup_fm32l0xx.o(RESET) refers to interrupt.o(i.UART0_IRQHandler) for UART0_IRQHandler
    startup_fm32l0xx.o(RESET) refers to interrupt.o(i.UART1_IRQHandler) for UART1_IRQHandler
    startup_fm32l0xx.o(RESET) refers to interrupt.o(i.UART2_IRQHandler) for UART2_IRQHandler
    startup_fm32l0xx.o(RESET) refers to interrupt.o(i.UART5_IRQHandler) for UART5_IRQHandler
    startup_fm32l0xx.o(RESET) refers to interrupt.o(i.BT1_IRQHandler) for BT1_IRQHandler
    startup_fm32l0xx.o(RESET) refers to interrupt.o(i.BT2_IRQHandler) for BT2_IRQHandler
    startup_fm32l0xx.o(RESET) refers to interrupt.o(i.ETIMER2_IRQHandler) for ETIMER2_IRQHandler
    startup_fm32l0xx.o(RESET) refers to interrupt.o(i.ETIMER4_IRQHandler) for ETIMER4_IRQHandler
    startup_fm32l0xx.o(.text) refers to system_fm32l0xx3.o(i.SystemInit) for SystemInit
    startup_fm32l0xx.o(.text) refers to entry.o(.ARM.Collect$$$$00000000) for __main
    event.o(i.CalcAbsDay) refers to rtc.o(i.Bcd_To_Hex) for Bcd_To_Hex
[...]
    Pd_Calculate_Judge                       0x0000edf5   Thumb Code   726  money.o(i.Pd_Calculate_Judge)
    Pd_Histroyfreeze_Judge                   0x0000f0d9   Thumb Code   534  money.o(i.Pd_Histroyfreeze_Judge)
    Pd_Hourfreeze_Judge                      0x0000f309   Thumb Code   522  money.o(i.Pd_Hourfreeze_Judge)
    PowerError_Check                         0x0000f521   Thumb Code   148  interrupt.o(i.PowerError_Check)
    Powerd_Data_Process                      0x0000f5c1   Thumb Code   982  init.o(i.Powerd_Data_Process)
    Price_Judge                              0x0000f9e1   Thumb Code   420  tariff.o(i.Price_Judge)
    Process_Usedl                            0x0000fba9   Thumb Code   148  money.o(i.Process_Usedl)
    ProgramRecord                            0x0000fc41   Thumb Code    94  uartx.o(i.ProgramRecord)
    RTC_IRQHandler                           0x0000fca9   Thumb Code   268  interrupt.o(i.RTC_IRQHandler)
    RdHisEvent                               0x0000fde5   Thumb Code  1444  uartx.o(i.RdHisEvent)
    RdHisPd                                  0x00010389   Thumb Code   254  uartx.o(i.RdHisPd)
    RdRecTimes                               0x00010489   Thumb Code    32  event.o(i.RdRecTimes)
    Rd_Relay_Buy_Rec                         0x000104ad   Thumb Code  2346  uartx.o(i.Rd_Relay_Buy_Rec)
    ReadBinFile                              0x00010de1   Thumb Code    40  u7816.o(i.ReadBinFile)
    ReadBinWithMac                           0x00010e09   Thumb Code   244  u7816.o(i.ReadBinWithMac)
    ReadE2WithBackup                         0x00010f11   Thumb Code    50  i2c.o(i.ReadE2WithBackup)
    ReadE2WithJieti                          0x00010f43   Thumb Code    24  tariff.o(i.ReadE2WithJieti)
    ReadFreezedRec                           0x00010f5d   Thumb Code  1060  uartx.o(i.ReadFreezedRec)
    ReadLoadRec                              0x00011381   Thumb Code  1960  event.o(i.ReadLoadRec)
    ReadRandom                               0x00011b39   Thumb Code    54  u7816.o(i.ReadRandom)
    ReadRecFile                              0x00011b79   Thumb Code    36  u7816.o(i.ReadRecFile)
    Read_Event_Number                        0x00011b9d   Thumb Code    72  event.o(i.Read_Event_Number)
    Read_Event_Point                         0x00011be5   Thumb Code    92  event.o(i.Read_Event_Point)
    Read_Kx                                  0x00011c45   Thumb Code    36  u7816.o(i.Read_Kx)
    Read_Rtc                                 0x00011c69   Thumb Code   252  rtc.o(i.Read_Rtc)
    Read_Sysclock                            0x00011d69   Thumb Code  2032  rtc.o(i.Read_Sysclock)
    Read_UIP                                 0x000125dd   Thumb Code  1938  uenergy-at.o(i.Read_UIP)
    Read_UIPF                                0x00012dc5   Thumb Code   106  uenergy-at.o(i.Read_UIPF)
    Read_Uip_Data                            0x00012e39   Thumb Code   204  event.o(i.Read_Uip_Data)
    Ready_Reportdata                         0x00012f11   Thumb Code   188  uartx.o(i.Ready_Reportdata)
    RefreshPrice                             0x00012fd1   Thumb Code    28  tariff.o(i.RefreshPrice)
    Relay_Ctrl                               0x00012ff5   Thumb Code   508  uartx.o(i.Relay_Ctrl)
    Relaystatus_Check                        0x00013219   Thumb Code   656  iokey.o(i.Relaystatus_Check)
    ReportEvent                              0x000134f9   Thumb Code   106  uartx.o(i.ReportEvent)
    ReportProc                               0x00013579   Thumb Code   834  uartx.o(i.ReportProc)
    Report_Response                          0x000138f1   Thumb Code   474  uartx.o(i.Report_Response)
    Reset                                    0x00013ae9   Thumb Code    96  interrupt.o(i.Reset)
    Rpdl_Verify                              0x00013b61   Thumb Code    44  verify.o(i.Rpdl_Verify)
    RxTxCommhead                             0x00013b95   Thumb Code    18  u7816.o(i.RxTxCommhead)
    SCover_Check                             0x00013bad   Thumb Code   218  interrupt.o(i.SCover_Check)
    SPI_Rx_Byte                              0x00013ca1   Thumb Code    64  i2c.o(i.SPI_Rx_Byte)
    SPI_Tx_Byte                              0x00013ce5   Thumb Code    56  i2c.o(i.SPI_Tx_Byte)
    SVD_Disable                              0x00013d21   Thumb Code    14  fm32l0xx_anac.o(i.SVD_Disable)
    SVD_Enable                               0x00013d35   Thumb Code    14  fm32l0xx_anac.o(i.SVD_Enable)
    SVD_IRQHandler                           0x00013d49   Thumb Code    14  interrupt.o(i.SVD_IRQHandler)
    SVD_Init                                 0x00013d5d   Thumb Code    32  fm32l0xx_anac.o(i.SVD_Init)
    Save_Keep_Timer                          0x00013d81   Thumb Code   118  interrupt.o(i.Save_Keep_Timer)
    Sclock_Event_Proc                        0x00013e01   Thumb Code   192  mainproc.o(i.Sclock_Event_Proc)
    SelectFile                               0x00013ec9   Thumb Code    46  u7816.o(i.SelectFile)
    Sendaddr                                 0x00013efd   Thumb Code   174  i2c.o(i.Sendaddr)
    Sequence                                 0x00013fb1   Thumb Code   124  tariff.o(i.Sequence)
    SetKey                                   0x0001402d   Thumb Code    20  u7816.o(i.SetKey)
    Set_Comm_Rate                            0x00014041   Thumb Code   224  uartx.o(i.Set_Comm_Rate)
    Set_Reportdata                           0x00014131   Thumb Code   284  uartx.o(i.Set_Reportdata)
    Set_Rtc                                  0x0001425d   Thumb Code   144  rtc.o(i.Set_Rtc)
    ShiquRecord                              0x000142f5   Thumb Code   236  uartx.o(i.ShiquRecord)
    Short2Byte                               0x000143e5   Thumb Code     8  rtc.o(i.Short2Byte)
    Sleep                                    0x000143ed   Thumb Code  1588  interrupt.o(i.Sleep)
    Snd_7816_Byte                            0x00014a49   Thumb Code   104  u7816.o(i.Snd_7816_Byte)
    Starttimer_Verify                        0x00014abd   Thumb Code    16  verify.o(i.Starttimer_Verify)
    Store_Data                               0x00014ad1   Thumb Code   572  interrupt.o(i.Store_Data)
    Store_Meterstatus                        0x00014d4d   Thumb Code    28  iokey.o(i.Store_Meterstatus)
    SynEeprom                                0x00014d71   Thumb Code   572  i2c.o(i.SynEeprom)
    SynFlashRec                              0x00014fd9   Thumb Code   454  i2c.o(i.SynFlashRec)
    Syn_Clock                                0x000151b1   Thumb Code    36  rtc.o(i.Syn_Clock)
    SystemInit                               0x000151d9   Thumb Code    76  system_fm32l0xx3.o(i.SystemInit)
    SystemTicksInterval                      0x00015249   Thumb Code    14  i2c.o(i.SystemTicksInterval)
    Temperpara_Verify                        0x0001525d   Thumb Code    88  verify.o(i.Temperpara_Verify)
    TicksDelay                               0x000152c1   Thumb Code    32  system_fm32l0xx3.o(i.TicksDelay)
    TicksDelayMs                             0x000152e5   Thumb Code    40  system_fm32l0xx3.o(i.TicksDelayMs)
    TicksDelayUs                             0x0001530d   Thumb Code    22  system_fm32l0xx3.o(i.TicksDelayUs)
    Timezone_Judge                           0x00015329   Thumb Code   524  tariff.o(i.Timezone_Judge)
    Tx_645_Frame                             0x00015565   Thumb Code   280  interrupt.o(i.Tx_645_Frame)
    UART0_IRQHandler                         0x00015695   Thumb Code    76  interrupt.o(i.UART0_IRQHandler)
    UART1_IRQHandler                         0x000156e5   Thumb Code    76  interrupt.o(i.UART1_IRQHandler)
    UART2_IRQHandler                         0x00015735   Thumb Code    78  interrupt.o(i.UART2_IRQHandler)
    UART5_IRQHandler                         0x00015789   Thumb Code    86  interrupt.o(i.UART5_IRQHandler)
    UIP_K                                    0x000157e5   Thumb Code   128  uenergy-at.o(i.UIP_K)
    UartReadByte                             0x0001586d   Thumb Code    70  uenergy-at.o(i.UartReadByte)
    UartWriteByte                            0x000158c5   Thumb Code    58  uenergy-at.o(i.UartWriteByte)
    Uart_IE_Disable_Proc                     0x00015911   Thumb Code    86  interrupt.o(i.Uart_IE_Disable_Proc)
    Uart_Proc                                0x0001596d   Thumb Code 41502  uartx.o(i.Uart_Proc)
    Uart_RXErr_Proc                          0x0001fb99   Thumb Code   136  interrupt.o(i.Uart_RXErr_Proc)
    UpdataRunFile                            0x0001fc25   Thumb Code   122  u7816.o(i.UpdataRunFile)
    UpdateBinFile                            0x0001fcad   Thumb Code    50  u7816.o(i.UpdateBinFile)
    UpdateEepromKey                          0x0001fce9   Thumb Code   916  u7816.o(i.UpdateEepromKey)
    UpdateEsamKey                            0x00020095   Thumb Code   484  u7816.o(i.UpdateEsamKey)
    UpdateSysPara                            0x00020291   Thumb Code   258  uartx.o(i.UpdateSysPara)
    Update_ESAM_Bin_Mac                      0x000203b9   Thumb Code    62  u7816.o(i.Update_ESAM_Bin_Mac)
    Vector_Event_Proc                        0x000203fd   Thumb Code   180  mainproc.o(i.Vector_Event_Proc)
    Veri_Btmr1                               0x000204c1   Thumb Code   104  verify.o(i.Veri_Btmr1)
    Veri_Btmr1_Pcount                        0x00020531   Thumb Code    62  verify.o(i.Veri_Btmr1_Pcount)
    Veri_Btmr2                               0x00020579   Thumb Code   104  verify.o(i.Veri_Btmr2)
    Veri_Btmr2_Pcount                        0x000205e9   Thumb Code    62  verify.o(i.Veri_Btmr2_Pcount)
    Veri_Clk_Gen                             0x00020631   Thumb Code   180  verify.o(i.Veri_Clk_Gen)
    Veri_Disp                                0x00020719   Thumb Code   266  verify.o(i.Veri_Disp)
    Veri_Etmr2                               0x00020855   Thumb Code   140  verify.o(i.Veri_Etmr2)
    Veri_Etmr4                               0x000208ed   Thumb Code   118  verify.o(i.Veri_Etmr4)
    Veri_I2c                                 0x00020971   Thumb Code    22  verify.o(i.Veri_I2c)
    Veri_Pad                                 0x0002098d   Thumb Code   932  verify.o(i.Veri_Pad)
    Veri_Psw                                 0x00020d49   Thumb Code    98  uartx.o(i.Veri_Psw)
    Veri_Rtc                                 0x00020db5   Thumb Code   134  verify.o(i.Veri_Rtc)
    Veri_SVD_Ctrl                            0x00020e51   Thumb Code    86  verify.o(i.Veri_SVD_Ctrl)
    Veri_Spi                                 0x00020eb5   Thumb Code     2  verify.o(i.Veri_Spi)
    Veri_Sys_Reg                             0x00020eb9   Thumb Code    82  verify.o(i.Veri_Sys_Reg)
    Veri_U7816                               0x00020f11   Thumb Code   142  verify.o(i.Veri_U7816)
    Veri_Uart_All                            0x00020fad   Thumb Code   690  verify.o(i.Veri_Uart_All)
    Veri_Wwdt                                0x000212a5   Thumb Code    40  verify.o(i.Veri_Wwdt)
    Verify_Dl                                0x000212d1   Thumb Code   110  verify.o(i.Verify_Dl)
    Verify_para                              0x0002133f   Thumb Code    80  verify.o(i.Verify_para)
    VolPassRate                              0x00021391   Thumb Code   522  money.o(i.VolPassRate)
    WWDT_IRQHandler                          0x000215b5   Thumb Code    14  interrupt.o(i.WWDT_IRQHandler)
    WWDT_Init                                0x000215c9   Thumb Code    12  init.o(i.WWDT_Init)
    Wait_for_end                             0x000215d9   Thumb Code    66  i2c.o(i.Wait_for_end)
    Week_Holiday_Verify                      0x00021629   Thumb Code    30  verify.o(i.Week_Holiday_Verify)
    Wr_Powerdown_Data                        0x00021651   Thumb Code   358  interrupt.o(i.Wr_Powerdown_Data)
    Wr_Pretime_Dayfreeze                     0x000217ed   Thumb Code     2  money.o(i.Wr_Pretime_Dayfreeze)
    Wr_Pretime_Hisfreeze                     0x000217f1   Thumb Code    46  money.o(i.Wr_Pretime_Hisfreeze)
    WriteBinWithMac                          0x00021825   Thumb Code   114  u7816.o(i.WriteBinWithMac)
    WriteE2WithBackup                        0x000218a5   Thumb Code    62  i2c.o(i.WriteE2WithBackup)
    WriteE2WithJieti                         0x000218e3   Thumb Code    32  tariff.o(i.WriteE2WithJieti)
    Write_Event_Point                        0x00021905   Thumb Code   206  event.o(i.Write_Event_Point)
    Write_Load_Point                         0x000219dd   Thumb Code   136  event.o(i.Write_Load_Point)
    Xor_Data                                 0x00021a6d   Thumb Code    26  uartx.o(i.Xor_Data)
    Yc_Auth                                  0x00021a89   Thumb Code   198  uartx.o(i.Yc_Auth)
    Year_Ladder_Judge                        0x00021b6d   Thumb Code   208  tariff.o(i.Year_Ladder_Judge)
    __ARM_clz                                0x00021c4d   Thumb Code    46  depilogue.o(i.__ARM_clz)
    __ARM_common_ll_muluu                    0x00021c7b   Thumb Code    48  uartx.o(i.__ARM_common_ll_muluu)
    __ARM_common_switch8                     0x00021cab   Thumb Code    28  fm32l0xx_rcc.o(i.__ARM_common_switch8)
    __scatterload_copy                       0x00021cc7   Thumb Code    14  handlers.o(i.__scatterload_copy)
    __scatterload_null                       0x00021cd5   Thumb Code     2  handlers.o(i.__scatterload_null)
    __scatterload_zeroinit                   0x00021cd7   Thumb Code    14  handlers.o(i.__scatterload_zeroinit)
    feik_Num_Verify                          0x00021ce5   Thumb Code    30  verify.o(i.feik_Num_Verify)
    isPowerOff                               0x00021d0d   Thumb Code    18  init.o(i.isPowerOff)
    main                                     0x00021d29   Thumb Code    46  mainproc.o(i.main)
    EventTable                               0x00021d58   Data         296  event.o(.constdata)
    MaxRecNum                                0x00021e80   Data         100  event.o(.constdata)
    gui_MonthBeginDay                        0x00021ee4   Data          24  event.o(.constdata)
    LoadOffset                               0x00021efc   Data           6  event.o(.constdata)
    LoadLen                                  0x00021f02   Data           6  event.o(.constdata)
    Ee_Addr                                  0x00021f18   Data          52  i2c.o(.constdata)
    Fl_Addr                                  0x00021f4c   Data          52  i2c.o(.constdata)
    BPS_SPBRGL1                              0x00021f80   Data          18  mainproc.o(.constdata)
    MaxDays                                  0x00021f98   Data          12  rtc.o(.constdata)
    ConstIns                                 0x00021fe8   Data          12  u7816.o(.constdata)
    Dl_Cpu_Init                              0x00021ff4   Data          60  uenergy-at.o(.constdata)
    Dl_Cpu_Init2                             0x00022030   Data           4  uenergy-at.o(.constdata)
    Default_Reg                              0x00022034   Data           6  uenergy-at.o(.constdata)
    Region$$Table$$Base                      0x0002203c   Number         0  anon$$obj.o(Region$$Table)
    Region$$Table$$Limit                     0x0002206c   Number         0  anon$$obj.o(Region$$Table)
    clkmode                                  0x0003f800   Data           1  factory.o(Protected)
    rchfcfgreg                               0x0003f804   Data           4  factory.o(Protected)
    runwdtcon                                0x0003f808   Data           4  factory.o(Protected)
    rtcosccfg                                0x0003f80c   Data           1  factory.o(Protected)
    SleepBorCfg                              0x0003f810   Data           4  factory.o(Protected)
    SleepPdrCfg                              0x0003f814   Data           4  factory.o(Protected)
    RunBorCfg                                0x0003f818   Data           4  factory.o(Protected)
    RunPdrCfg                                0x0003f81c   Data           4  factory.o(Protected)
    Compile_LvdLvCfg                         0x0003f820   Data           1  factory.o(Protected)
    Runet1Outcnt                             0x0003f824   Data           4  factory.o(Protected)
    Runrtctmls                               0x0003f828   Data           1  factory.o(Protected)
    IRDutyCycleCfg                           0x0003f82c   Data           4  factory.o(Protected)
    Relay_Mode                               0x0003f830   Data           1  factory.o(Protected)
    C_ucSoftVerForFactory                    0x0003f831   Data           8  factory.o(Protected)
    Correction_Mode                          0x0003f839   Data           1  factory.o(Protected)
    Rn8209c_Mode                             0x0003f83a   Data           1  factory.o(Protected)
    Compile_Polar_485                        0x0003f83b   Data           1  factory.o(Protected)
    Memoryerr_Ctrl                           0x0003f83c   Data           1  factory.o(Protected)
    FlashPowerOff_Ctrl                       0x0003f83d   Data           1  factory.o(Protected)
    EsamPowerOff_Ctrl                        0x0003f83e   Data           1  factory.o(Protected)
    Wwdt_Lcd_Ctrl                            0x0003f83f   Data           1  factory.o(Protected)
    RTC_Trim_Ctrl                            0x0003f840   Data           1  factory.o(Protected)
    SleepPtatOffsetCfg                       0x0003f841   Data           1  factory.o(Protected)
    Extbattery                               0x0003f842   Data           1  factory.o(Protected)
    ExtVoltage                               0x0003f843   Data           1  factory.o(Protected)
    Verdate                                  0x0003f844   Data          24  factory.o(Protected)
    RatedVolt                                0x0003f85c   Data           6  factory.o(Protected)
    RatedCurr                                0x0003f862   Data           6  factory.o(Protected)
    MaxCurr                                  0x0003f868   Data           6  factory.o(Protected)
    MinCurr                                  0x0003f86e   Data           6  factory.o(Protected)
    TrtCurr                                  0x0003f874   Data           6  factory.o(Protected)
    ActiveClass                              0x0003f87a   Data           4  factory.o(Protected)
    ReActiveClass                            0x0003f87e   Data           4  factory.o(Protected)
    MaterType                                0x0003f882   Data          32  factory.o(Protected)
    ProtocolVer                              0x0003f8a2   Data          16  factory.o(Protected)
    SoftwareVer1                             0x0003f8b2   Data          32  factory.o(Protected)
    HardwareVer1                             0x0003f8d2   Data          32  factory.o(Protected)
    FactoryNum                               0x0003f8f2   Data          32  factory.o(Protected)
    Softbk                                   0x0003f912   Data           8  factory.o(Protected)
    Facdate                                  0x0003f91a   Data          10  factory.o(Protected)
    Def_Meterconst_Bcd                       0x0003f924   Data           4  factory.o(Protected)
    Def_Meterconst_Hex                       0x0003f928   Data           1  factory.o(Protected)
    Def_Plusevalidtimer                      0x0003f929   Data           1  factory.o(Protected)
    resetworking_timer_delay                 0x0003f92a   Data           1  factory.o(Protected)
    Bps_9600                                 0x0003f92b   Data           1  factory.o(Protected)
    Zb_Comm_Timer_delay                      0x0003f92c   Data           2  factory.o(Protected)
    Mod_Comm_Timer_delay1                    0x0003f92e   Data           2  factory.o(Protected)
    Mod_Comm_Timer_delay2                    0x0003f930   Data           1  factory.o(Protected)
    Def_Erase_Times                          0x0003f931   Data           1  factory.o(Protected)
    const_xtl_top                            0x0003f934   Data           4  factory.o(Protected)
    const_KL                                 0x0003f938   Data           4  factory.o(Protected)
    const_KH                                 0x0003f93c   Data           4  factory.o(Protected)
    const_TmpsL                              0x0003f940   Data           4  factory.o(Protected)
    const_TmpsH                              0x0003f944   Data           4  factory.o(Protected)
    constF_Volt                              0x0003f948   Data           1  factory.o(Protected)
    const_adc_TrimB                          0x0003f94a   Data           2  factory.o(Protected)
    const_adc_TrimT                          0x0003f94c   Data           2  factory.o(Protected)
    const_KHKL_TrimRange                     0x0003f94e   Data           2  factory.o(Protected)
    const_T_OffsetRun                        0x0003f950   Data           4  factory.o(Protected)
    const_T_OffsetSlp                        0x0003f954   Data           4  factory.o(Protected)
    const_TopNoTrim                          0x0003f958   Data           1  factory.o(Protected)
    const_TopNTRange                         0x0003f959   Data           1  factory.o(Protected)
    const_T_CL                               0x0003f95c   Data           4  factory.o(Protected)
    const_T_CH                               0x0003f960   Data           4  factory.o(Protected)
    const_C_Mode                             0x0003f964   Data           1  factory.o(Protected)
    Relaytimer_Delay_N                       0x0003f965   Data           1  factory.o(Protected)
    Relaytimer_Delay_W                       0x0003f966   Data           1  factory.o(Protected)
    Defaultspacetimer                        0x0003f967   Data           1  factory.o(Protected)
    Defrelayerrorcnt_s                       0x0003f968   Data           1  factory.o(Protected)
    Defrelayerrorcount                       0x0003f969   Data           1  factory.o(Protected)
    Defrelayerrorcount_r                     0x0003f96a   Data           1  factory.o(Protected)
    Def_Dl_Difference                        0x0003f96b   Data           1  factory.o(Protected)
    Def_Plusefiltertimer                     0x0003f96c   Data           1  factory.o(Protected)
    Def_Plusefiltertimer2                    0x0003f96d   Data           1  factory.o(Protected)
    Adjclk_timer_delay_s                     0x0003f96e   Data           1  factory.o(Protected)
    Adjclk_timer_delay                       0x0003f96f   Data           1  factory.o(Protected)
    Defendenergyvoltage                      0x0003f970   Data           2  factory.o(Protected)
    Def_Shielding_I1                         0x0003f972   Data           1  factory.o(Protected)
    Def_Shielding_I2                         0x0003f973   Data           1  factory.o(Protected)
    Def_Shielding_Cos                        0x0003f974   Data           1  factory.o(Protected)
    Defcurrovercount                         0x0003f975   Data           1  factory.o(Protected)
    Defaultpdvoltage                         0x0003f976   Data           2  factory.o(Protected)
    Defaultpddelay                           0x0003f978   Data           1  factory.o(Protected)
    Deflowvoltagecount_s                     0x0003f979   Data           1  factory.o(Protected)
    Deflowvoltagecount                       0x0003f97a   Data           1  factory.o(Protected)
    Uoffset                                  0x0003f97c   Data           2  factory.o(Protected)
    Def_Powerdetcnt2                         0x0003f97e   Data           1  factory.o(Protected)
    ht7017_mclk                              0x0003f97f   Data           1  factory.o(Protected)
    Def_SelfHeat_I                           0x0003f980   Data           4  factory.o(Protected)
    Def_SelfHeat_Cancel                      0x0003f984   Data           1  factory.o(Protected)
    Def_Device_Id                            0x0003f988   Data           4  factory.o(Protected)
    Fulllcdbias                              0x0003f98c   Data           1  factory.o(Protected)
    Runlcdbias                               0x0003f98d   Data           1  factory.o(Protected)
    RunlLCDSET                               0x0003f98e   Data           1  factory.o(Protected)
    RunlLCDDRV                               0x0003f98f   Data           1  factory.o(Protected)
    Sleeplcdfreq                             0x0003f990   Data           1  factory.o(Protected)
    SleepLCDSET                              0x0003f991   Data           1  factory.o(Protected)
    SleepLCDDRV                              0x0003f992   Data           1  factory.o(Protected)
    Sleepvthreshold                          0x0003f994   Data          12  factory.o(Protected)
    Sleeplcdbias                             0x0003f9a0   Data           6  factory.o(Protected)
    def_powerdown_timer                      0x0003f9a6   Data           1  factory.o(Protected)
    def_meterrun_timer                       0x0003f9a7   Data           1  factory.o(Protected)
    def_coverdelaytimer                      0x0003f9a8   Data           1  factory.o(Protected)
    Defaultauthtimer                         0x0003f9aa   Data           2  factory.o(Protected)
    Defaultstartup                           0x0003f9ac   Data           1  factory.o(Protected)
    MAX_PSW_NUM                              0x0003f9ad   Data           1  factory.o(Protected)
    Defpassworderrcnt                        0x0003f9ae   Data           1  factory.o(Protected)
    Def_Vthreshold                           0x0003f9b0   Data           2  factory.o(Protected)
    Def_Vthreshold_H                         0x0003f9b2   Data           2  factory.o(Protected)
    Def_Relay_ActL                           0x0003f9b4   Data           2  factory.o(Protected)
    Def_Relay_ActH                           0x0003f9b6   Data           2  factory.o(Protected)
    Def_Relay_Det                            0x0003f9b8   Data           2  factory.o(Protected)
    disp_table                               0x0003f9bc   Data         168  factory.o(Protected)
    Def_Limitmenory_table                    0x0003fa64   Data          12  factory.o(Protected)
    Def_DisplayPara_table                    0x0003fa70   Data          29  factory.o(Protected)
    Def_SleepDisplayPara_table               0x0003fa8d   Data           8  factory.o(Protected)
    Def_Sleepdisp_table                      0x0003fa96   Data          32  factory.o(Protected)
    Def_featureword_table                    0x0003fab6   Data          32  factory.o(Protected)
    Def_weekloadpara_table                   0x0003fad6   Data          27  factory.o(Protected)
    Def_vollmtpara_table                     0x0003faf1   Data          26  factory.o(Protected)
    Def_Autodisp_table                       0x0003fb0c   Data          62  factory.o(Protected)
    Def_Keydisp_table                        0x0003fb4a   Data         124  factory.o(Protected)
    Def_freezeparameter_table                0x0003fbc6   Data          12  factory.o(Protected)
    Def_feik_table                           0x0003fbd2   Data           8  factory.o(Protected)
    Def_histroyparameter_table               0x0003fbda   Data           6  factory.o(Protected)
    Def_Password3_table                      0x0003fbe0   Data           4  factory.o(Protected)
    Def_Password4_table                      0x0003fbe4   Data           4  factory.o(Protected)
    Def_sqb_table1                           0x0003fbe8   Data          42  factory.o(Protected)
    Def_sqb_table2                           0x0003fc12   Data          42  factory.o(Protected)
    Def_sdb_table1                           0x0003fc3c   Data          42  factory.o(Protected)
    Def_sdb_table2                           0x0003fc66   Data          42  factory.o(Protected)
    Def_jtshiqu_table                        0x0003fc90   Data          12  factory.o(Protected)
    Def_jtshiqu_table2                       0x0003fc9c   Data          12  factory.o(Protected)
    NoInit                                   0x20000000   Data         496  mainproc.o(.ARM.__AT_0x20000000)
    SystemCoreClock                          0x20000200   Data           4  system_fm32l0xx3.o(.data)
    Meter_Status_S                           0x20000204   Data           1  mainproc.o(.data)
    Meter_Status1_S                          0x20000205   Data           1  mainproc.o(.data)
    Meter_Status2_S                          0x20000206   Data           1  mainproc.o(.data)
    System_Status_S                          0x20000207   Data           1  mainproc.o(.data)
    System_Status1_S                         0x20000208   Data           1  mainproc.o(.data)
    System_Status2_S                         0x20000209   Data           1  mainproc.o(.data)
    System_Status3_S                         0x2000020a   Data           1  mainproc.o(.data)
    System_Status4_S                         0x2000020b   Data           1  mainproc.o(.data)
    System_Status5_S                         0x2000020c   Data           1  mainproc.o(.data)
    AT7051_Flag_S                            0x2000020d   Data           1  mainproc.o(.data)
    AT7051_Flag2_S                           0x2000020e   Data           1  mainproc.o(.data)
    run_readrtc_flag                         0x2000020f   Data           1  mainproc.o(.data)
    run_display_flag                         0x20000210   Data           1  mainproc.o(.data)
    run_relaychk_flag                        0x20000211   Data           1  mainproc.o(.data)
    reg_veri_flag                            0x20000212   Data           1  mainproc.o(.data)
    DisKeySamp                               0x20000213   Data           1  mainproc.o(.data)
    Uart1KeySamp                             0x20000214   Data           1  mainproc.o(.data)
    VectorTimer                              0x20000215   Data           1  mainproc.o(.data)
    Key_Status                               0x20000216   Data           1  mainproc.o(.data)
    Outputtype                               0x20000217   Data           1  mainproc.o(.data)
    Successled                               0x20000218   Data           1  mainproc.o(.data)
    Shiduanctrl                              0x20000219   Data           1  mainproc.o(.data)
    Relayctrl                                0x2000021a   Data           1  mainproc.o(.data)
    Adcctrl                                  0x2000021b   Data           2  mainproc.o(.data)
    Lcdled                                   0x2000021e   Data           2  mainproc.o(.data)
    Identitytimer                            0x20000220   Data           4  mainproc.o(.data)
    IR_EnTimer                               0x20000224   Data           4  mainproc.o(.data)
    Opendelaytimer                           0x20000228   Data           4  mainproc.o(.data)
    CurrentTimer                             0x2000022c   Data           4  mainproc.o(.data)
    Relayerror_Count                         0x20000230   Data           1  mainproc.o(.data)
    Relayerror_Count1                        0x20000231   Data           1  mainproc.o(.data)
    Relayerror_Count2                        0x20000232   Data           1  mainproc.o(.data)
    Relay_Space_Timer                        0x20000233   Data           1  mainproc.o(.data)
    Keyclose_timer                           0x20000234   Data           1  mainproc.o(.data)
    Display_Space_Timer                      0x20000235   Data           1  mainproc.o(.data)
    Stop_Disptimer                           0x20000236   Data           2  mainproc.o(.data)
    Temperature_Hex                          0x20000238   Data           1  mainproc.o(.data)
    Temperature_Adc                          0x2000023a   Data           2  mainproc.o(.data)
    Rtcadj_Offset                            0x2000023c   Data           4  mainproc.o(.data)
    Rtcadj_Offset2                           0x20000240   Data           4  mainproc.o(.data)
    RtcStopProcFlag                          0x20000244   Data           1  mainproc.o(.data)
    Hw_Lcdled_Timer                          0x20000248   Data           4  mainproc.o(.data)
    Ext_Disp_Cnt                             0x2000024c   Data           2  mainproc.o(.data)
    Init_Led_Timer                           0x2000024e   Data           1  mainproc.o(.data)
    Cover_Space_Timer                        0x2000024f   Data           1  mainproc.o(.data)
    PowerDetCnt0                             0x20000250   Data           1  mainproc.o(.data)
    PowerDetCnt1                             0x20000251   Data           1  mainproc.o(.data)
    PowerDetCnt2                             0x20000252   Data           1  mainproc.o(.data)
    PowerDetCnt3                             0x20000253   Data           1  mainproc.o(.data)
    Resetworking_Timer                       0x20000254   Data           1  mainproc.o(.data)
    Current_Over_Count                       0x20000255   Data           1  mainproc.o(.data)
    Current_Over_Count2                      0x20000256   Data           1  mainproc.o(.data)
    Current_Over_Count3                      0x20000257   Data           1  mainproc.o(.data)
    Current_Over_Count4                      0x20000258   Data           1  mainproc.o(.data)
    Current_Over_Count5                      0x20000259   Data           1  mainproc.o(.data)
    Current_Over_Count41                     0x2000025a   Data           2  mainproc.o(.data)
    Current_Over_Count51                     0x2000025c   Data           2  mainproc.o(.data)
    Voltage_Low_Count                        0x2000025e   Data           1  mainproc.o(.data)
    Loadtime                                 0x2000025f   Data           4  mainproc.o(.data)
    Adj_Clk_Timer_S                          0x20000263   Data           1  mainproc.o(.data)
    Adj_Clk_Timer                            0x20000264   Data           1  mainproc.o(.data)
    ReportList                               0x20000265   Data           2  mainproc.o(.data)
    BkupReport                               0x20000267   Data           2  mainproc.o(.data)
    Meter_Run_Timer3                         0x20000269   Data           1  mainproc.o(.data)
    Lost_Aver_I                              0x2000026c   Data           4  mainproc.o(.data)
    Lost_V_Timer                             0x20000270   Data           4  mainproc.o(.data)
    Commmodule_Space_Timer                   0x20000274   Data           1  mainproc.o(.data)
    Zb_Comm_Timer                            0x20000276   Data           2  mainproc.o(.data)
    Zbbps                                    0x20000278   Data           1  mainproc.o(.data)
    Mod_Comm_Timer1                          0x2000027a   Data           2  mainproc.o(.data)
    Mod_Comm_Timer2                          0x2000027c   Data           1  mainproc.o(.data)
    Bat_Delay_Timer                          0x2000027d   Data           1  mainproc.o(.data)
    Bat_Change_Timer                         0x2000027e   Data           1  mainproc.o(.data)
    HardFault_Flag                           0x20000280   Data           4  mainproc.o(.data)
    Nline_Err_Count                          0x20000284   Data           1  mainproc.o(.data)
    Plusefiltertimer                         0x20000285   Data           1  mainproc.o(.data)
    Plusefiltertimer2                        0x20000286   Data           1  mainproc.o(.data)
    UpdateBps                                0x20000287   Data           1  mainproc.o(.data)
    EmuErrCnt                                0x20000288   Data           1  mainproc.o(.data)
    FlashTimer                               0x20000289   Data           1  mainproc.o(.data)
    FreezeBuf                                0x2000028a   Data           8  mainproc.o(.data)
    Powerd_Flag                              0x20000294   Data           4  mainproc.o(.data)
    Plusevalidtimer                          0x20000298   Data           1  mainproc.o(.data)
    SleepDisp_Timer                          0x2000029c   Data           4  mainproc.o(.data)
    Ble_CF                                   0x200002a0   Data           2  mainproc.o(.data)
    Ble_Step                                 0x200002a2   Data           1  mainproc.o(.data)
    Ble_Buf                                  0x200002a3   Data           8  mainproc.o(.data)
    Ble_RstTimer                             0x200002ac   Data           2  mainproc.o(.data)
    Ble_Reset                                0x200002ae   Data           1  mainproc.o(.data)
    Comm_Addr                                0x200002af   Data           8  mainproc.o(.data)
    Decimal                                  0x200002b7   Data           3  mainproc.o(.data)
    Display                                  0x200002ba   Data           3  mainproc.o(.data)
    Meter                                    0x200002bd   Data           7  mainproc.o(.data)
    Ic_Comm_RxPtr                            0x200002c4   Data           1  mainproc.o(.data)
    Ic_Comm_TxPtr                            0x200002c5   Data           1  mainproc.o(.data)
    Err_Sw12                                 0x200002c6   Data           2  mainproc.o(.data)
    PcRst8B                                  0x200002c8   Data           8  mainproc.o(.data)
    PcRand                                   0x200002d0   Data           8  mainproc.o(.data)
    EsamRst8B                                0x200002d8   Data           8  mainproc.o(.data)
    EsamRand                                 0x200002e0   Data           8  mainproc.o(.data)
    Esam_Timer                               0x200002e8   Data           1  mainproc.o(.data)
    MvFlash                                  0x200002ea   Data           8  mainproc.o(.data)
    SynEe                                    0x200002f2   Data           4  mainproc.o(.data)
    Ijtimer_Para                             0x200002f8   Data           8  mainproc.o(.data)
    Att7051_Calib2                           0x20000300   Data           8  uenergy-at.o(.data)
    Uav_Temp_Day                             0x20000308   Data           4  uenergy-at.o(.data)
    Uav_Cnt_Day                              0x2000030c   Data           4  uenergy-at.o(.data)
    Pav_Temp                                 0x20000310   Data           4  uenergy-at.o(.data)
    Iav_Temp                                 0x20000314   Data           4  uenergy-at.o(.data)
    Qav_Temp                                 0x20000318   Data           4  uenergy-at.o(.data)
    Uav_Temp                                 0x2000031c   Data           4  uenergy-at.o(.data)
    Pav_Cnt                                  0x20000320   Data           1  uenergy-at.o(.data)
    Iav_Cnt                                  0x20000321   Data           1  uenergy-at.o(.data)
    Qav_Cnt                                  0x20000322   Data           1  uenergy-at.o(.data)
    Uav_Cnt                                  0x20000323   Data           1  uenergy-at.o(.data)
    Back_Num                                 0x20000324   Data           1  uenergy-at.o(.data)
    Back_NumQ                                0x20000325   Data           1  uenergy-at.o(.data)
    Back_NumN                                0x20000326   Data           1  uenergy-at.o(.data)
    ht7017_ver                               0x20000327   Data           1  uenergy-at.o(.data)
    AStep                                    0x20000328   Data           1  uenergy-at.o(.data)
    AStep_Bk                                 0x20000329   Data           1  uenergy-at.o(.data)
    StepDetCnt                               0x2000032a   Data           1  uenergy-at.o(.data)
    PulseTemp                                0x2000032c   Data           4  uenergy-at.o(.data)
    SelfHeatTime                             0x20000330   Data           4  uenergy-at.o(.data)
    SelfStep                                 0x20000334   Data           1  uenergy-at.o(.data)
    SelfStep_Bk                              0x20000335   Data           1  uenergy-at.o(.data)
    SelfDetCnt                               0x20000336   Data           1  uenergy-at.o(.data)
    SelfICnt                                 0x20000337   Data           1  uenergy-at.o(.data)
    EUartBuf                                 0x20000338   Data           6  uenergy-at.o(.data)
    Sclock                                   0x20000340   Data          14  mainproc.o(.bss)
    RdLoadPara                               0x2000034e   Data         136  mainproc.o(.bss)
    DispBuf                                  0x200003d8   Data          40  mainproc.o(.bss)
    LoadBuf                                  0x20000400   Data          97  mainproc.o(.bss)
    Esam_Para                                0x20000461   Data          28  mainproc.o(.bss)
    Display_Para                             0x2000047d   Data          32  mainproc.o(.bss)
    Starttime                                0x2000049d   Data          22  mainproc.o(.bss)
    Emu_Para                                 0x200004b4   Data          24  mainproc.o(.bss)
    Price                                    0x200004cc   Data          85  mainproc.o(.bss)
    Tariff                                   0x20000521   Data          50  mainproc.o(.bss)
    Item                                     0x20000554   Data         400  mainproc.o(.bss)
    Emu_Data                                 0x200006e4   Data          56  mainproc.o(.bss)
    Fun_Para                                 0x2000071c   Data          12  mainproc.o(.bss)
    Eeprom                                   0x20000728   Data         385  mainproc.o(.bss)
    Uart                                     0x200008aa   Data        6088  mainproc.o(.bss)
    Week_Holiday                             0x20002072   Data          29  mainproc.o(.bss)
    Tpara                                    0x2000208f   Data          13  mainproc.o(.bss)
    Mode                                     0x2000209c   Data          38  mainproc.o(.bss)
    ADCResultArr                             0x200020c2   Data          66  mainproc.o(.bss)
    RTC_RT                                   0x20002104   Data          96  mainproc.o(.bss)
    Feik                                     0x20002164   Data          10  mainproc.o(.bss)
    Keeptime                                 0x20002170   Data          48  mainproc.o(.bss)
    VolLimit                                 0x200021a0   Data          28  mainproc.o(.bss)
    VolStatus                                0x200021bc   Data          56  mainproc.o(.bss)
    Ble_Connect                              0x200021f4   Data          45  mainproc.o(.bss)
    Ic_Comm_RxBuf                            0x20002221   Data         250  mainproc.o(.bss)
    Ic_Comm_TxBuf                            0x2000231b   Data         250  mainproc.o(.bss)
    SynFlash                                 0x20002418   Data          32  mainproc.o(.bss)
    Cal_Adj                                  0x20002438   Data          14  uenergy-at.o(.bss)
    SelfHeat                                 0x20002446   Data          50  uenergy-at.o(.bss)
    Att7051_Calib                            0x20002478   Data          64  uenergy-at.o(.bss)
    __initial_sp                             0x20005e00   Data           0  startup_fm32l0xx.o(STACK)



==============================================================================

Memory Map of the image

  Image Entry point : 0x000000c1

  Load Region LR_IROM1 (Base: 0x00000000, Size: 0x000221ac, Max: 0x0003b800, ABSOLUTE, COMPRESSED[0x00022074])

    Execution Region ER_IROM1 (Base: 0x00000000, Size: 0x0002206c, Max: 0xffffffff, ABSOLUTE)

    Base Addr    Size         Type   Attr      Idx    E Section Name        Object

    0x00000000   0x000000c0   Data   RO          990    RESET               startup_fm32l0xx.o
    0x000000c0   0x00000000   Code   RO         3705  * .ARM.Collect$$$$00000000  mc_p.l(entry.o)
    0x000000c0   0x00000004   Code   RO         3772    .ARM.Collect$$$$00000001  mc_p.l(entry2.o)
    0x000000c4   0x00000004   Code   RO         3775    .ARM.Collect$$$$00000004  mc_p.l(entry5.o)
    0x000000c8   0x00000000   Code   RO         3777    .ARM.Collect$$$$00000008  mc_p.l(entry7b.o)
    0x000000c8   0x00000000   Code   RO         3779    .ARM.Collect$$$$0000000A  mc_p.l(entry8b.o)
    0x000000c8   0x00000008   Code   RO         3780    .ARM.Collect$$$$0000000B  mc_p.l(entry9a.o)
    0x000000d0   0x00000000   Code   RO         3782    .ARM.Collect$$$$0000000D  mc_p.l(entry10a.o)
    0x000000d0   0x00000000   Code   RO         3784    .ARM.Collect$$$$0000000F  mc_p.l(entry11a.o)
    0x000000d0   0x00000004   Code   RO         3773    .ARM.Collect$$$$00002712  mc_p.l(entry2.o)
    0x000000d4   0x0000001c   Code   RO          991    .text               startup_fm32l0xx.o
    0x000000f0   0x0000002c   Code   RO         3708    .text               mc_p.l(uidiv.o)
    0x0000011c   0x00000028   Code   RO         3710    .text               mc_p.l(idiv.o)
    0x00000144   0x00000060   Code   RO         3712    .text               mc_p.l(uldiv.o)
    0x000001a4   0x0000004c   Code   RO         3714    .text               mc_p.l(ldiv.o)
    0x000001f0   0x0000007a   Code   RO         3716    .text               mc_p.l(llmul.o)
    0x0000026a   0x00000020   Code   RO         3718    .text               mc_p.l(llshl.o)
    0x0000028a   0x00000022   Code   RO         3720    .text               mc_p.l(llushr.o)
    0x000002ac   0x00000024   Code   RO         3722    .text               mc_p.l(memcpya.o)
    0x000002d0   0x00000024   Code   RO         3724    .text               mc_p.l(memseta.o)
    0x000002f4   0x000000b2   Code   RO         3728    .text               mf_p.l(fadd.o)
    0x000003a6   0x0000007a   Code   RO         3730    .text               mf_p.l(fmul.o)
    0x00000420   0x0000007c   Code   RO         3732    .text               mf_p.l(fdiv.o)
    0x0000049c   0x00000164   Code   RO         3734    .text               mf_p.l(dadd.o)
    0x00000600   0x000000d0   Code   RO         3736    .text               mf_p.l(dmul.o)
    0x000006d0   0x000000f0   Code   RO         3738    .text               mf_p.l(ddiv.o)
    0x000007c0   0x00000016   Code   RO         3740    .text               mf_p.l(fflti.o)
    0x000007d6   0x0000000e   Code   RO         3742    .text               mf_p.l(ffltui.o)
    0x000007e4   0x00000028   Code   RO         3744    .text               mf_p.l(dflti.o)
    0x0000080c   0x0000001c   Code   RO         3746    .text               mf_p.l(dfltui.o)
    0x00000828   0x0000002c   Code   RO         3748    .text               mf_p.l(dfltl.o)
    0x00000854   0x00000032   Code   RO         3750    .text               mf_p.l(ffixi.o)
    0x00000886   0x00000028   Code   RO         3752    .text               mf_p.l(ffixui.o)
    0x000008ae   0x00000002   PAD
    0x000008b0   0x00000048   Code   RO         3754    .text               mf_p.l(dfixi.o)
    0x000008f8   0x0000003c   Code   RO         3756    .text               mf_p.l(dfixui.o)
    0x00000934   0x00000050   Code   RO         3758    .text               mf_p.l(dfixl.o)
    0x00000984   0x00000040   Code   RO         3760    .text               mf_p.l(dfixul.o)
    0x000009c4   0x00000028   Code   RO         3762    .text               mf_p.l(f2d.o)
    0x000009ec   0x00000028   Code   RO         3764    .text               mf_p.l(cdcmple.o)
    0x00000a14   0x00000038   Code   RO         3766    .text               mf_p.l(d2f.o)
    0x00000a4c   0x00000014   Code   RO         3768    .text               mf_p.l(cfcmple.o)
    0x00000a60   0x00000014   Code   RO         3770    .text               mf_p.l(cfrcmple.o)
    0x00000a74   0x00000026   Code   RO         3786    .text               mc_p.l(llsshr.o)
    0x00000a9a   0x00000000   Code   RO         3788    .text               mc_p.l(iusefp.o)
    0x00000a9a   0x00000082   Code   RO         3789    .text               mf_p.l(fepilogue.o)
    0x00000b1c   0x000000be   Code   RO         3791    .text               mf_p.l(depilogue.o)
    0x00000bda   0x00000002   PAD
    0x00000bdc   0x00000024   Code   RO         3795    .text               mc_p.l(init.o)
    0x00000c00   0x0000003a   Code   RO         3805    .text               mc_p.l(__dczerorl.o)
    0x00000c3a   0x00000002   PAD
    0x00000c3c   0x0000001c   Code   RO          565    i.ADC_ChannelSel    fm32l0xx_anac.o
    0x00000c58   0x00000014   Code   RO          567    i.ADC_Disable       fm32l0xx_anac.o
    0x00000c6c   0x00000014   Code   RO          568    i.ADC_Enable        fm32l0xx_anac.o
    0x00000c80   0x00000014   Code   RO          571    i.ADC_ITDisable     fm32l0xx_anac.o
    0x00000c94   0x0000000c   Code   RO          573    i.ADC_SetTrim       fm32l0xx_anac.o
    0x00000ca0   0x00000158   Code   RO         3520    i.ATT7051SPIOp      uenergy-at.o
    0x00000df8   0x0000001c   Code   RO         3521    i.ATT7051WRPRO      uenergy-at.o
    0x00000e14   0x0000026c   Code   RO         3522    i.ATT7051_Check     uenergy-at.o
    0x00001080   0x00000f18   Code   RO         1442    i.Adc_Proc          init.o
    0x00001f98   0x000001f0   Code   RO         1443    i.AddNClock         init.o
    0x00002188   0x000000b0   Code   RO         2774    i.Add_Min_Clock     uartx.o
    0x00002238   0x000000a6   Code   RO         3164    i.AltFunIO          verify.o
    0x000022de   0x00000054   Code   RO         3165    i.AnalogIO          verify.o
    0x00002332   0x00000002   PAD
    0x00002334   0x00000050   Code   RO         2535    i.Auth_In_Out       u7816.o
    0x00002384   0x0000007c   Code   RO         2536    i.Authorization     u7816.o
    0x00002400   0x00000088   Code   RO         1600    i.BT1_IRQHandler    interrupt.o
    0x00002488   0x00000088   Code   RO         1601    i.BT2_IRQHandler    interrupt.o
    0x00002510   0x00000014   Code   RO          578    i.BUF4TST_BypassDisable  fm32l0xx_anac.o
    0x00002524   0x00000014   Code   RO          579    i.BUF4TST_BypassEn  fm32l0xx_anac.o
    0x00002538   0x0000001c   Code   RO          580    i.BUF4TST_ChannelSel  fm32l0xx_anac.o
    0x00002554   0x00000014   Code   RO          581    i.BUF4TST_Disable   fm32l0xx_anac.o
    0x00002568   0x00000014   Code   RO          582    i.BUF4TST_Enable    fm32l0xx_anac.o
    0x0000257c   0x00000044   Code   RO         3523    i.Backup_Para_7051  uenergy-at.o
    0x000025c0   0x0000008c   Code   RO         2263    i.Bcd2Hex           rtc.o
    0x0000264c   0x0000001c   Code   RO         2264    i.Bcd2Hex_LS        rtc.o
    0x00002668   0x00000026   Code   RO         2265    i.Bcd2Hex_SS        rtc.o
    0x0000268e   0x00000016   Code   RO         2266    i.Bcd_To_Hex        rtc.o
    0x000026a4   0x00000026   Code   RO         2775    i.BitValue          uartx.o
    0x000026ca   0x00000002   PAD
    0x000026cc   0x00000028   Code   RO         3166    i.Bkdl_Verify       verify.o
    0x000026f4   0x00000040   Code   RO         2777    i.Ble_Chk_Heart     uartx.o
    0x00002734   0x0000007c   Code   RO         2778    i.Ble_Frame_Cs      uartx.o
    0x000027b0   0x000000ac   Code   RO         2779    i.Ble_Init          uartx.o
    0x0000285c   0x0000004c   Code   RO         2780    i.Ble_Rst           uartx.o
    0x000028a8   0x00000024   Code   RO         2781    i.Ble_Rst_Judge     uartx.o
    0x000028cc   0x0000000e   Code   RO         2268    i.Byte2Short        rtc.o
    0x000028da   0x00000018   Code   RO         2269    i.Byte2uInt         rtc.o
    0x000028f2   0x0000000e   Code   RO         2270    i.Byte2uShort       rtc.o
    0x00002900   0x0000014c   Code   RO         2062    i.CalLoad           money.o
    0x00002a4c   0x00000128   Code   RO         2782    i.CalZhuhe          uartx.o
    0x00002b74   0x0000001c   Code   RO         2783    i.Cal_ChkSum        uartx.o
    0x00002b90   0x00000288   Code   RO         2784    i.Cal_Comb          uartx.o
    0x00002e18   0x00000154   Code   RO         2785    i.Cal_Comb_Usedl    uartx.o
    0x00002f6c   0x00000048   Code   RO         2537    i.Cal_Mac_Pro       u7816.o
    0x00002fb4   0x0000011c   Code   RO         3524    i.Cal_Pav           uenergy-at.o
    0x000030d0   0x00000054   Code   RO          999    i.CalcAbsDay        event.o
    0x00003124   0x0000001c   Code   RO         1000    i.CalcAbsMin        event.o
    0x00003140   0x0000001e   Code   RO         1001    i.CalcTime          event.o
    0x0000315e   0x00000002   PAD
    0x00003160   0x000002d4   Code   RO         2063    i.Calc_Pwr_Proc     money.o
    0x00003434   0x000000e8   Code   RO         3525    i.Calculate_Adj     uenergy-at.o
    0x0000351c   0x0000006c   Code   RO         2786    i.Calculate_Ah      uartx.o
    0x00003588   0x0000004c   Code   RO         2064    i.Calculate_Dl_G    money.o
    0x000035d4   0x00000064   Code   RO         1602    i.Calculate_Min     interrupt.o
    0x00003638   0x00000084   Code   RO         2065    i.Calculate_Overflow  money.o
    0x000036bc   0x00000048   Code   RO         2787    i.Calculate_Program_Cs  uartx.o
    0x00003704   0x00000054   Code   RO         2788    i.Calculate_Timer   uartx.o
    0x00003758   0x00000184   Code   RO         2538    i.CardTxRxFrame     u7816.o
    0x000038dc   0x000000c4   Code   RO         2437    i.Changecontrol_Process  tariff.o
    0x000039a0   0x00000020   Code   RO         3167    i.CheckNvicIrqEn    verify.o
    0x000039c0   0x00000012   Code   RO         3168    i.CheckSysReg       verify.o
    0x000039d2   0x00000002   PAD
    0x000039d4   0x000002fc   Code   RO         3526    i.Check_Err_Pro     uenergy-at.o
    0x00003cd0   0x0000001e   Code   RO         2271    i.ChkBufZero        rtc.o
    0x00003cee   0x0000003c   Code   RO         2789    i.ChkLastclockerrRcdTime  uartx.o
    0x00003d2a   0x00000036   Code   RO         3527    i.ChkPdRcdTime      uenergy-at.o
    0x00003d60   0x0000019c   Code   RO         1002    i.ClearPloadRec     event.o
    0x00003efc   0x0000018c   Code   RO         2539    i.Clear_Meter       u7816.o
    0x00004088   0x00000014   Code   RO         1444    i.Clear_Nv_Ram      init.o
    0x0000409c   0x0000004c   Code   RO         2540    i.Clear_Rand_Gene   u7816.o
    0x000040e8   0x0000000c   Code   RO         1445    i.Clear_W_Wdt       init.o
    0x000040f4   0x0000003c   Code   RO         1446    i.Clear_Wdt         init.o
    0x00004130   0x00000304   Code   RO         1447    i.Clk_Adj_Proc      init.o
    0x00004434   0x00000028   Code   RO         2790    i.ClockAddOne       uartx.o
    0x0000445c   0x0000003c   Code   RO         2541    i.CloseEsam         u7816.o
    0x00004498   0x0000004c   Code   RO         1208    i.CloseFlash        i2c.o
    0x000044e4   0x00000012   Code   RO         1603    i.Close_And_ClearIRQ  interrupt.o
    0x000044f6   0x00000002   PAD
    0x000044f8   0x000001bc   Code   RO         3169    i.Close_None_GPIO   verify.o
    0x000046b4   0x0000001a   Code   RO         3170    i.CloseeIO          verify.o
    0x000046ce   0x00000002   PAD
    0x000046d0   0x0000008c   Code   RO         2066    i.Closerelay        money.o
    0x0000475c   0x00000064   Code   RO         2067    i.Closerelay1       money.o
    0x000047c0   0x00000530   Code   RO         1003    i.ClrRecTimes       event.o
    0x00004cf0   0x00000038   Code   RO         2791    i.Clr_Commu_Relaydata  uartx.o
    0x00004d28   0x00000048   Code   RO         2792    i.Clr_Otherdata     uartx.o
    0x00004d70   0x00000054   Code   RO         2793    i.Clr_Reportdata    uartx.o
    0x00004dc4   0x00000030   Code   RO         2794    i.Clr_Reportnum     uartx.o
    0x00004df4   0x00000038   Code   RO         2795    i.Clr_Zero_Data     uartx.o
    0x00004e2c   0x0000003e   Code   RO         2272    i.Cmp_Bcd_Inv       rtc.o
    0x00004e6a   0x00000002   PAD
    0x00004e6c   0x0000003c   Code   RO         2273    i.Cmp_Clock         rtc.o
    0x00004ea8   0x0000002e   Code   RO         2274    i.Cmp_Data          rtc.o
    0x00004ed6   0x00000002   PAD
    0x00004ed8   0x00000020   Code   RO         2542    i.Cmp_Meter_Id      u7816.o
    0x00004ef8   0x000000f4   Code   RO         2543    i.ColdReset         u7816.o
    0x00004fec   0x00000054   Code   RO         3528    i.CommReadCalData   uenergy-at.o
    0x00005040   0x0000010c   Code   RO         2796    i.CommSetRtc        uartx.o
    0x0000514c   0x00000180   Code   RO         2797    i.CommSetRtc_Adj    uartx.o
    0x000052cc   0x000002d0   Code   RO         3529    i.CommWriteCalData  uenergy-at.o
    0x0000559c   0x00000018   Code   RO         2798    i.Comm_Auth_Judge   uartx.o
    0x000055b4   0x00000194   Code   RO         2799    i.Comm_Calculate_Comp_Rp  uartx.o
    0x00005748   0x00000084   Code   RO         2800    i.Comm_Calculate_Dl  uartx.o
    0x000057cc   0x000000ac   Code   RO         1998    i.Comm_Event_Proc   mainproc.o
    0x00005878   0x00000084   Code   RO         3530    i.Comm_Read_Reg     uenergy-at.o
    0x000058fc   0x00000200   Code   RO         3531    i.Comm_Write_Reg    uenergy-at.o
    0x00005afc   0x00000058   Code   RO         3171    i.Commaddr_Verify   verify.o
    0x00005b54   0x000001e0   Code   RO         1862    i.Commmodule_Check  iokey.o
    0x00005d34   0x00000070   Code   RO         1004    i.Comp_RpdltoEepromBuf  event.o
    0x00005da4   0x00000040   Code   RO         2438    i.Config_ShiQuLad_Proc  tariff.o
    0x00005de4   0x00000148   Code   RO         2439    i.Config_Shiduan_Process  tariff.o
    0x00005f2c   0x000004a0   Code   RO         1604    i.Configure_Register_Sleep  interrupt.o
    0x000063cc   0x000000e8   Code   RO         1863    i.Cover_Check       iokey.o
    0x000064b4   0x00000044   Code   RO         3172    i.Crc_16Bits        verify.o
    0x000064f8   0x0000001a   Code   RO         3173    i.Crc_16Bits_Add2   verify.o
    0x00006512   0x0000002a   Code   RO         3174    i.Crc_Check         verify.o
    0x0000653c   0x000000c8   Code   RO         2801    i.Decrypt           uartx.o
    0x00006604   0x00000034   Code   RO         1448    i.Delay_Initial     init.o
    0x00006638   0x0000001c   Code   RO         2544    i.Delay_Netu        u7816.o
    0x00006654   0x000000a8   Code   RO         1605    i.DeviceSleepCFG    interrupt.o
    0x000066fc   0x00000028   Code   RO         3175    i.Disable_I2C_IO    verify.o
    0x00006724   0x00000024   Code   RO         3176    i.Disable_Pulse     verify.o
    0x00006748   0x0000019c   Code   RO         1918    i.Disp_Dl_G_Dot     lcd.o
    0x000068e4   0x00000030   Code   RO         1919    i.Disp_Pw_Dot       lcd.o
    0x00006914   0x00000060   Code   RO         1920    i.Disp_Time_Dot     lcd.o
    0x00006974   0x0000004c   Code   RO         3177    i.Display_Para_Verify  verify.o
    0x000069c0   0x000000bc   Code   RO         3178    i.Displayitem_Verify  verify.o
    0x00006a7c   0x0000006c   Code   RO         1864    i.Displaykey_Check  iokey.o
    0x00006ae8   0x000000b4   Code   RO         1865    i.Displaykey_Process  iokey.o
    0x00006b9c   0x00000074   Code   RO         3179    i.Dl_Check          verify.o
    0x00006c10   0x0000002c   Code   RO         1005    i.DltoEepromBuf     event.o
    0x00006c3c   0x00000718   Code   RO         1606    i.ETIMER2_IRQHandler  interrupt.o
    0x00007354   0x00000054   Code   RO         1607    i.ETIMER4_IRQHandler  interrupt.o
    0x000073a8   0x00000054   Code   RO         3532    i.EmuRegOp          uenergy-at.o
    0x000073fc   0x00000048   Code   RO         3533    i.Emu_Para_Verify   uenergy-at.o
    0x00007444   0x00000100   Code   RO         3534    i.Emu_Reg_Verify    uenergy-at.o
    0x00007544   0x00000024   Code   RO         1866    i.Enable_Closerelay  iokey.o
    0x00007568   0x00000038   Code   RO         3180    i.Enable_I2C_IO     verify.o
    0x000075a0   0x00000002   Code   RO         3181    i.Enable_Led_IO     verify.o
    0x000075a2   0x00000002   PAD
    0x000075a4   0x00000028   Code   RO         3182    i.Enable_Pulse      verify.o
    0x000075cc   0x00000038   Code   RO         1999    i.Energy_Event_Proc  mainproc.o
    0x00007604   0x00000014   Code   RO         2233    i.Enter_Critical    money.o
    0x00007618   0x00000068   Code   RO         2545    i.EsamReset         u7816.o
    0x00007680   0x00000028   Code   RO         2546    i.Esam_Err_Report   u7816.o
    0x000076a8   0x00000158   Code   RO         3183    i.Esam_Para_Verify  verify.o
    0x00007800   0x00000208   Code   RO         1006    i.Event_Record      event.o
    0x00007a08   0x0000001a   Code   RO         1007    i.Exchange          event.o
    0x00007a22   0x0000000a   Code   RO         2238    i.Exit_Critical     money.o
    0x00007a2c   0x00000010   Code   RO         1608    i.FDET_IRQHandler   interrupt.o
    0x00007a3c   0x00000440   Code   RO         2547    i.Factory_Init      u7816.o
    0x00007e7c   0x0000002a   Code   RO         2548    i.FailKey           u7816.o
    0x00007ea6   0x00000002   PAD
    0x00007ea8   0x000000cc   Code   RO         3184    i.Fill_RTC_RT_TAdc  verify.o
    0x00007f74   0x000000c4   Code   RO         3185    i.Fill_RTC_RT_TVal  verify.o
    0x00008038   0x00000064   Code   RO         2440    i.FindSQ            tariff.o
    0x0000809c   0x000000f4   Code   RO         1008    i.FindSpecPos       event.o
    0x00008190   0x0000003c   Code   RO         2802    i.Find_EventTable   uartx.o
    0x000081cc   0x00000074   Code   RO         1209    i.FlashID           i2c.o
    0x00008240   0x00000078   Code   RO         1210    i.FlashID_Comm      i2c.o
    0x000082b8   0x000000c8   Code   RO         1211    i.Flash_Page_Write  i2c.o
    0x00008380   0x00000048   Code   RO         1212    i.Flash_RdSR1       i2c.o
    0x000083c8   0x00000068   Code   RO         1213    i.Flash_Rd_Bottom   i2c.o
    0x00008430   0x0000004c   Code   RO         1214    i.Flash_Sector_Erase  i2c.o
    0x0000847c   0x00000058   Code   RO         1215    i.Flash_WREN        i2c.o
    0x000084d4   0x00000170   Code   RO         1216    i.Flash_Write_Bottom  i2c.o
    0x00008644   0x00000074   Code   RO         1217    i.Flash_Write_Cycle  i2c.o
    0x000086b8   0x000000cc   Code   RO         1218    i.Flashaddr         i2c.o
    0x00008784   0x00000030   Code   RO         1009    i.Four_RpdltoEepromBuf  event.o
    0x000087b4   0x00000194   Code   RO         2441    i.Freeze_Change_Judge  tariff.o
    0x00008948   0x000001f0   Code   RO         2068    i.Freeze_Dl         money.o
    0x00008b38   0x00000158   Code   RO         2069    i.Freeze_Judge      money.o
    0x00008c90   0x00000190   Code   RO         2070    i.Freeze_Pddata     money.o
    0x00008e20   0x00000070   Code   RO         2071    i.Freeze_Usedl      money.o
    0x00008e90   0x00000028   Code   RO         3186    i.Fwdl_Verify       verify.o
    0x00008eb8   0x00000094   Code   RO          423    i.GPIO_Get_InitParam  fm32l0xx_gpio.o
    0x00008f4c   0x00000070   Code   RO          424    i.GPIO_Init         fm32l0xx_gpio.o
    0x00008fbc   0x00000004   Code   RO          429    i.GPIO_ResetBits    fm32l0xx_gpio.o
    0x00008fc0   0x00000004   Code   RO          430    i.GPIO_SetBits      fm32l0xx_gpio.o
    0x00008fc4   0x00000258   Code   RO         3535    i.Gain_Adjust       uenergy-at.o
    0x0000921c   0x0000007c   Code   RO         1449    i.GetADCResult      init.o
    0x00009298   0x00000036   Code   RO         3187    i.GetBps            verify.o
    0x000092ce   0x00000010   Code   RO         2549    i.GetKey            u7816.o
    0x000092de   0x00000002   PAD
    0x000092e0   0x0000001c   Code   RO         2550    i.GetKeyStatus      u7816.o
    0x000092fc   0x0000014c   Code   RO         2803    i.GetLcdNo          uartx.o
    0x00009448   0x0000007c   Code   RO         2551    i.GetPswBit         u7816.o
    0x000094c4   0x00000228   Code   RO         1219    i.GetRecAddr        i2c.o
    0x000096ec   0x00000158   Code   RO         1220    i.GetRecNum         i2c.o
    0x00009844   0x000000c0   Code   RO         1450    i.GetRtcRTrimVal    init.o
    0x00009904   0x0000004c   Code   RO         2552    i.GetSetBitNum      u7816.o
    0x00009950   0x0000000c   Code   RO         1845    i.GetSystemTicks    interrupt.o
    0x0000995c   0x00000018   Code   RO         1221    i.GetValtimes       i2c.o
    0x00009974   0x00000074   Code   RO         2553    i.Get_7816_Char     u7816.o
    0x000099e8   0x000000d0   Code   RO         3536    i.Get_Err_Data      uenergy-at.o
    0x00009ab8   0x00000028   Code   RO         1609    i.Get_Keep_Timer    interrupt.o
    0x00009ae0   0x00000058   Code   RO         2804    i.Get_Money_File    uartx.o
    0x00009b38   0x000000b8   Code   RO         2805    i.Get_RTCTop_Proc   uartx.o
    0x00009bf0   0x00000020   Code   RO         1610    i.HardFault_Handler  interrupt.o
    0x00009c10   0x00000088   Code   RO         2275    i.Hex2Bcd           rtc.o
    0x00009c98   0x00000100   Code   RO         2072    i.Hex2Bcd_Dl        money.o
    0x00009d98   0x00000088   Code   RO         2073    i.Hex2Bcd_Dl_G      money.o
    0x00009e20   0x00000026   Code   RO         2276    i.Hex2Bcd_SS        rtc.o
    0x00009e46   0x0000001c   Code   RO         2277    i.Hex_To_Bcd        rtc.o
    0x00009e62   0x00000002   PAD
    0x00009e64   0x000001e0   Code   RO         2074    i.Histroy_Freeze_Dl  money.o
    0x0000a044   0x00000050   Code   RO         2075    i.Hour_Freeze_Dl    money.o
    0x0000a094   0x0000009c   Code   RO         1222    i.I2C_Read_Bottom   i2c.o
    0x0000a130   0x00000098   Code   RO         1223    i.I2C_Read_Eeprom   i2c.o
    0x0000a1c8   0x00000030   Code   RO         1224    i.I2C_Read_Eeprom44  i2c.o
    0x0000a1f8   0x0000006e   Code   RO         1225    i.I2C_Write_Bottom  i2c.o
    0x0000a266   0x00000096   Code   RO         1226    i.I2C_Write_Eeprom  i2c.o
    0x0000a2fc   0x00000030   Code   RO         1227    i.I2C_Write_Eeprom44  i2c.o
    0x0000a32c   0x00000048   Code   RO         1228    i.I2c_Receive_Byte  i2c.o
    0x0000a374   0x00000048   Code   RO         1229    i.I2c_Send_Bit      i2c.o
    0x0000a3bc   0x0000004c   Code   RO         1230    i.I2c_Send_Byte     i2c.o
    0x0000a408   0x00000018   Code   RO         1451    i.I2c_Wait_5ms      init.o
    0x0000a420   0x0000002c   Code   RO         1452    i.IWDT_Init         init.o
    0x0000a44c   0x00000054   Code   RO         3537    i.Ib_K              uenergy-at.o
    0x0000a4a0   0x00000040   Code   RO         2076    i.InitVolSts        money.o
    0x0000a4e0   0x00000002   Code   RO         1453    i.Init_Arm0         init.o
    0x0000a4e2   0x00000002   PAD
    0x0000a4e4   0x00000064   Code   RO         3538    i.Init_Meter_Chip   uenergy-at.o
    0x0000a548   0x00000050   Code   RO         2077    i.Init_Metererrstatus  money.o
    0x0000a598   0x0000002c   Code   RO         1454    i.Init_Pad_Io       init.o
    0x0000a5c4   0x0000003c   Code   RO         1455    i.Init_RCHF_Trim    init.o
    0x0000a600   0x00000064   Code   RO         1456    i.Init_Relay        init.o
    0x0000a664   0x0000037c   Code   RO         1457    i.Init_System       init.o
    0x0000a9e0   0x00000074   Code   RO         3188    i.InputtIO          verify.o
    0x0000aa54   0x00000014   Code   RO         2278    i.Int2Byte          rtc.o
    0x0000aa68   0x00000028   Code   RO         1010    i.Inverse           event.o
    0x0000aa90   0x0000001a   Code   RO         2806    i.IsBCD             uartx.o
    0x0000aaaa   0x00000022   Code   RO         1231    i.IsFlashRec        i2c.o
    0x0000aacc   0x00000024   Code   RO         2807    i.IsMultiBcd        uartx.o
    0x0000aaf0   0x000000a8   Code   RO         3539    i.IxRMSOS_Adjust    uenergy-at.o
    0x0000ab98   0x00000070   Code   RO         2808    i.JTRecord          uartx.o
    0x0000ac08   0x00000018   Code   RO         2279    i.JudgeClockNoWeek  rtc.o
    0x0000ac20   0x00000030   Code   RO         2809    i.JudgeEndClock     uartx.o
    0x0000ac50   0x0000005c   Code   RO         2810    i.JudgeSwitch       uartx.o
    0x0000acac   0x0000004c   Code   RO         2811    i.JudgeSwitch2      uartx.o
    0x0000acf8   0x00000036   Code   RO         2442    i.JudgeYearClock    tariff.o
    0x0000ad2e   0x00000002   PAD
    0x0000ad30   0x00000398   Code   RO         1611    i.Judge_645_Frame   interrupt.o
    0x0000b0c8   0x000000f8   Code   RO         2280    i.Judge_Clock       rtc.o
    0x0000b1c0   0x00000034   Code   RO         2555    i.Judge_Edge        u7816.o
    0x0000b1f4   0x00000050   Code   RO         1612    i.Judge_Io_Status   interrupt.o
    0x0000b244   0x00000238   Code   RO         1613    i.Judge_MeterId     interrupt.o
    0x0000b47c   0x00000070   Code   RO         2812    i.Judge_Min_Space   uartx.o
    0x0000b4ec   0x00000074   Code   RO         2078    i.Judge_Relay_Delay  money.o
    0x0000b560   0x00000a58   Code   RO         3540    i.Judge_Uip_Data    uenergy-at.o
    0x0000bfb8   0x000008a4   Code   RO         1921    i.LCD_Num_Data      lcd.o
    0x0000c85c   0x00000030   Code   RO         1922    i.LCD_Table         lcd.o
    0x0000c88c   0x00000018   Code   RO         2443    i.Ladderdata_Check  tariff.o
    0x0000c8a4   0x00000008   Code   RO         1614    i.Lcd_Disp_Off      interrupt.o
    0x0000c8ac   0x0000000e   Code   RO         1615    i.Lcd_Disp_On       interrupt.o
    0x0000c8ba   0x00000002   PAD
    0x0000c8bc   0x0000009c   Code   RO         1923    i.Lcd_Disp_Zedl     lcd.o
    0x0000c958   0x00000d2c   Code   RO         1924    i.Lcd_Display       lcd.o
    0x0000d684   0x00000014   Code   RO         1925    i.Lcd_LCDEN_Off     lcd.o
    0x0000d698   0x00000014   Code   RO         1926    i.Lcd_LCDEN_On      lcd.o
    0x0000d6ac   0x00000158   Code   RO         1927    i.Lcd_Show_N        lcd.o
    0x0000d804   0x0000003c   Code   RO         1928    i.Lcd_Show_ZF       lcd.o
    0x0000d840   0x0000025c   Code   RO         1616    i.Lcdled_Control    interrupt.o
    0x0000da9c   0x00000208   Code   RO         1011    i.Load_Judge        event.o
    0x0000dca4   0x00000034   Code   RO         2813    i.LoopExchange      uartx.o
    0x0000dcd8   0x00000022   Code   RO         2814    i.LoopInverse       uartx.o
    0x0000dcfa   0x0000001e   Code   RO         2815    i.MacExchange       uartx.o
    0x0000dd18   0x00000038   Code   RO         2556    i.Mac_Err_Proc      u7816.o
    0x0000dd50   0x0000001c   Code   RO         3189    i.MeterIC_RST0      verify.o
    0x0000dd6c   0x0000001c   Code   RO         3190    i.MeterIC_RST1      verify.o
    0x0000dd88   0x00000024   Code   RO         3191    i.Meter_Const_Verify  verify.o
    0x0000ddac   0x000000d0   Code   RO         3192    i.Mode_Verify       verify.o
    0x0000de7c   0x00000090   Code   RO         2079    i.Mt_Alarmstatus_Judge  money.o
    0x0000df0c   0x0000001c   Code   RO         1617    i.NMI_Handler       interrupt.o
    0x0000df28   0x00000018   Code   RO         1458    i.NVIC_ClearPendingIRQ  init.o
    0x0000df40   0x00000018   Code   RO         1618    i.NVIC_ClearPendingIRQ  interrupt.o
    0x0000df58   0x00000018   Code   RO         1459    i.NVIC_DisableIRQ   init.o
    0x0000df70   0x00000018   Code   RO         1619    i.NVIC_DisableIRQ   interrupt.o
    0x0000df88   0x00000018   Code   RO         3193    i.NVIC_DisableIRQ   verify.o
    0x0000dfa0   0x00000018   Code   RO         1460    i.NVIC_EnableIRQ    init.o
    0x0000dfb8   0x00000018   Code   RO         1620    i.NVIC_EnableIRQ    interrupt.o
    0x0000dfd0   0x00000018   Code   RO         3194    i.NVIC_EnableIRQ    verify.o
    0x0000dfe8   0x00000078   Code   RO         1621    i.NVIC_SetPriority  interrupt.o
    0x0000e060   0x00000078   Code   RO         3195    i.NVIC_SetPriority  verify.o
    0x0000e0d8   0x00000094   Code   RO         1012    i.Note_Relay_Event  event.o
    0x0000e16c   0x0000036c   Code   RO         1461    i.Note_Reset_Number  init.o
    0x0000e4d8   0x000001c0   Code   RO         1013    i.Note_Run_Event    event.o
    0x0000e698   0x00000034   Code   RO         1014    i.Number_Add1       event.o
    0x0000e6cc   0x00000034   Code   RO         1462    i.Nvram_Judge       init.o
    0x0000e700   0x000002b4   Code   RO         3541    i.Offset_Adjust     uenergy-at.o
    0x0000e9b4   0x00000090   Code   RO         1232    i.OpenFlash         i2c.o
    0x0000ea44   0x000000cc   Code   RO         2080    i.Openrelay         money.o
    0x0000eb10   0x00000068   Code   RO         2081    i.Openrelay1        money.o
    0x0000eb78   0x00000072   Code   RO         3196    i.OutputIO          verify.o
    0x0000ebea   0x00000002   PAD
    0x0000ebec   0x00000084   Code   RO         3542    i.PH_Adjust         uenergy-at.o
    0x0000ec70   0x00000184   Code   RO         1622    i.Pd_Adc_Calculate  interrupt.o
    0x0000edf4   0x000002e4   Code   RO         2082    i.Pd_Calculate_Judge  money.o
    0x0000f0d8   0x00000230   Code   RO         2083    i.Pd_Histroyfreeze_Judge  money.o
    0x0000f308   0x00000218   Code   RO         2084    i.Pd_Hourfreeze_Judge  money.o
    0x0000f520   0x000000a0   Code   RO         1623    i.PowerError_Check  interrupt.o
    0x0000f5c0   0x00000420   Code   RO         1463    i.Powerd_Data_Process  init.o
    0x0000f9e0   0x000001c8   Code   RO         2444    i.Price_Judge       tariff.o
    0x0000fba8   0x00000098   Code   RO         2085    i.Process_Usedl     money.o
    0x0000fc40   0x00000068   Code   RO         2816    i.ProgramRecord     uartx.o
    0x0000fca8   0x0000013c   Code   RO         1624    i.RTC_IRQHandler    interrupt.o
    0x0000fde4   0x000005a4   Code   RO         2817    i.RdHisEvent        uartx.o
    0x00010388   0x000000fe   Code   RO         2818    i.RdHisPd           uartx.o
    0x00010486   0x00000002   PAD
    0x00010488   0x00000024   Code   RO         1015    i.RdRecTimes        event.o
    0x000104ac   0x00000934   Code   RO         2819    i.Rd_Relay_Buy_Rec  uartx.o
    0x00010de0   0x00000028   Code   RO         2557    i.ReadBinFile       u7816.o
    0x00010e08   0x00000108   Code   RO         2558    i.ReadBinWithMac    u7816.o
    0x00010f10   0x00000032   Code   RO         1233    i.ReadE2WithBackup  i2c.o
    0x00010f42   0x00000018   Code   RO         2445    i.ReadE2WithJieti   tariff.o
    0x00010f5a   0x00000002   PAD
    0x00010f5c   0x00000424   Code   RO         2820    i.ReadFreezedRec    uartx.o
    0x00011380   0x000007b8   Code   RO         1016    i.ReadLoadRec       event.o
    0x00011b38   0x00000040   Code   RO         2559    i.ReadRandom        u7816.o
    0x00011b78   0x00000024   Code   RO         2560    i.ReadRecFile       u7816.o
    0x00011b9c   0x00000048   Code   RO         1017    i.Read_Event_Number  event.o
    0x00011be4   0x00000060   Code   RO         1018    i.Read_Event_Point  event.o
    0x00011c44   0x00000024   Code   RO         2561    i.Read_Kx           u7816.o
    0x00011c68   0x00000100   Code   RO         2281    i.Read_Rtc          rtc.o
    0x00011d68   0x00000874   Code   RO         2282    i.Read_Sysclock     rtc.o
    0x000125dc   0x000007e8   Code   RO         3543    i.Read_UIP          uenergy-at.o
    0x00012dc4   0x00000074   Code   RO         3544    i.Read_UIPF         uenergy-at.o
    0x00012e38   0x000000d8   Code   RO         1020    i.Read_Uip_Data     event.o
    0x00012f10   0x000000c0   Code   RO         2821    i.Ready_Reportdata  uartx.o
    0x00012fd0   0x00000024   Code   RO         2446    i.RefreshPrice      tariff.o
    0x00012ff4   0x00000224   Code   RO         2822    i.Relay_Ctrl        uartx.o
    0x00013218   0x000002e0   Code   RO         1867    i.Relaystatus_Check  iokey.o
    0x000134f8   0x00000080   Code   RO         2823    i.ReportEvent       uartx.o
    0x00013578   0x00000378   Code   RO         2824    i.ReportProc        uartx.o
    0x000138f0   0x000001f8   Code   RO         2825    i.Report_Response   uartx.o
    0x00013ae8   0x00000078   Code   RO         1625    i.Reset             interrupt.o
    0x00013b60   0x00000034   Code   RO         3197    i.Rpdl_Verify       verify.o
    0x00013b94   0x00000018   Code   RO         2562    i.RxTxCommhead      u7816.o
    0x00013bac   0x000000f4   Code   RO         1626    i.SCover_Check      interrupt.o
    0x00013ca0   0x00000044   Code   RO         1234    i.SPI_Rx_Byte       i2c.o
    0x00013ce4   0x0000003c   Code   RO         1235    i.SPI_Tx_Byte       i2c.o
    0x00013d20   0x00000014   Code   RO          602    i.SVD_Disable       fm32l0xx_anac.o
    0x00013d34   0x00000014   Code   RO          603    i.SVD_Enable        fm32l0xx_anac.o
    0x00013d48   0x00000014   Code   RO         1627    i.SVD_IRQHandler    interrupt.o
    0x00013d5c   0x00000024   Code   RO          607    i.SVD_Init          fm32l0xx_anac.o
    0x00013d80   0x00000080   Code   RO         1628    i.Save_Keep_Timer   interrupt.o
    0x00013e00   0x000000c8   Code   RO         2000    i.Sclock_Event_Proc  mainproc.o
    0x00013ec8   0x00000034   Code   RO         2563    i.SelectFile        u7816.o
    0x00013efc   0x000000b4   Code   RO         1236    i.Sendaddr          i2c.o
    0x00013fb0   0x0000007c   Code   RO         2447    i.Sequence          tariff.o
    0x0001402c   0x00000014   Code   RO         2564    i.SetKey            u7816.o
    0x00014040   0x000000f0   Code   RO         2827    i.Set_Comm_Rate     uartx.o
    0x00014130   0x0000012c   Code   RO         2828    i.Set_Reportdata    uartx.o
    0x0001425c   0x00000098   Code   RO         2283    i.Set_Rtc           rtc.o
    0x000142f4   0x000000f0   Code   RO         2829    i.ShiquRecord       uartx.o
    0x000143e4   0x00000008   Code   RO         2284    i.Short2Byte        rtc.o
    0x000143ec   0x0000065c   Code   RO         1629    i.Sleep             interrupt.o
    0x00014a48   0x00000074   Code   RO         2565    i.Snd_7816_Byte     u7816.o
    0x00014abc   0x00000014   Code   RO         3198    i.Starttimer_Verify  verify.o
    0x00014ad0   0x0000027c   Code   RO         1630    i.Store_Data        interrupt.o
    0x00014d4c   0x00000024   Code   RO         1868    i.Store_Meterstatus  iokey.o
    0x00014d70   0x00000268   Code   RO         1237    i.SynEeprom         i2c.o
    0x00014fd8   0x000001d8   Code   RO         1238    i.SynFlashRec       i2c.o
    0x000151b0   0x00000028   Code   RO         2286    i.Syn_Clock         rtc.o
    0x000151d8   0x00000070   Code   RO          932    i.SystemInit        system_fm32l0xx3.o
    0x00015248   0x00000014   Code   RO         1418    i.SystemTicksInterval  i2c.o
    0x0001525c   0x00000064   Code   RO         3199    i.Temperpara_Verify  verify.o
    0x000152c0   0x00000024   Code   RO          933    i.TicksDelay        system_fm32l0xx3.o
    0x000152e4   0x00000028   Code   RO          934    i.TicksDelayMs      system_fm32l0xx3.o
    0x0001530c   0x0000001c   Code   RO          935    i.TicksDelayUs      system_fm32l0xx3.o
    0x00015328   0x0000023c   Code   RO         2448    i.Timezone_Judge    tariff.o
    0x00015564   0x00000130   Code   RO         1631    i.Tx_645_Frame      interrupt.o
    0x00015694   0x00000050   Code   RO         1632    i.UART0_IRQHandler  interrupt.o
    0x000156e4   0x00000050   Code   RO         1633    i.UART1_IRQHandler  interrupt.o
    0x00015734   0x00000054   Code   RO         1634    i.UART2_IRQHandler  interrupt.o
    0x00015788   0x0000005c   Code   RO         1635    i.UART5_IRQHandler  interrupt.o
    0x000157e4   0x00000088   Code   RO         3545    i.UIP_K             uenergy-at.o
    0x0001586c   0x00000058   Code   RO         3546    i.UartReadByte      uenergy-at.o
    0x000158c4   0x0000004c   Code   RO         3547    i.UartWriteByte     uenergy-at.o
    0x00015910   0x0000005c   Code   RO         1636    i.Uart_IE_Disable_Proc  interrupt.o
    0x0001596c   0x0000a22c   Code   RO         2830    i.Uart_Proc         uartx.o
    0x0001fb98   0x0000008c   Code   RO         1637    i.Uart_RXErr_Proc   interrupt.o
    0x0001fc24   0x00000088   Code   RO         2566    i.UpdataRunFile     u7816.o
    0x0001fcac   0x0000003c   Code   RO         2567    i.UpdateBinFile     u7816.o
    0x0001fce8   0x000003ac   Code   RO         2568    i.UpdateEepromKey   u7816.o
    0x00020094   0x000001fc   Code   RO         2569    i.UpdateEsamKey     u7816.o
    0x00020290   0x00000128   Code   RO         2831    i.UpdateSysPara     uartx.o
    0x000203b8   0x00000044   Code   RO         2570    i.Update_ESAM_Bin_Mac  u7816.o
    0x000203fc   0x000000c4   Code   RO         2001    i.Vector_Event_Proc  mainproc.o
    0x000204c0   0x00000070   Code   RO         3200    i.Veri_Btmr1        verify.o
    0x00020530   0x00000048   Code   RO         3201    i.Veri_Btmr1_Pcount  verify.o
    0x00020578   0x00000070   Code   RO         3202    i.Veri_Btmr2        verify.o
    0x000205e8   0x00000048   Code   RO         3203    i.Veri_Btmr2_Pcount  verify.o
    0x00020630   0x000000e8   Code   RO         3204    i.Veri_Clk_Gen      verify.o
    0x00020718   0x0000013c   Code   RO         3205    i.Veri_Disp         verify.o
    0x00020854   0x00000098   Code   RO         3206    i.Veri_Etmr2        verify.o
    0x000208ec   0x00000084   Code   RO         3207    i.Veri_Etmr4        verify.o
    0x00020970   0x0000001c   Code   RO         3208    i.Veri_I2c          verify.o
    0x0002098c   0x000003bc   Code   RO         3209    i.Veri_Pad          verify.o
    0x00020d48   0x0000006c   Code   RO         2832    i.Veri_Psw          uartx.o
    0x00020db4   0x0000009c   Code   RO         3210    i.Veri_Rtc          verify.o
    0x00020e50   0x00000064   Code   RO         3211    i.Veri_SVD_Ctrl     verify.o
    0x00020eb4   0x00000002   Code   RO         3212    i.Veri_Spi          verify.o
    0x00020eb6   0x00000002   PAD
    0x00020eb8   0x00000058   Code   RO         3213    i.Veri_Sys_Reg      verify.o
    0x00020f10   0x0000009c   Code   RO         3214    i.Veri_U7816        verify.o
    0x00020fac   0x000002f8   Code   RO         3215    i.Veri_Uart_All     verify.o
    0x000212a4   0x0000002c   Code   RO         3216    i.Veri_Wwdt         verify.o
    0x000212d0   0x0000006e   Code   RO         3217    i.Verify_Dl         verify.o
    0x0002133e   0x00000050   Code   RO         3218    i.Verify_para       verify.o
    0x0002138e   0x00000002   PAD
    0x00021390   0x00000224   Code   RO         2086    i.VolPassRate       money.o
    0x000215b4   0x00000014   Code   RO         1638    i.WWDT_IRQHandler   interrupt.o
    0x000215c8   0x00000010   Code   RO         1464    i.WWDT_Init         init.o
    0x000215d8   0x00000050   Code   RO         1239    i.Wait_for_end      i2c.o
    0x00021628   0x00000028   Code   RO         3219    i.Week_Holiday_Verify  verify.o
    0x00021650   0x0000019c   Code   RO         1639    i.Wr_Powerdown_Data  interrupt.o
    0x000217ec   0x00000002   Code   RO         2087    i.Wr_Pretime_Dayfreeze  money.o
    0x000217ee   0x00000002   PAD
    0x000217f0   0x00000034   Code   RO         2088    i.Wr_Pretime_Hisfreeze  money.o
    0x00021824   0x00000080   Code   RO         2571    i.WriteBinWithMac   u7816.o
    0x000218a4   0x0000003e   Code   RO         1240    i.WriteE2WithBackup  i2c.o
    0x000218e2   0x00000020   Code   RO         2449    i.WriteE2WithJieti  tariff.o
    0x00021902   0x00000002   PAD
    0x00021904   0x000000d8   Code   RO         1021    i.Write_Event_Point  event.o
    0x000219dc   0x00000090   Code   RO         1022    i.Write_Load_Point  event.o
    0x00021a6c   0x0000001a   Code   RO         2833    i.Xor_Data          uartx.o
    0x00021a86   0x00000002   PAD
    0x00021a88   0x000000e4   Code   RO         2834    i.Yc_Auth           uartx.o
    0x00021b6c   0x000000e0   Code   RO         2450    i.Year_Ladder_Judge  tariff.o
    0x00021c4c   0x0000002e   Code   RO         3793    i.__ARM_clz         mf_p.l(depilogue.o)
    0x00021c7a   0x00000030   Code   RO         3149    i.__ARM_common_ll_muluu  uartx.o
    0x00021caa   0x0000001c   Code   RO          295    i.__ARM_common_switch8  fm32l0xx_rcc.o
    0x00021cc6   0x0000000e   Code   RO         3799    i.__scatterload_copy  mc_p.l(handlers.o)
    0x00021cd4   0x00000002   Code   RO         3800    i.__scatterload_null  mc_p.l(handlers.o)
    0x00021cd6   0x0000000e   Code   RO         3801    i.__scatterload_zeroinit  mc_p.l(handlers.o)
    0x00021ce4   0x00000028   Code   RO         3220    i.feik_Num_Verify   verify.o
    0x00021d0c   0x0000001c   Code   RO         1465    i.isPowerOff        init.o
    0x00021d28   0x0000002e   Code   RO         2002    i.main              mainproc.o
    0x00021d56   0x00000002   PAD
    0x00021d58   0x000001c0   Data   RO         1023    .constdata          event.o
    0x00021f18   0x00000068   Data   RO         1241    .constdata          i2c.o
    0x00021f80   0x00000012   Data   RO         2005    .constdata          mainproc.o
    0x00021f92   0x00000006   PAD
    0x00021f98   0x00000050   Data   RO         2287    .constdata          rtc.o
    0x00021fe8   0x0000000c   Data   RO         2572    .constdata          u7816.o
    0x00021ff4   0x00000046   Data   RO         3549    .constdata          uenergy-at.o
    0x0002203a   0x00000002   PAD
    0x0002203c   0x00000030   Data   RO         3797    Region$$Table       anon$$obj.o


    Execution Region RW_IRAM1 (Base: 0x20000200, Size: 0x000022b8, Max: 0x00004c00, ABSOLUTE, COMPRESSED[0x00000008])

    Base Addr    Size         Type   Attr      Idx    E Section Name        Object

    0x20000200   0x00000004   Data   RW          936    .data               system_fm32l0xx3.o
    0x20000204   0x000000fc   Data   RW         2006    .data               mainproc.o
    0x20000300   0x0000003e   Data   RW         3550    .data               uenergy-at.o
    0x2000033e   0x00000002   PAD
    0x20000340   0x000020f8   Zero   RW         2004    .bss                mainproc.o
    0x20002438   0x00000080   Zero   RW         3548    .bss                uenergy-at.o


    Execution Region RW_IRAM2 (Base: 0x20004e00, Size: 0x00001000, Max: 0x00001200, ABSOLUTE)

    Base Addr    Size         Type   Attr      Idx    E Section Name        Object

    0x20004e00   0x00001000   Zero   RW          988    STACK               startup_fm32l0xx.o



  Load Region LR_IROM3 (Base: 0x0003f800, Size: 0x000004a8, Max: 0x00000800, ABSOLUTE)

    Execution Region PROTECT_ROM2 (Base: 0x0003f800, Size: 0x000004a8, Max: 0x00000800, ABSOLUTE)

    Base Addr    Size         Type   Attr      Idx    E Section Name        Object

    0x0003f800   0x000004a8   Data   RO         1187    Protected           factory.o



  Load Region LR$$.ARM.__AT_0x20000000 (Base: 0x20000000, Size: 0x00000000, Max: 0x000001f0, ABSOLUTE)

    Execution Region ER$$.ARM.__AT_0x20000000 (Base: 0x20000000, Size: 0x000001f0, Max: 0x000001f0, ABSOLUTE, UNINIT)

    Base Addr    Size         Type   Attr      Idx    E Section Name        Object

    0x20000000   0x000001f0   Zero   RW         2003    .ARM.__AT_0x20000000  mainproc.o


==============================================================================

Image component sizes


      Code (inc. data)   RO Data    RW Data    ZI Data      Debug   Object Name

      6840        484        448          0          0      45943   event.o
         0          0       1192          0          0       7512   factory.o
       284         76          0          0          0       7135   fm32l0xx_anac.o
       268          0          0          0          0       3221   fm32l0xx_gpio.o
        28          0          0          0          0         76   fm32l0xx_rcc.o
         0          0          0          0          0      25888   fm32l0xx_spi.o
         0          0          0          0          0       1444   fm32l0xx_uart.o
      5130        232        104          0          0      29269   i2c.o
      8858        868          0          0          0      24917   init.o
     11100       1000          0          0          0      35604   interrupt.o
      1808        212          0          0          0       4817   iokey.o
      6788        326          0          0          0       9785   lcd.o
       670         46         18        252       8936       9646   mainproc.o
      7140        472          0          0          0      21806   money.o
      3592        302         80          0          0      16602   rtc.o
        28          8        192          0       4096        684   startup_fm32l0xx.o
       216         46          0          4          0      12407   system_fm32l0xx3.o
      2638        182          0          0          0      10165   tariff.o
      5734        502         12          0          0      26084   u7816.o
     55852       2684          0          0          0      69244   uartx.o
     11326        990         70         62        128      26677   uenergy-at.o
      7056        590          0          0          0      42145   verify.o

    ----------------------------------------------------------------------
    135404       9020       2172        320      13160     431071   Object Totals
         0          0         48          0          0          0   (incl. Generated)
        48          0          8          2          0          0   (incl. Padding)

    ----------------------------------------------------------------------

      Code (inc. data)   RO Data    RW Data    ZI Data      Debug   Library Member Name

        58          0          0          0          0          0   __dczerorl.o
         0          0          0          0          0          0   entry.o
         0          0          0          0          0          0   entry10a.o
         0          0          0          0          0          0   entry11a.o
         8          4          0          0          0          0   entry2.o
         4          0          0          0          0          0   entry5.o
         0          0          0          0          0          0   entry7b.o
         0          0          0          0          0          0   entry8b.o
         8          4          0          0          0          0   entry9a.o
        30          0          0          0          0          0   handlers.o
        40          0          0          0          0         72   idiv.o
        36          8          0          0          0         68   init.o
         0          0          0          0          0          0   iusefp.o
        76          0          0          0          0         76   ldiv.o
       122          0          0          0          0         84   llmul.o
        32          0          0          0          0         68   llshl.o
        38          0          0          0          0         68   llsshr.o
        34          0          0          0          0         68   llushr.o
        36          0          0          0          0         60   memcpya.o
        36          0          0          0          0        100   memseta.o
        44          0          0          0          0         72   uidiv.o
        96          0          0          0          0         84   uldiv.o
        40          2          0          0          0         68   cdcmple.o
        20          0          0          0          0         68   cfcmple.o
        20          0          0          0          0         68   cfrcmple.o
        56          0          0          0          0         68   d2f.o
       356          4          0          0          0        140   dadd.o
       240          6          0          0          0         84   ddiv.o
       236          0          0          0          0        216   depilogue.o
        72         10          0          0          0         72   dfixi.o
        80          8          0          0          0         72   dfixl.o
        60         10          0          0          0         68   dfixui.o
        64         10          0          0          0         68   dfixul.o
        40          6          0          0          0         68   dflti.o
        44          6          0          0          0         72   dfltl.o
        28          4          0          0          0         68   dfltui.o
       208          6          0          0          0         88   dmul.o
        40          0          0          0          0         60   f2d.o
       178          0          0          0          0        108   fadd.o
       124          0          0          0          0         72   fdiv.o
       130          0          0          0          0        144   fepilogue.o
        50          0          0          0          0         60   ffixi.o
        40          0          0          0          0         60   ffixui.o
        22          0          0          0          0         68   fflti.o
        14          0          0          0          0         68   ffltui.o
       122          0          0          0          0         72   fmul.o

    ----------------------------------------------------------------------
      2988         88          0          0          0       2820   Library Totals
         6          0          0          0          0          0   (incl. Padding)

    ----------------------------------------------------------------------

      Code (inc. data)   RO Data    RW Data    ZI Data      Debug   Library Name

       698         16          0          0          0        820   mc_p.l
      2284         72          0          0          0       2000   mf_p.l

    ----------------------------------------------------------------------
      2988         88          0          0          0       2820   Library Totals

    ----------------------------------------------------------------------

==============================================================================


      Code (inc. data)   RO Data    RW Data    ZI Data      Debug   

    138392       9108       2172        320      13160     414643   Grand Totals
    138392       9108       2172          8      13160     414643   ELF Image Totals (compressed)
    138392       9108       2172          8          0          0   ROM Totals

==============================================================================

    Total RO  Size (Code + RO Data)               140564 ( 137.27kB)
    Total RW  Size (RW Data + ZI Data)             13480 (  13.16kB)
    Total ROM Size (Code + RO Data + RW Data)     140572 ( 137.28kB)

==============================================================================

