<html>
<body>
<pre>
<h1>礦ision Build Log</h1>
<h2>Tool Versions:</h2>
IDE-Version: μVision V5.17.0.0
Copyright (C) 2015 ARM Ltd and ARM Germany GmbH. All rights reserved.
License Information: lzy liu, chint, LIC=TIVNB-2V3BV-UHT8H-W2JIQ-BTK5W-5432M
 
Tool Versions:
Toolchain:       MDK-ARM Standard  Version: 5.17
Toolchain Path:  C:\Keil_v5\ARM\ARMCC\Bin
C Compiler:      Armcc.exe V5.06 update 1 (build 61)
Assembler:       Armasm.exe V5.06 update 1 (build 61)
Linker/Locator:  ArmLink.exe V5.06 update 1 (build 61)
Library Manager: ArmAr.exe V5.06 update 1 (build 61)
Hex Converter:   FromElf.exe V5.06 update 1 (build 61)
CPU DLL:         SARMCM3.DLL V5.17
Dialog DLL:      DARMCM1.DLL V1.12.0.0
Target DLL:      Segger\JL2CM3.dll V2.99.16.0
Dialog DLL:      TARMCM1.DLL V1.9.0.0
 
<h2>Project:</h2>
d:\Users\ybliuzy\Desktop\提交测试\V9\内置\sendfm33a0新标准南网645表程序v2.0h_内置\KeilM645N\Keil_M01.uvprojx
Project File Date:  09/16/2021

<h2>Output:</h2>
*** Using Compiler 'V5.06 update 1 (build 61)', folder: 'C:\Keil_v5\ARM\ARMCC\Bin'
Rebuild target 'A04_256_24'
compiling fm32l0xx_uart.c...
compiling fm32l0xx_rcc.c...
compiling fm32l0xx_rtc.c...
compiling fm32l0xx_scu.c...
compiling fm32l0xx_spi.c...
compiling fm32l0xx_nvmif.c...
compiling fm32l0xx_i2c.c...
compiling fm32l0xx_iwdg.c...
compiling fm32l0xx_gpio.c...
compiling fm32l0xx_dma.c...
assembling startup_FM32L0XX.s...
compiling system_fm32l0xx_active.c...
compiling fm32l0xx_anac.c...
compiling system_FM32L0XX3.c...
compiling system_fm32l0xx_lowpower.c...
compiling Factory.c...
compiling event.c...
compiling i2c.c...
compiling init.c...
compiling interrupt.c...
compiling iokey.c...
compiling mainproc.c...
compiling LCD.c...
compiling money.c...
compiling rtc.c...
compiling tariff.c...
compiling u7816.c...
compiling verify.c...
compiling UEnergy-at.C...
compiling uartx.c...
linking...
Program Size: Code=96540 RO-data=2168 RW-data=304 ZI-data=13168  
FromELF: creating hex file...
After Build - User command #1: fromelf.exe --bin --output=out/M01_A04.bin Objects/M01_A04.axf
After Build - User command #2: cmd.exe /C copy  Objects\M01_A04.hex out\M01_A04.hex
已复制         1 个文件。
".\Objects\FFF0033F31992011.axf" - 0 Error(s), 0 Warning(s).

<h2>Collection of Component include folders:</h2>
  d:\Users\ybliuzy\Desktop\提交测试\V9\内置\sendfm33a0新标准南网645表程序v2.0h_内置\KeilM645N\RTE
  C:\Keil_v5\ARM\PACK\Keil\FM32LXX_DFP\0.0.6\Device\Include

<h2>Collection of Component Files used:</h2>
Build Time Elapsed:  00:00:19
</pre>
</body>
</html>
